check:surface-census — per-surface GR-1 census (Task 817)
    Surface: src/app/[locale]/[slug]/page.tsx
    Nodes visited: 2
    Local import edges resolved (from tier-1 nodes): 5
    Non-rendered local imports skipped (hooks/utils/consts/context/type-only): 4
    Tier-3 nodes excluded from recursion, owner-filed (0): none
    Barrel hops unwrapped (single-hop, index.ts/tsx re-export): 0
    Barrel edges NOT unwrapped (reported at the barrel file itself): 0
    className is counted as JsxAttribute nodes named "className" via the TypeScript AST (whole file).
    ui-imports is counted as RENDERED, non-type-only import bindings in that node's own file resolving
    under src/components/ui/* (a co-located .module.css or hook sibling is never a rendered JSX tag).
    story:yes means a canonical Mantine story imports the node directly OR through a single-hop index.ts(x)
    barrel re-export (same resolution the render-side walk uses) — never merely its parent (GR-3).
    Nodes whose source could not be parsed (unreadable, or real TypeScript parse errors): 0
    Cannot see: dynamic import(), React.lazy(), and components rendered only from a .stories.tsx file.
    Task 831 R11: a .ts root is not a component; a .ts module that renders through createElement or
    re-exports a component under a non-barrel name is not walked.
    Canonical Mantine story files consulted: 125 (of 164 total *.stories.ts(x)).

NODES (2):
    src/app/[locale]/[slug]/page.tsx  tier:tier1  manifest:no  story:no  className:0  ui-imports:0  parent:(root surface)
    src/modules/cms/components/CmsPageView.tsx  tier:tier1  manifest:yes  story:yes  className:0  ui-imports:0  parent:src/app/[locale]/[slug]/page.tsx

node.exe : FAIL  src/app/[locale]/[slug]/page.tsx  [tier1-unenrolled-or-unstoried]
At line:2 char:1
+ node.exe scripts\check-surface-census.mjs --surface "src/app/[locale] ...
+ ~~~~~~~~~~~~~~~~~~~~~~~~~~~~~~~~~~~~~~~~~~~~~~~~~~~~~~~~~~~~~~~~~~~~~
    + CategoryInfo          : NotSpecified: (FAIL  src/app/[...d-or-unstoried]:String) [], RemoteException
    + FullyQualifiedErrorId : NativeCommandError
 
  Fix: Migrate this component, give it its own canonical Mantine Story, and add it to 
scripts/mantine-migration-scope.json — or, if it is a tier-3 shared component owned by another surface, add it to 
scripts/rendered-scope-allowlist.json with a reason and an owning task number.

GR-1 CENSUS BLOCKED — src/app/[locale]/[slug]/page.tsx

Docs: docs/golden-rules.md GR-1, docs/agent-contract.md 16d.
EXIT_CODE=1
