story=default locale=en width=320 scrollWidth=320 innerWidth=320 title=20px h2=18px p=16px li=16px
story=default locale=en width=390 scrollWidth=390 innerWidth=390 title=20px h2=18px p=16px li=16px
story=default locale=en width=640 scrollWidth=640 innerWidth=640 title=24px h2=20px p=16px li=16px
story=default locale=en width=768 scrollWidth=768 innerWidth=768 title=30px h2=24px p=16px li=16px
story=default locale=en width=1024 scrollWidth=1024 innerWidth=1024 title=30px h2=24px p=16px li=16px
story=default locale=en width=1440 scrollWidth=1440 innerWidth=1440 title=30px h2=24px p=16px li=16px
story=default locale=uk width=320 scrollWidth=320 innerWidth=320 title=20px h2=18px p=16px li=16px
story=default locale=uk width=390 scrollWidth=390 innerWidth=390 title=20px h2=18px p=16px li=16px
story=default locale=uk width=640 scrollWidth=640 innerWidth=640 title=24px h2=20px p=16px li=16px
story=default locale=uk width=768 scrollWidth=768 innerWidth=768 title=30px h2=24px p=16px li=16px
story=default locale=uk width=1024 scrollWidth=1024 innerWidth=1024 title=30px h2=24px p=16px li=16px
story=default locale=uk width=1440 scrollWidth=1440 innerWidth=1440 title=30px h2=24px p=16px li=16px
story=title-only locale=en width=320 scrollWidth=320 innerWidth=320 title=20px h2=null p=null li=null
story=title-only locale=en width=390 scrollWidth=390 innerWidth=390 title=20px h2=null p=null li=null
story=title-only locale=en width=640 scrollWidth=640 innerWidth=640 title=24px h2=null p=null li=null
story=title-only locale=en width=768 scrollWidth=768 innerWidth=768 title=30px h2=null p=null li=null
story=title-only locale=en width=1024 scrollWidth=1024 innerWidth=1024 title=30px h2=null p=null li=null
story=title-only locale=en width=1440 scrollWidth=1440 innerWidth=1440 title=30px h2=null p=null li=null
story=title-only locale=uk width=320 scrollWidth=320 innerWidth=320 title=20px h2=null p=null li=null
story=title-only locale=uk width=390 scrollWidth=390 innerWidth=390 title=20px h2=null p=null li=null
story=title-only locale=uk width=640 scrollWidth=640 innerWidth=640 title=24px h2=null p=null li=null
story=title-only locale=uk width=768 scrollWidth=768 innerWidth=768 title=30px h2=null p=null li=null
story=title-only locale=uk width=1024 scrollWidth=1024 innerWidth=1024 title=30px h2=null p=null li=null
story=title-only locale=uk width=1440 scrollWidth=1440 innerWidth=1440 title=30px h2=null p=null li=null
story=body-only locale=en width=320 scrollWidth=320 innerWidth=320 title=null h2=18px p=16px li=16px
story=body-only locale=en width=390 scrollWidth=390 innerWidth=390 title=null h2=18px p=16px li=16px
story=body-only locale=en width=640 scrollWidth=640 innerWidth=640 title=null h2=20px p=16px li=16px
story=body-only locale=en width=768 scrollWidth=768 innerWidth=768 title=null h2=24px p=16px li=16px
story=body-only locale=en width=1024 scrollWidth=1024 innerWidth=1024 title=null h2=24px p=16px li=16px
story=body-only locale=en width=1440 scrollWidth=1440 innerWidth=1440 title=null h2=24px p=16px li=16px
story=body-only locale=uk width=320 scrollWidth=320 innerWidth=320 title=null h2=18px p=16px li=16px
story=body-only locale=uk width=390 scrollWidth=390 innerWidth=390 title=null h2=18px p=16px li=16px
story=body-only locale=uk width=640 scrollWidth=640 innerWidth=640 title=null h2=20px p=16px li=16px
story=body-only locale=uk width=768 scrollWidth=768 innerWidth=768 title=null h2=24px p=16px li=16px
story=body-only locale=uk width=1024 scrollWidth=1024 innerWidth=1024 title=null h2=24px p=16px li=16px
story=body-only locale=uk width=1440 scrollWidth=1440 innerWidth=1440 title=null h2=24px p=16px li=16px
story=long-title-wrap locale=en width=320 scrollWidth=320 innerWidth=320 title=20px h2=null p=null li=null
story=long-title-wrap locale=en width=390 scrollWidth=390 innerWidth=390 title=20px h2=null p=null li=null
story=long-title-wrap locale=en width=640 scrollWidth=640 innerWidth=640 title=24px h2=null p=null li=null
story=long-title-wrap locale=en width=768 scrollWidth=768 innerWidth=768 title=30px h2=null p=null li=null
story=long-title-wrap locale=en width=1024 scrollWidth=1024 innerWidth=1024 title=30px h2=null p=null li=null
story=long-title-wrap locale=en width=1440 scrollWidth=1440 innerWidth=1440 title=30px h2=null p=null li=null
story=long-title-wrap locale=uk width=320 scrollWidth=320 innerWidth=320 title=20px h2=null p=null li=null
story=long-title-wrap locale=uk width=390 scrollWidth=390 innerWidth=390 title=20px h2=null p=null li=null
story=long-title-wrap locale=uk width=640 scrollWidth=640 innerWidth=640 title=24px h2=null p=null li=null
story=long-title-wrap locale=uk width=768 scrollWidth=768 innerWidth=768 title=30px h2=null p=null li=null
story=long-title-wrap locale=uk width=1024 scrollWidth=1024 innerWidth=1024 title=30px h2=null p=null li=null
story=long-title-wrap locale=uk width=1440 scrollWidth=1440 innerWidth=1440 title=30px h2=null p=null li=null
story=rich-body locale=en width=320 scrollWidth=320 innerWidth=320 title=20px h2=18px p=16px li=16px
story=rich-body locale=en width=390 scrollWidth=390 innerWidth=390 title=20px h2=18px p=16px li=16px
story=rich-body locale=en width=640 scrollWidth=640 innerWidth=640 title=24px h2=20px p=16px li=16px
story=rich-body locale=en width=768 scrollWidth=768 innerWidth=768 title=30px h2=24px p=16px li=16px
story=rich-body locale=en width=1024 scrollWidth=1024 innerWidth=1024 title=30px h2=24px p=16px li=16px
story=rich-body locale=en width=1440 scrollWidth=1440 innerWidth=1440 title=30px h2=24px p=16px li=16px
story=rich-body locale=uk width=320 scrollWidth=320 innerWidth=320 title=20px h2=18px p=16px li=16px
story=rich-body locale=uk width=390 scrollWidth=390 innerWidth=390 title=20px h2=18px p=16px li=16px
story=rich-body locale=uk width=640 scrollWidth=640 innerWidth=640 title=24px h2=20px p=16px li=16px
story=rich-body locale=uk width=768 scrollWidth=768 innerWidth=768 title=30px h2=24px p=16px li=16px
story=rich-body locale=uk width=1024 scrollWidth=1024 innerWidth=1024 title=30px h2=24px p=16px li=16px
story=rich-body locale=uk width=1440 scrollWidth=1440 innerWidth=1440 title=30px h2=24px p=16px li=16px
