=== REVERT ARM (pre-Phase-2: still non-zero due to 86 pre-existing repo violations; genuine 0-exit revert-arm re-captured after Phase 2 sweep) ===

> lero-al@0.1.0 check:design-tokens
> node scripts/check-design-tokens.mjs --strict

🔍  check:design-tokens — scanning 457 src/**/*.{tsx,ts,css} files
    (excludes globals.css, *.stories.tsx, *.test.tsx, and allowlisted paths)

  ── UI  (2 findings) ──
  src/components/ui/PasswordRequirementsHint.tsx  (2)
    :31  [raw-dimension-prop:raw numeric dimension/size prop]  "size={14}"
    :33  [raw-dimension-prop:raw numeric dimension/size prop]  "size={14}"

  ── SHARED  (13 findings) ──
  src/components/shared/AgentCtaButton.tsx  (1)
    :19  [raw-dimension-prop:raw numeric dimension/size prop]  "size={16}"
  src/components/shared/FiltersPanel.tsx  (1)
    :114  [raw-dimension-prop:raw numeric dimension/size prop]  "size={16}"
  src/components/shared/HeroSearchFallback.tsx  (1)
    :22  [raw-dimension-prop:raw numeric dimension/size prop]  "maw={768}"
  src/components/shared/HeroSearchView.tsx  (2)
    :135  [raw-dimension-prop:raw numeric dimension/size prop]  "size={16}"
    :145  [raw-dimension-prop:raw numeric dimension/size prop]  "size={16}"
  src/components/shared/HowItWorksSteps.tsx  (4)
    :31  [raw-dimension-prop:raw numeric dimension/size prop]  "maw={768}"
    :37  [raw-dimension-prop:raw numeric dimension/size prop]  "size={56}"
    :38  [raw-dimension-prop:raw numeric dimension/size prop]  "size={24}"
    :41  [raw-dimension-prop:raw numeric dimension/size prop]  "size={24}"
  src/components/shared/LocaleSwitcher.tsx  (2)
    :56  [raw-dimension-prop:raw numeric dimension/size prop]  "size={12}"
    :56  [raw-dimension-prop:raw numeric dimension/size prop]  "size={12}"
  src/components/shared/LocationCombobox.tsx  (1)
    :121  [raw-dimension-prop:raw numeric dimension/size prop]  "size={16}"
  src/components/shared/YearCombobox.tsx  (1)
    :56  [raw-dimension-prop:raw numeric dimension/size prop]  "size={16}"

  ── LAYOUT  (13 findings) ──
  src/components/layout/HeaderActions.tsx  (2)
    :34  [raw-dimension-prop:raw numeric dimension/size prop]  "size={20}"
    :44  [raw-dimension-prop:raw numeric dimension/size prop]  "size={20}"
  src/components/layout/HeaderView.tsx  (1)
    :181  [raw-dimension-prop:raw numeric dimension/size prop]  "size={20}"
  src/components/layout/MobileNavDrawer.tsx  (2)
    :50  [raw-dimension-prop:raw numeric dimension/size prop]  "size={40}"
    :128  [raw-dimension-prop:raw numeric dimension/size prop]  "size={16}"
  src/components/layout/UserMenu.tsx  (8)
    :20  [raw-dimension-prop:raw numeric dimension/size prop]  "size={16}"
    :21  [raw-dimension-prop:raw numeric dimension/size prop]  "size={16}"
    :22  [raw-dimension-prop:raw numeric dimension/size prop]  "size={16}"
    :26  [raw-dimension-prop:raw numeric dimension/size prop]  "size={16}"
    :32  [raw-dimension-prop:raw numeric dimension/size prop]  "size={16}"
    :40  [raw-dimension-prop:raw numeric dimension/size prop]  "size={28}"
    :41  [raw-dimension-prop:raw numeric dimension/size prop]  "size={12}"
    :43  [raw-dimension-prop:raw numeric dimension/size prop]  "maw={120}"

  ── ADMIN  (14 findings) ──
  src/components/admin/AdminUsersTable.tsx  (14)
    :154  [raw-dimension-prop:raw numeric dimension/size prop]  "size={14}"
    :154  [raw-dimension-prop:raw numeric dimension/size prop]  "size={14}"
    :167  [raw-dimension-prop:raw numeric dimension/size prop]  "size={14}"
    :177  [raw-dimension-prop:raw numeric dimension/size prop]  "size={40}"
    :223  [raw-dimension-prop:raw numeric dimension/size prop]  "size={10}"
    :246  [raw-dimension-prop:raw numeric dimension/size prop]  "size={40}"
    :263  [raw-dimension-prop:raw numeric dimension/size prop]  "size={10}"
    :339  [raw-dimension-prop:raw numeric dimension/size prop]  "size={14}"
    :339  [raw-dimension-prop:raw numeric dimension/size prop]  "size={14}"
    :349  [raw-dimension-prop:raw numeric dimension/size prop]  "size={14}"
    :368  [raw-dimension-prop:raw numeric dimension/size prop]  "size={40}"
    :411  [raw-dimension-prop:raw numeric dimension/size prop]  "size={14}"
    :455  [raw-dimension-prop:raw numeric dimension/size prop]  "size={14}"
    :483  [raw-dimension-prop:raw numeric dimension/size prop]  "size={12}"

  ── LISTING  (17 findings) ──
  src/modules/listings/components/ActiveFilterChips.tsx  (1)
    :194  [raw-dimension-prop:raw numeric dimension/size prop]  "size={12}"
  src/modules/listings/components/FavoriteButton.tsx  (2)
    :134  [raw-dimension-prop:raw numeric dimension/size prop]  "size={16}"
    :165  [raw-dimension-prop:raw numeric dimension/size prop]  "size={32}"
  src/modules/listings/components/ListingsFilterBar.tsx  (2)
    :142  [raw-dimension-prop:raw numeric dimension/size prop]  "size={14}"
    :156  [raw-dimension-prop:raw numeric dimension/size prop]  "size={14}"
  src/modules/listings/components/ListingsFilters.tsx  (3)
    :71  [raw-dimension-prop:raw numeric dimension/size prop]  "size={14}"
    :138  [raw-dimension-prop:raw numeric dimension/size prop]  "size={16}"
    :155  [raw-dimension-prop:raw numeric dimension/size prop]  "size={20}"
  src/modules/listings/components/ListingsShellView.tsx  (2)
    :118  [raw-dimension-prop:raw numeric dimension/size prop]  "size={64}"
    :175  [raw-dimension-prop:raw numeric dimension/size prop]  "size={16}"
  src/modules/listings/components/ListingsSortBar.tsx  (3)
    :117  [raw-dimension-prop:raw numeric dimension/size prop]  "size={16}"
    :175  [raw-dimension-prop:raw numeric dimension/size prop]  "size={16}"
    :184  [raw-dimension-prop:raw numeric dimension/size prop]  "size={16}"
  src/modules/listings/components/SaveSearchButton.tsx  (3)
    :72  [raw-dimension-prop:raw numeric dimension/size prop]  "size={16}"
    :91  [raw-dimension-prop:raw numeric dimension/size prop]  "size={14}"
    :91  [raw-dimension-prop:raw numeric dimension/size prop]  "size={14}"
  src/modules/listings/components/SaveToCollectionButton.tsx  (1)
    :150  [raw-dimension-prop:raw numeric dimension/size prop]  "size={28}"

  ── APP  (4 findings) ──
  src/app/[locale]/page.tsx  (4)
    :31  [raw-dimension-prop:raw numeric dimension/size prop]  "maw={768}"
    :35  [raw-dimension-prop:raw numeric dimension/size prop]  "maw={576}"
    :75  [raw-dimension-prop:raw numeric dimension/size prop]  "maw={672}"
    :77  [raw-dimension-prop:raw numeric dimension/size prop]  "size={48}"

  ── MODULES  (7 findings) ──
  src/modules/locations/components/PopularLocationsView.tsx  (2)
    :60  [raw-dimension-prop:raw numeric dimension/size prop]  "h={112}"
    :82  [raw-dimension-prop:raw numeric dimension/size prop]  "size={14}"
  src/modules/notifications/components/NotificationBellView.tsx  (2)
    :34  [raw-dimension-prop:raw numeric dimension/size prop]  "size={16}"
    :39  [raw-dimension-prop:raw numeric dimension/size prop]  "size={20}"
  src/modules/notifications/components/NotificationCenter.tsx  (1)
    :64  [raw-dimension-prop:raw numeric dimension/size prop]  "size={14}"
  src/modules/notifications/components/NotificationItem.tsx  (2)
    :241  [raw-dimension-prop:raw numeric dimension/size prop]  "h={8}"
    :242  [raw-dimension-prop:raw numeric dimension/size prop]  "w={8}"

  ── OTHER  (16 findings) ──
  src/design-system/mantine/patterns/MantineCopyIdButton.tsx  (2)
    :49  [raw-dimension-prop:raw numeric dimension/size prop]  "size={10}"
    :50  [raw-dimension-prop:raw numeric dimension/size prop]  "size={10}"
  src/design-system/mantine/patterns/MantineEmptyLoadingErrorState.tsx  (2)
    :85  [raw-dimension-prop:raw numeric dimension/size prop]  "maw={360}"
    :86  [raw-dimension-prop:raw numeric dimension/size prop]  "size={48}"
  src/design-system/mantine/patterns/MantineListingContactPattern.tsx  (9)
    :93  [raw-dimension-prop:raw numeric dimension/size prop]  "size={20}"
    :128  [raw-dimension-prop:raw numeric dimension/size prop]  "size={20}"
    :132  [raw-dimension-prop:raw numeric dimension/size prop]  "size={20}"
    :137  [raw-dimension-prop:raw numeric dimension/size prop]  "size={20}"
    :138  [raw-dimension-prop:raw numeric dimension/size prop]  "size={16}"
    :156  [raw-dimension-prop:raw numeric dimension/size prop]  "size={18}"
    :167  [raw-dimension-prop:raw numeric dimension/size prop]  "size={18}"
    :187  [raw-dimension-prop:raw numeric dimension/size prop]  "size={16}"
    :227  [raw-dimension-prop:raw numeric dimension/size prop]  "size={12}"
  src/design-system/mantine/patterns/MantineListingDetailPattern.tsx  (3)
    :135  [raw-dimension-prop:raw numeric dimension/size prop]  "size={16}"
    :142  [raw-dimension-prop:raw numeric dimension/size prop]  "size={16}"
    :148  [raw-dimension-prop:raw numeric dimension/size prop]  "size={16}"

  ── CSS DECLARATION LITERALS — legacy report-only heading, always 0 since Task 715  (0 findings) ──
  (none found)
  715 flipped css-length/css-duration/css-zindex to blocking; they report above with every other category now. Docs: docs/design-system.md §23.6.b.

  Total: 86 raw style-value violation(s) | 0 stale-marker(s) | 0 missing-reason error(s) | 0 css-declaration literal(s) (report-only)
  By category (regular violations):
    raw-dimension-prop   86

❌  check:design-tokens STRICT — 86 raw style-value violation(s) + 0 stale-marker(s) found.
    Fix: replace raw values with design tokens from docs/design-system.md §22,
    or add a justified entry to scripts/design-tokens-allowlist.json (path-level),
    or add a same-line // design-tokens-allow: <value> — <reason> marker (exact-value).
    Docs: docs/design-system.md §22–23
EXIT_CODE=1
