5a92d6fe24c0f19af09cf8c53cba1765c276585f  src/design-system/mantine/typography.ts
e47cef761dfb8f4c32a99e477ddea66f8be4c9b7  src/design-system/mantine/patterns/MantineAuthFormPattern.tsx
ea368ac889e28eca6a420515d3253c154f5ddb64  src/design-system/mantine/patterns/MantineListingDetailPattern.tsx
156e181cb7470b4577c6263895732b7125325521  src/design-system/mantine/patterns/MantinePageHeaderWithActions.tsx
3216b2d29ff2710a313d9e9637cc93f8f864060b  src/design-system/mantine/patterns/MantineTwoColumnForm.tsx
c19dd9fabdf7638045eaee7344a319ae7bbbee51  src/design-system/mantine/patterns/MantineDashboardStatCard.tsx
83b658649061ac9a9f78a5c5087493b0f807d891  src/modules/auth/components/ResetPasswordView.tsx
f38169c4f2b68be277b38382c8f676de607fbd74  src/modules/cms/components/CmsPageView.tsx
ffef038dbbd8b0ef63b3105cf959dfeda2907f81  src/modules/listings/components/ListingDetailView.tsx
70f51cd8520af9618b59d05ee93a60bc44334885  src/modules/listings/components/RecentlyViewedGridView.tsx
b28753416e23cbd8587e2ed16207c55fc08f4993  src/modules/listings/components/RecentlyViewedSection.tsx
ba08a360ea9067b53a2469cc454af94cbbf0f10c  src/modules/listings/components/SimilarListingsView.tsx
f7664e580028c460a0c46c5c08ded841eef37c62  src/stories/mantine/primitives/SimilarListingsView.stories.tsx
9a3bd0c642bf81e70983c76a754a039297180747  src/stories/patterns/mantine/AuthFormPattern.stories.tsx
d29ae68c30e7b67e074b718c5185bd754d6bf452  src/stories/patterns/mantine/PageHeaderWithActions.stories.tsx
4f6d0dd59f3dc1cb8ba306d7801803e529a1194b  src/stories/patterns/mantine/TwoColumnForm.stories.tsx
e86072613bd52c17bd703c4d405941412c128f0f  src/stories/patterns/mantine/ListingDetailPattern.stories.tsx
959e73ab5200d35bce8908a163a2af2389ea09b4  scripts/check-type-responsive.mjs
c08a1d6f7326aa6c7556193e1278e1690a5df0b1  scripts/type-responsive-baseline.json
ba2b4461732fc82a0fa130d1803020a943da62dc  package.json
0f061745edd284d1d4114ec58aad797416644edf  .github/workflows/governance-pr.yml
077d58bf99ecff688e47d477c85e161d686bc968  docs/mantine-responsive-design-system.md
14809fd64f43d97bc940177e3a30da4ecf5c0e48  src/stories/patterns/mantine/ResetPasswordView.stories.tsx
e7490d42fd2695265c5cab8a145859adf1f86d73  src/modules/listings/components/SaveToCollectionButton.tsx
d92df5557fb9030917732e108e0f1db1722a2b59  src/modules/listings/components/ListingContact.tsx
cb418386cafbc00aac8cd64d30c5f396314843fb  src/design-system/mantine/patterns/MantineListingContactPattern.tsx
94a4be6f8a916f359fba3ebf8f189004d77fb658  src/design-system/media/MediaPlaceholder.tsx
217779a066d2ab2557c68f4a98965e5d40f5f78a  src/design-system/media/AppImage.tsx
358cbd0243cf5b513890d7edad0f30c513c85f81  src/design-system/media/appImageConfig.ts
41f5d338a00570e9a6233c77057afc39ed033d57  src/modules/listings/components/ListingCard.tsx
3e8fd287191518ace5e9cc0c5e689655fcb563c9  src/modules/listings/components/ListingCard.module.css
78bb7e9334f96b6043827ece316561a3b6d68984  src/modules/cabinet/statistics/components/AgentStatisticsView.tsx
2072e31c818ecf6f27b47f5e0f5a7d39fe36a60a  scripts/mantine-migration-scope.json
52ea17b5bffa7a0c608d7c35d51a6f0a4a3c0ebd  src/stories/mantine/primitives/AppImage.stories.tsx
f2b18336042bd8accf58e5429789cb5ca320828d  src/stories/patterns/mantine/ListingContactPattern.stories.tsx
4289df36c811de6fe6bc5663e75544c996b3cfdf  src/stories/patterns/mantine/ListingCardPattern.stories.tsx
409d44afa3d4e686ba23bded8e08e4a5ae7080cd  src/stories/patterns/mantine/ListingCardTrack.stories.tsx
09bda94621ed15a51065a4dbf5ff8f34d076e0a5  src/stories/patterns/mantine/ListingGalleryPattern.stories.tsx
851be797fe136d2e4adf29eaf58ab16c14dd63ac  src/stories/patterns/mantine/ListingsShellView.stories.tsx
7711aeac59fc6443c584c7d0fc3eaeff7734738b  src/stories/patterns/mantine/HomepageListingGrids.stories.tsx
1145731de384823d9fff4b65b3bb064a8a8d1cff  src/modules/listings/components/__tests__/ListingCard.smoke.test.tsx
