# Task 886 Revision 3 — story-measure.log. Probe: .artifacts/measure886r3.mjs (throwaway, gitignored) against storybook-static built in the final gate pass (rev3/build-storybook.log). Columns: fonts h1-h4/.mantine-Title | first padded box edge gap L/R | horizontal overflow | contact-card: card width [label:button width:label line count] | placeholders | imgs/broken imgs.
# Widths 320/390/768/1024/(1280 for detail+contact)/1440; locale en (uk added for ListingDetailPattern, ListingDetailView, ListingContactPattern).

## Set A — detail / contact Stories, en+uk
patterns-mantine-listingcontactpattern--default en @320: fonts[] | gutter L16/R16 | hOverflow=false | card288[Call:246:L1 | WhatsApp:246:L1 | Send message:246:L1 | Save to collec:246:L1 | Report listing:246:L1] card288[Call:246:L1 | WhatsApp:246:L1 | Send message:246:L1 | Save to collec:246:L1 | Report listing:246:L1] card288[Sign in:246:L1] card288[] card288[Call:246:L1 | WhatsApp:246:L1 | Send message:246:L1 | Save to collec:246:L1] card288[This listing h:246:L1 | Call:246:L1 | WhatsApp:246:L1 | Send message:246:L1 | Save to collec:246:L1] card288[Call:246:L1 | Write on Whats:246:L1 | Send message:246:L1] | imgs=0 brokenImgs=0
patterns-mantine-listingcontactpattern--default en @390: fonts[] | gutter L16/R16 | hOverflow=false | card358[Call:316:L1 | WhatsApp:316:L1 | Send message:316:L1 | Save to collec:316:L1 | Report listing:316:L1] card358[Call:316:L1 | WhatsApp:316:L1 | Send message:316:L1 | Save to collec:316:L1 | Report listing:316:L1] card358[Sign in:316:L1] card358[] card358[Call:316:L1 | WhatsApp:316:L1 | Send message:316:L1 | Save to collec:316:L1] card358[This listing h:316:L1 | Call:316:L1 | WhatsApp:316:L1 | Send message:316:L1 | Save to collec:316:L1] card358[Call:316:L1 | Write on Whats:316:L1 | Send message:316:L1] | imgs=0 brokenImgs=0
patterns-mantine-listingcontactpattern--default en @768: fonts[] | gutter L24/R24 | hOverflow=false | card300[Call:258:L1 | WhatsApp:258:L1 | Send message:258:L1 | Save to collec:258:L1 | Report listing:258:L1] card300[Call:258:L1 | WhatsApp:258:L1 | Send message:258:L1 | Save to collec:258:L1 | Report listing:258:L1] card300[Sign in:258:L1] card300[] card300[Call:258:L1 | WhatsApp:258:L1 | Send message:258:L1 | Save to collec:258:L1] card300[This listing h:258:L1 | Call:258:L1 | WhatsApp:258:L1 | Send message:258:L1 | Save to collec:258:L1] card300[Call:258:L1 | Write on Whats:258:L1 | Send message:258:L1] | imgs=0 brokenImgs=0
patterns-mantine-listingcontactpattern--default en @1024: fonts[] | gutter L32/R32 | hOverflow=false | card400[Call:358:L1 | WhatsApp:358:L1 | Send message:358:L1 | Save to collec:358:L1 | Report listing:358:L1] card400[Call:358:L1 | WhatsApp:358:L1 | Send message:358:L1 | Save to collec:358:L1 | Report listing:358:L1] card400[Sign in:358:L1] card400[] card400[Call:358:L1 | WhatsApp:358:L1 | Send message:358:L1 | Save to collec:358:L1] card400[This listing h:358:L1 | Call:358:L1 | WhatsApp:358:L1 | Send message:358:L1 | Save to collec:358:L1] card400[Call:358:L1 | Write on Whats:358:L1 | Send message:358:L1] | imgs=0 brokenImgs=0
patterns-mantine-listingcontactpattern--default en @1280: fonts[] | gutter L32/R32 | hOverflow=false | card405[Call:363:L1 | WhatsApp:363:L1 | Send message:363:L1 | Save to collec:363:L1 | Report listing:363:L1] card405[Call:363:L1 | WhatsApp:363:L1 | Send message:363:L1 | Save to collec:363:L1 | Report listing:363:L1] card405[Sign in:363:L1] card405[] card405[Call:363:L1 | WhatsApp:363:L1 | Send message:363:L1 | Save to collec:363:L1] card405[This listing h:363:L1 | Call:363:L1 | WhatsApp:363:L1 | Send message:363:L1 | Save to collec:363:L1] card405[Call:363:L1 | Write on Whats:363:L1 | Send message:363:L1] | imgs=0 brokenImgs=0
patterns-mantine-listingcontactpattern--default en @1440: fonts[] | gutter L32/R32 | hOverflow=false | card459[Call:417:L1 | WhatsApp:417:L1 | Send message:417:L1 | Save to collec:417:L1 | Report listing:417:L1] card459[Call:417:L1 | WhatsApp:417:L1 | Send message:417:L1 | Save to collec:417:L1 | Report listing:417:L1] card459[Sign in:417:L1] card459[] card459[Call:417:L1 | WhatsApp:417:L1 | Send message:417:L1 | Save to collec:417:L1] card459[This listing h:417:L1 | Call:417:L1 | WhatsApp:417:L1 | Send message:417:L1 | Save to collec:417:L1] card459[Call:417:L1 | Write on Whats:417:L1 | Send message:417:L1] | imgs=0 brokenImgs=0
patterns-mantine-listingcontactpattern--default uk @320: fonts[] | gutter L16/R16 | hOverflow=false | card288[Зателефонувати:246:L1 | WhatsApp:246:L1 | Надіслати пові:246:L1 | Зберегти в кол:246:L1 | Поскаржитися н:246:L1] card288[Зателефонувати:246:L1 | WhatsApp:246:L1 | Надіслати пові:246:L1 | Зберегти в кол:246:L1 | Поскаржитися н:246:L1] card288[Увійти:246:L1] card288[] card288[Зателефонувати:246:L1 | WhatsApp:246:L1 | Надіслати пові:246:L1 | Зберегти в кол:246:L1] card288[Це оголошення :246:L1 | Зателефонувати:246:L1 | WhatsApp:246:L1 | Надіслати пові:246:L1 | Зберегти в кол:246:L1] card288[Зателефонувати:246:L1 | Написати в Wha:246:L1 | Надіслати пові:246:L1] | imgs=0 brokenImgs=0
patterns-mantine-listingcontactpattern--default uk @390: fonts[] | gutter L16/R16 | hOverflow=false | card358[Зателефонувати:316:L1 | WhatsApp:316:L1 | Надіслати пові:316:L1 | Зберегти в кол:316:L1 | Поскаржитися н:316:L1] card358[Зателефонувати:316:L1 | WhatsApp:316:L1 | Надіслати пові:316:L1 | Зберегти в кол:316:L1 | Поскаржитися н:316:L1] card358[Увійти:316:L1] card358[] card358[Зателефонувати:316:L1 | WhatsApp:316:L1 | Надіслати пові:316:L1 | Зберегти в кол:316:L1] card358[Це оголошення :316:L1 | Зателефонувати:316:L1 | WhatsApp:316:L1 | Надіслати пові:316:L1 | Зберегти в кол:316:L1] card358[Зателефонувати:316:L1 | Написати в Wha:316:L1 | Надіслати пові:316:L1] | imgs=0 brokenImgs=0
patterns-mantine-listingcontactpattern--default uk @768: fonts[] | gutter L24/R24 | hOverflow=false | card300[Зателефонувати:258:L1 | WhatsApp:258:L1 | Надіслати пові:258:L1 | Зберегти в кол:258:L1 | Поскаржитися н:258:L1] card300[Зателефонувати:258:L1 | WhatsApp:258:L1 | Надіслати пові:258:L1 | Зберегти в кол:258:L1 | Поскаржитися н:258:L1] card300[Увійти:258:L1] card300[] card300[Зателефонувати:258:L1 | WhatsApp:258:L1 | Надіслати пові:258:L1 | Зберегти в кол:258:L1] card300[Це оголошення :258:L1 | Зателефонувати:258:L1 | WhatsApp:258:L1 | Надіслати пові:258:L1 | Зберегти в кол:258:L1] card300[Зателефонувати:258:L1 | Написати в Wha:258:L1 | Надіслати пові:258:L1] | imgs=0 brokenImgs=0
patterns-mantine-listingcontactpattern--default uk @1024: fonts[] | gutter L32/R32 | hOverflow=false | card400[Зателефонувати:358:L1 | WhatsApp:358:L1 | Надіслати пові:358:L1 | Зберегти в кол:358:L1 | Поскаржитися н:358:L1] card400[Зателефонувати:358:L1 | WhatsApp:358:L1 | Надіслати пові:358:L1 | Зберегти в кол:358:L1 | Поскаржитися н:358:L1] card400[Увійти:358:L1] card400[] card400[Зателефонувати:358:L1 | WhatsApp:358:L1 | Надіслати пові:358:L1 | Зберегти в кол:358:L1] card400[Це оголошення :358:L1 | Зателефонувати:358:L1 | WhatsApp:358:L1 | Надіслати пові:358:L1 | Зберегти в кол:358:L1] card400[Зателефонувати:358:L1 | Написати в Wha:358:L1 | Надіслати пові:358:L1] | imgs=0 brokenImgs=0
patterns-mantine-listingcontactpattern--default uk @1280: fonts[] | gutter L32/R32 | hOverflow=false | card405[Зателефонувати:363:L1 | WhatsApp:363:L1 | Надіслати пові:363:L1 | Зберегти в кол:363:L1 | Поскаржитися н:363:L1] card405[Зателефонувати:363:L1 | WhatsApp:363:L1 | Надіслати пові:363:L1 | Зберегти в кол:363:L1 | Поскаржитися н:363:L1] card405[Увійти:363:L1] card405[] card405[Зателефонувати:363:L1 | WhatsApp:363:L1 | Надіслати пові:363:L1 | Зберегти в кол:363:L1] card405[Це оголошення :363:L1 | Зателефонувати:363:L1 | WhatsApp:363:L1 | Надіслати пові:363:L1 | Зберегти в кол:363:L1] card405[Зателефонувати:363:L1 | Написати в Wha:363:L1 | Надіслати пові:363:L1] | imgs=0 brokenImgs=0
patterns-mantine-listingcontactpattern--default uk @1440: fonts[] | gutter L32/R32 | hOverflow=false | card459[Зателефонувати:417:L1 | WhatsApp:417:L1 | Надіслати пові:417:L1 | Зберегти в кол:417:L1 | Поскаржитися н:417:L1] card459[Зателефонувати:417:L1 | WhatsApp:417:L1 | Надіслати пові:417:L1 | Зберегти в кол:417:L1 | Поскаржитися н:417:L1] card459[Увійти:417:L1] card459[] card459[Зателефонувати:417:L1 | WhatsApp:417:L1 | Надіслати пові:417:L1 | Зберегти в кол:417:L1] card459[Це оголошення :417:L1 | Зателефонувати:417:L1 | WhatsApp:417:L1 | Надіслати пові:417:L1 | Зберегти в кол:417:L1] card459[Зателефонувати:417:L1 | Написати в Wha:417:L1 | Надіслати пові:417:L1] | imgs=0 brokenImgs=0
patterns-mantine-listingdetailpattern--default en @320: fonts[h1=20 h2=18] | gutter L16/R16 | hOverflow=false | card288[Call:246:L1 | WhatsApp:246:L1 | Send message:246:L1 | Save to collec:246:L1 | Report listing:246:L1] card288[Call:246:L1 | WhatsApp:246:L1 | Send message:246:L1 | Save to collec:246:L1 | Report listing:246:L1] card288[Call:246:L1 | WhatsApp:246:L1 | Send message:246:L1 | Save to collec:246:L1 | Report listing:246:L1] card288[Call:246:L1 | WhatsApp:246:L1 | Send message:246:L1 | Save to collec:246:L1 | Report listing:246:L1] card288[Call:246:L1 | WhatsApp:246:L1 | Send message:246:L1 | Save to collec:246:L1 | Report listing:246:L1] | imgs=35 brokenImgs=0
patterns-mantine-listingdetailpattern--default en @390: fonts[h1=20 h2=18] | gutter L16/R16 | hOverflow=false | card358[Call:316:L1 | WhatsApp:316:L1 | Send message:316:L1 | Save to collec:316:L1 | Report listing:316:L1] card358[Call:316:L1 | WhatsApp:316:L1 | Send message:316:L1 | Save to collec:316:L1 | Report listing:316:L1] card358[Call:316:L1 | WhatsApp:316:L1 | Send message:316:L1 | Save to collec:316:L1 | Report listing:316:L1] card358[Call:316:L1 | WhatsApp:316:L1 | Send message:316:L1 | Save to collec:316:L1 | Report listing:316:L1] card358[Call:316:L1 | WhatsApp:316:L1 | Send message:316:L1 | Save to collec:316:L1 | Report listing:316:L1] | imgs=35 brokenImgs=0
patterns-mantine-listingdetailpattern--default en @768: fonts[h1=30 h2=24] | gutter L24/R24 | hOverflow=false | card300[Call:258:L1 | WhatsApp:258:L1 | Send message:258:L1 | Save to collec:258:L1 | Report listing:258:L1] card300[Call:258:L1 | WhatsApp:258:L1 | Send message:258:L1 | Save to collec:258:L1 | Report listing:258:L1] card300[Call:258:L1 | WhatsApp:258:L1 | Send message:258:L1 | Save to collec:258:L1 | Report listing:258:L1] card300[Call:258:L1 | WhatsApp:258:L1 | Send message:258:L1 | Save to collec:258:L1 | Report listing:258:L1] card720[Call:333:L1 | WhatsApp:333:L1 | Send message:678:L1 | Save to collec:678:L1 | Report listing:678:L1] | imgs=30 brokenImgs=0
patterns-mantine-listingdetailpattern--default en @1024: fonts[h1=36 h2=24] | gutter L32/R32 | hOverflow=false | card400[Call:358:L1 | WhatsApp:358:L1 | Send message:358:L1 | Save to collec:358:L1 | Report listing:358:L1] card400[Call:358:L1 | WhatsApp:358:L1 | Send message:358:L1 | Save to collec:358:L1 | Report listing:358:L1] card400[Call:358:L1 | WhatsApp:358:L1 | Send message:358:L1 | Save to collec:358:L1 | Report listing:358:L1] card400[Call:358:L1 | WhatsApp:358:L1 | Send message:358:L1 | Save to collec:358:L1 | Report listing:358:L1] card400[Call:358:L1 | WhatsApp:358:L1 | Send message:358:L1 | Save to collec:358:L1 | Report listing:358:L1] | imgs=30 brokenImgs=0
patterns-mantine-listingdetailpattern--default en @1280: fonts[h1=36 h2=24] | gutter L32/R32 | hOverflow=false | card405[Call:363:L1 | WhatsApp:363:L1 | Send message:363:L1 | Save to collec:363:L1 | Report listing:363:L1] card405[Call:363:L1 | WhatsApp:363:L1 | Send message:363:L1 | Save to collec:363:L1 | Report listing:363:L1] card405[Call:363:L1 | WhatsApp:363:L1 | Send message:363:L1 | Save to collec:363:L1 | Report listing:363:L1] card405[Call:363:L1 | WhatsApp:363:L1 | Send message:363:L1 | Save to collec:363:L1 | Report listing:363:L1] card405[Call:363:L1 | WhatsApp:363:L1 | Send message:363:L1 | Save to collec:363:L1 | Report listing:363:L1] | imgs=30 brokenImgs=0
patterns-mantine-listingdetailpattern--default en @1440: fonts[h1=36 h2=24] | gutter L32/R32 | hOverflow=false | card459[Call:417:L1 | WhatsApp:417:L1 | Send message:417:L1 | Save to collec:417:L1 | Report listing:417:L1] card459[Call:417:L1 | WhatsApp:417:L1 | Send message:417:L1 | Save to collec:417:L1 | Report listing:417:L1] card459[Call:417:L1 | WhatsApp:417:L1 | Send message:417:L1 | Save to collec:417:L1 | Report listing:417:L1] card459[Call:417:L1 | WhatsApp:417:L1 | Send message:417:L1 | Save to collec:417:L1 | Report listing:417:L1] card459[Call:417:L1 | WhatsApp:417:L1 | Send message:417:L1 | Save to collec:417:L1 | Report listing:417:L1] | imgs=30 brokenImgs=0
patterns-mantine-listingdetailpattern--default uk @320: fonts[h1=20 h2=18] | gutter L16/R16 | hOverflow=false | card288[Зателефонувати:246:L1 | WhatsApp:246:L1 | Надіслати пові:246:L1 | Зберегти в кол:246:L1 | Поскаржитися н:246:L1] card288[Зателефонувати:246:L1 | WhatsApp:246:L1 | Надіслати пові:246:L1 | Зберегти в кол:246:L1 | Поскаржитися н:246:L1] card288[Зателефонувати:246:L1 | WhatsApp:246:L1 | Надіслати пові:246:L1 | Зберегти в кол:246:L1 | Поскаржитися н:246:L1] card288[Зателефонувати:246:L1 | WhatsApp:246:L1 | Надіслати пові:246:L1 | Зберегти в кол:246:L1 | Поскаржитися н:246:L1] card288[Зателефонувати:246:L1 | WhatsApp:246:L1 | Надіслати пові:246:L1 | Зберегти в кол:246:L1 | Поскаржитися н:246:L1] | imgs=35 brokenImgs=0
patterns-mantine-listingdetailpattern--default uk @390: fonts[h1=20 h2=18] | gutter L16/R16 | hOverflow=false | card358[Зателефонувати:316:L1 | WhatsApp:316:L1 | Надіслати пові:316:L1 | Зберегти в кол:316:L1 | Поскаржитися н:316:L1] card358[Зателефонувати:316:L1 | WhatsApp:316:L1 | Надіслати пові:316:L1 | Зберегти в кол:316:L1 | Поскаржитися н:316:L1] card358[Зателефонувати:316:L1 | WhatsApp:316:L1 | Надіслати пові:316:L1 | Зберегти в кол:316:L1 | Поскаржитися н:316:L1] card358[Зателефонувати:316:L1 | WhatsApp:316:L1 | Надіслати пові:316:L1 | Зберегти в кол:316:L1 | Поскаржитися н:316:L1] card358[Зателефонувати:316:L1 | WhatsApp:316:L1 | Надіслати пові:316:L1 | Зберегти в кол:316:L1 | Поскаржитися н:316:L1] | imgs=35 brokenImgs=0
patterns-mantine-listingdetailpattern--default uk @768: fonts[h1=30 h2=24] | gutter L24/R24 | hOverflow=false | card300[Зателефонувати:258:L1 | WhatsApp:258:L1 | Надіслати пові:258:L1 | Зберегти в кол:258:L1 | Поскаржитися н:258:L1] card300[Зателефонувати:258:L1 | WhatsApp:258:L1 | Надіслати пові:258:L1 | Зберегти в кол:258:L1 | Поскаржитися н:258:L1] card300[Зателефонувати:258:L1 | WhatsApp:258:L1 | Надіслати пові:258:L1 | Зберегти в кол:258:L1 | Поскаржитися н:258:L1] card300[Зателефонувати:258:L1 | WhatsApp:258:L1 | Надіслати пові:258:L1 | Зберегти в кол:258:L1 | Поскаржитися н:258:L1] card720[Зателефонувати:333:L1 | WhatsApp:333:L1 | Надіслати пові:678:L1 | Зберегти в кол:678:L1 | Поскаржитися н:678:L1] | imgs=30 brokenImgs=0
patterns-mantine-listingdetailpattern--default uk @1024: fonts[h1=36 h2=24] | gutter L32/R32 | hOverflow=false | card400[Зателефонувати:358:L1 | WhatsApp:358:L1 | Надіслати пові:358:L1 | Зберегти в кол:358:L1 | Поскаржитися н:358:L1] card400[Зателефонувати:358:L1 | WhatsApp:358:L1 | Надіслати пові:358:L1 | Зберегти в кол:358:L1 | Поскаржитися н:358:L1] card400[Зателефонувати:358:L1 | WhatsApp:358:L1 | Надіслати пові:358:L1 | Зберегти в кол:358:L1 | Поскаржитися н:358:L1] card400[Зателефонувати:358:L1 | WhatsApp:358:L1 | Надіслати пові:358:L1 | Зберегти в кол:358:L1 | Поскаржитися н:358:L1] card400[Зателефонувати:358:L1 | WhatsApp:358:L1 | Надіслати пові:358:L1 | Зберегти в кол:358:L1 | Поскаржитися н:358:L1] | imgs=30 brokenImgs=0
patterns-mantine-listingdetailpattern--default uk @1280: fonts[h1=36 h2=24] | gutter L32/R32 | hOverflow=false | card405[Зателефонувати:363:L1 | WhatsApp:363:L1 | Надіслати пові:363:L1 | Зберегти в кол:363:L1 | Поскаржитися н:363:L1] card405[Зателефонувати:363:L1 | WhatsApp:363:L1 | Надіслати пові:363:L1 | Зберегти в кол:363:L1 | Поскаржитися н:363:L1] card405[Зателефонувати:363:L1 | WhatsApp:363:L1 | Надіслати пові:363:L1 | Зберегти в кол:363:L1 | Поскаржитися н:363:L1] card405[Зателефонувати:363:L1 | WhatsApp:363:L1 | Надіслати пові:363:L1 | Зберегти в кол:363:L1 | Поскаржитися н:363:L1] card405[Зателефонувати:363:L1 | WhatsApp:363:L1 | Надіслати пові:363:L1 | Зберегти в кол:363:L1 | Поскаржитися н:363:L1] | imgs=30 brokenImgs=0
patterns-mantine-listingdetailpattern--default uk @1440: fonts[h1=36 h2=24] | gutter L32/R32 | hOverflow=false | card459[Зателефонувати:417:L1 | WhatsApp:417:L1 | Надіслати пові:417:L1 | Зберегти в кол:417:L1 | Поскаржитися н:417:L1] card459[Зателефонувати:417:L1 | WhatsApp:417:L1 | Надіслати пові:417:L1 | Зберегти в кол:417:L1 | Поскаржитися н:417:L1] card459[Зателефонувати:417:L1 | WhatsApp:417:L1 | Надіслати пові:417:L1 | Зберегти в кол:417:L1 | Поскаржитися н:417:L1] card459[Зателефонувати:417:L1 | WhatsApp:417:L1 | Надіслати пові:417:L1 | Зберегти в кол:417:L1 | Поскаржитися н:417:L1] card459[Зателефонувати:417:L1 | WhatsApp:417:L1 | Надіслати пові:417:L1 | Зберегти в кол:417:L1 | Поскаржитися н:417:L1] | imgs=30 brokenImgs=0
patterns-mantine-listingdetailview--public-listing en @320: fonts[h1=20 h2=18] | gutter L16/R16 | hOverflow=false | card256[Call:214:L1 | Write on Whats:214:L1 | Send message:214:L1] | placeholders n=1 bg=rgb(228, 231, 236) icon=48 withImgSibling=0 | imgs=8 brokenImgs=0
patterns-mantine-listingdetailview--public-listing en @390: fonts[h1=20 h2=18] | gutter L16/R16 | hOverflow=false | card326[Call:284:L1 | Write on Whats:284:L1 | Send message:284:L1] | placeholders n=1 bg=rgb(228, 231, 236) icon=48 withImgSibling=0 | imgs=8 brokenImgs=0
patterns-mantine-listingdetailview--public-listing en @768: fonts[h1=30 h2=24] | gutter L24/R24 | hOverflow=false | card672[Call:309:L1 | Write on Whats:309:L1 | Send message:630:L1] | placeholders n=3 bg=rgb(228, 231, 236) icon=48 withImgSibling=0 | imgs=10 brokenImgs=0
patterns-mantine-listingdetailview--public-listing en @1024: fonts[h1=36 h2=24] | gutter L32/R32 | hOverflow=false | card373[Call:331:L1 | Write on Whats:331:L1 | Send message:331:L1] | placeholders n=3 bg=rgb(228, 231, 236) icon=48 withImgSibling=0 | imgs=6 brokenImgs=0
patterns-mantine-listingdetailview--public-listing en @1280: fonts[h1=36 h2=24] | gutter L32/R32 | hOverflow=false | card384[Call:342:L1 | Write on Whats:342:L1 | Send message:342:L1] | placeholders n=3 bg=rgb(228, 231, 236) icon=48 withImgSibling=0 | imgs=10 brokenImgs=0
patterns-mantine-listingdetailview--public-listing en @1440: fonts[h1=36 h2=24] | gutter L48/R48 | hOverflow=false | card416[Call:374:L1 | Write on Whats:374:L1 | Send message:374:L1] | placeholders n=3 bg=rgb(228, 231, 236) icon=48 withImgSibling=0 | imgs=10 brokenImgs=0
patterns-mantine-listingdetailview--public-listing uk @320: fonts[h1=20 h2=18] | gutter L16/R16 | hOverflow=false | card256[Зателефонувати:214:L1 | Написати в Wha:214:L1 | Надіслати пові:214:L2] | placeholders n=1 bg=rgb(228, 231, 236) icon=48 withImgSibling=0 | imgs=8 brokenImgs=0
patterns-mantine-listingdetailview--public-listing uk @390: fonts[h1=20 h2=18] | gutter L16/R16 | hOverflow=false | card326[Зателефонувати:284:L1 | Написати в Wha:284:L1 | Надіслати пові:284:L1] | placeholders n=1 bg=rgb(228, 231, 236) icon=48 withImgSibling=0 | imgs=8 brokenImgs=0
patterns-mantine-listingdetailview--public-listing uk @768: fonts[h1=30 h2=24] | gutter L24/R24 | hOverflow=false | card672[Зателефонувати:309:L1 | Написати в Wha:309:L1 | Надіслати пові:630:L1] | placeholders n=3 bg=rgb(228, 231, 236) icon=48 withImgSibling=0 | imgs=10 brokenImgs=0
patterns-mantine-listingdetailview--public-listing uk @1024: fonts[h1=36 h2=24] | gutter L32/R32 | hOverflow=false | card373[Зателефонувати:331:L1 | Написати в Wha:331:L1 | Надіслати пові:331:L1] | placeholders n=3 bg=rgb(228, 231, 236) icon=48 withImgSibling=0 | imgs=6 brokenImgs=0
patterns-mantine-listingdetailview--public-listing uk @1280: fonts[h1=36 h2=24] | gutter L32/R32 | hOverflow=false | card384[Зателефонувати:342:L1 | Написати в Wha:342:L1 | Надіслати пові:342:L1] | placeholders n=3 bg=rgb(228, 231, 236) icon=48 withImgSibling=0 | imgs=10 brokenImgs=0
patterns-mantine-listingdetailview--public-listing uk @1440: fonts[h1=36 h2=24] | gutter L48/R48 | hOverflow=false | card416[Зателефонувати:374:L1 | Написати в Wha:374:L1 | Надіслати пові:374:L1] | placeholders n=3 bg=rgb(228, 231, 236) icon=48 withImgSibling=0 | imgs=10 brokenImgs=0
patterns-mantine-listingdetailview--staff-preview-unpublished en @320: fonts[h1=20 h2=18] | gutter L16/R16 | hOverflow=false | card256[Call:214:L1 | Write on Whats:214:L1] | placeholders n=1 bg=rgb(228, 231, 236) icon=48 withImgSibling=0 | imgs=8 brokenImgs=0
patterns-mantine-listingdetailview--staff-preview-unpublished en @390: fonts[h1=20 h2=18] | gutter L16/R16 | hOverflow=false | card326[Call:284:L1 | Write on Whats:284:L1] | placeholders n=1 bg=rgb(228, 231, 236) icon=48 withImgSibling=0 | imgs=8 brokenImgs=0
patterns-mantine-listingdetailview--staff-preview-unpublished en @768: fonts[h1=30 h2=24] | gutter L24/R24 | hOverflow=false | card672[Call:309:L1 | Write on Whats:309:L1] | placeholders n=3 bg=rgb(228, 231, 236) icon=48 withImgSibling=0 | imgs=10 brokenImgs=0
patterns-mantine-listingdetailview--staff-preview-unpublished en @1024: fonts[h1=36 h2=24] | gutter L32/R32 | hOverflow=false | card373[Call:331:L1 | Write on Whats:331:L1] | placeholders n=3 bg=rgb(228, 231, 236) icon=48 withImgSibling=0 | imgs=6 brokenImgs=0
patterns-mantine-listingdetailview--staff-preview-unpublished en @1280: fonts[h1=36 h2=24] | gutter L32/R32 | hOverflow=false | card384[Call:342:L1 | Write on Whats:342:L1] | placeholders n=3 bg=rgb(228, 231, 236) icon=48 withImgSibling=0 | imgs=10 brokenImgs=0
patterns-mantine-listingdetailview--staff-preview-unpublished en @1440: fonts[h1=36 h2=24] | gutter L48/R48 | hOverflow=false | card416[Call:374:L1 | Write on Whats:374:L1] | placeholders n=3 bg=rgb(228, 231, 236) icon=48 withImgSibling=0 | imgs=10 brokenImgs=0
patterns-mantine-listingdetailview--staff-preview-unpublished uk @320: fonts[h1=20 h2=18] | gutter L16/R16 | hOverflow=false | card256[Зателефонувати:214:L1 | Написати в Wha:214:L1] | placeholders n=1 bg=rgb(228, 231, 236) icon=48 withImgSibling=0 | imgs=8 brokenImgs=0
patterns-mantine-listingdetailview--staff-preview-unpublished uk @390: fonts[h1=20 h2=18] | gutter L16/R16 | hOverflow=false | card326[Зателефонувати:284:L1 | Написати в Wha:284:L1] | placeholders n=1 bg=rgb(228, 231, 236) icon=48 withImgSibling=0 | imgs=8 brokenImgs=0
patterns-mantine-listingdetailview--staff-preview-unpublished uk @768: fonts[h1=30 h2=24] | gutter L24/R24 | hOverflow=false | card672[Зателефонувати:309:L1 | Написати в Wha:309:L1] | placeholders n=3 bg=rgb(228, 231, 236) icon=48 withImgSibling=0 | imgs=10 brokenImgs=0
patterns-mantine-listingdetailview--staff-preview-unpublished uk @1024: fonts[h1=36 h2=24] | gutter L32/R32 | hOverflow=false | card373[Зателефонувати:331:L1 | Написати в Wha:331:L1] | placeholders n=3 bg=rgb(228, 231, 236) icon=48 withImgSibling=0 | imgs=6 brokenImgs=0
patterns-mantine-listingdetailview--staff-preview-unpublished uk @1280: fonts[h1=36 h2=24] | gutter L32/R32 | hOverflow=false | card384[Зателефонувати:342:L1 | Написати в Wha:342:L1] | placeholders n=3 bg=rgb(228, 231, 236) icon=48 withImgSibling=0 | imgs=10 brokenImgs=0
patterns-mantine-listingdetailview--staff-preview-unpublished uk @1440: fonts[h1=36 h2=24] | gutter L48/R48 | hOverflow=false | card416[Зателефонувати:374:L1 | Написати в Wha:374:L1] | placeholders n=3 bg=rgb(228, 231, 236) icon=48 withImgSibling=0 | imgs=10 brokenImgs=0
patterns-mantine-listingdetailview--staff-preview-published en @320: fonts[h1=20 h2=18] | gutter L16/R16 | hOverflow=false | card256[Call:214:L1 | Write on Whats:214:L1] | placeholders n=1 bg=rgb(228, 231, 236) icon=48 withImgSibling=0 | imgs=8 brokenImgs=0
patterns-mantine-listingdetailview--staff-preview-published en @390: fonts[h1=20 h2=18] | gutter L16/R16 | hOverflow=false | card326[Call:284:L1 | Write on Whats:284:L1] | placeholders n=1 bg=rgb(228, 231, 236) icon=48 withImgSibling=0 | imgs=8 brokenImgs=0
patterns-mantine-listingdetailview--staff-preview-published en @768: fonts[h1=30 h2=24] | gutter L24/R24 | hOverflow=false | card672[Call:309:L1 | Write on Whats:309:L1] | placeholders n=3 bg=rgb(228, 231, 236) icon=48 withImgSibling=0 | imgs=10 brokenImgs=0
patterns-mantine-listingdetailview--staff-preview-published en @1024: fonts[h1=36 h2=24] | gutter L32/R32 | hOverflow=false | card373[Call:331:L1 | Write on Whats:331:L1] | placeholders n=3 bg=rgb(228, 231, 236) icon=48 withImgSibling=0 | imgs=6 brokenImgs=0
patterns-mantine-listingdetailview--staff-preview-published en @1280: fonts[h1=36 h2=24] | gutter L32/R32 | hOverflow=false | card384[Call:342:L1 | Write on Whats:342:L1] | placeholders n=3 bg=rgb(228, 231, 236) icon=48 withImgSibling=0 | imgs=10 brokenImgs=0
patterns-mantine-listingdetailview--staff-preview-published en @1440: fonts[h1=36 h2=24] | gutter L48/R48 | hOverflow=false | card416[Call:374:L1 | Write on Whats:374:L1] | placeholders n=3 bg=rgb(228, 231, 236) icon=48 withImgSibling=0 | imgs=10 brokenImgs=0
patterns-mantine-listingdetailview--staff-preview-published uk @320: fonts[h1=20 h2=18] | gutter L16/R16 | hOverflow=false | card256[Зателефонувати:214:L1 | Написати в Wha:214:L1] | placeholders n=1 bg=rgb(228, 231, 236) icon=48 withImgSibling=0 | imgs=8 brokenImgs=0
patterns-mantine-listingdetailview--staff-preview-published uk @390: fonts[h1=20 h2=18] | gutter L16/R16 | hOverflow=false | card326[Зателефонувати:284:L1 | Написати в Wha:284:L1] | placeholders n=1 bg=rgb(228, 231, 236) icon=48 withImgSibling=0 | imgs=8 brokenImgs=0
patterns-mantine-listingdetailview--staff-preview-published uk @768: fonts[h1=30 h2=24] | gutter L24/R24 | hOverflow=false | card672[Зателефонувати:309:L1 | Написати в Wha:309:L1] | placeholders n=3 bg=rgb(228, 231, 236) icon=48 withImgSibling=0 | imgs=10 brokenImgs=0
patterns-mantine-listingdetailview--staff-preview-published uk @1024: fonts[h1=36 h2=24] | gutter L32/R32 | hOverflow=false | card373[Зателефонувати:331:L1 | Написати в Wha:331:L1] | placeholders n=3 bg=rgb(228, 231, 236) icon=48 withImgSibling=0 | imgs=6 brokenImgs=0
patterns-mantine-listingdetailview--staff-preview-published uk @1280: fonts[h1=36 h2=24] | gutter L32/R32 | hOverflow=false | card384[Зателефонувати:342:L1 | Написати в Wha:342:L1] | placeholders n=3 bg=rgb(228, 231, 236) icon=48 withImgSibling=0 | imgs=10 brokenImgs=0
patterns-mantine-listingdetailview--staff-preview-published uk @1440: fonts[h1=36 h2=24] | gutter L48/R48 | hOverflow=false | card416[Зателефонувати:374:L1 | Написати в Wha:374:L1] | placeholders n=3 bg=rgb(228, 231, 236) icon=48 withImgSibling=0 | imgs=10 brokenImgs=0
patterns-mantine-listingdetailview--archived-listing en @320: fonts[h1=20 h2=18] | gutter L16/R16 | hOverflow=false | card256[Call:214:L1 | Write on Whats:214:L1 | Send message:214:L1] | placeholders n=1 bg=rgb(228, 231, 236) icon=48 withImgSibling=0 | imgs=8 brokenImgs=0
patterns-mantine-listingdetailview--archived-listing en @390: fonts[h1=20 h2=18] | gutter L16/R16 | hOverflow=false | card326[Call:284:L1 | Write on Whats:284:L1 | Send message:284:L1] | placeholders n=1 bg=rgb(228, 231, 236) icon=48 withImgSibling=0 | imgs=8 brokenImgs=0
patterns-mantine-listingdetailview--archived-listing en @768: fonts[h1=30 h2=24] | gutter L24/R24 | hOverflow=false | card672[Call:309:L1 | Write on Whats:309:L1 | Send message:630:L1] | placeholders n=3 bg=rgb(228, 231, 236) icon=48 withImgSibling=0 | imgs=10 brokenImgs=0
patterns-mantine-listingdetailview--archived-listing en @1024: fonts[h1=36 h2=24] | gutter L32/R32 | hOverflow=false | card373[Call:331:L1 | Write on Whats:331:L1 | Send message:331:L1] | placeholders n=3 bg=rgb(228, 231, 236) icon=48 withImgSibling=0 | imgs=6 brokenImgs=0
patterns-mantine-listingdetailview--archived-listing en @1280: fonts[h1=36 h2=24] | gutter L32/R32 | hOverflow=false | card384[Call:342:L1 | Write on Whats:342:L1 | Send message:342:L1] | placeholders n=3 bg=rgb(228, 231, 236) icon=48 withImgSibling=0 | imgs=10 brokenImgs=0
patterns-mantine-listingdetailview--archived-listing en @1440: fonts[h1=36 h2=24] | gutter L48/R48 | hOverflow=false | card416[Call:374:L1 | Write on Whats:374:L1 | Send message:374:L1] | placeholders n=3 bg=rgb(228, 231, 236) icon=48 withImgSibling=0 | imgs=10 brokenImgs=0
patterns-mantine-listingdetailview--archived-listing uk @320: fonts[h1=20 h2=18] | gutter L16/R16 | hOverflow=false | card256[Зателефонувати:214:L1 | Написати в Wha:214:L1 | Надіслати пові:214:L2] | placeholders n=1 bg=rgb(228, 231, 236) icon=48 withImgSibling=0 | imgs=8 brokenImgs=0
patterns-mantine-listingdetailview--archived-listing uk @390: fonts[h1=20 h2=18] | gutter L16/R16 | hOverflow=false | card326[Зателефонувати:284:L1 | Написати в Wha:284:L1 | Надіслати пові:284:L1] | placeholders n=1 bg=rgb(228, 231, 236) icon=48 withImgSibling=0 | imgs=8 brokenImgs=0
patterns-mantine-listingdetailview--archived-listing uk @768: fonts[h1=30 h2=24] | gutter L24/R24 | hOverflow=false | card672[Зателефонувати:309:L1 | Написати в Wha:309:L1 | Надіслати пові:630:L1] | placeholders n=3 bg=rgb(228, 231, 236) icon=48 withImgSibling=0 | imgs=10 brokenImgs=0
patterns-mantine-listingdetailview--archived-listing uk @1024: fonts[h1=36 h2=24] | gutter L32/R32 | hOverflow=false | card373[Зателефонувати:331:L1 | Написати в Wha:331:L1 | Надіслати пові:331:L1] | placeholders n=3 bg=rgb(228, 231, 236) icon=48 withImgSibling=0 | imgs=6 brokenImgs=0
patterns-mantine-listingdetailview--archived-listing uk @1280: fonts[h1=36 h2=24] | gutter L32/R32 | hOverflow=false | card384[Зателефонувати:342:L1 | Написати в Wha:342:L1 | Надіслати пові:342:L1] | placeholders n=3 bg=rgb(228, 231, 236) icon=48 withImgSibling=0 | imgs=10 brokenImgs=0
patterns-mantine-listingdetailview--archived-listing uk @1440: fonts[h1=36 h2=24] | gutter L48/R48 | hOverflow=false | card416[Зателефонувати:374:L1 | Написати в Wha:374:L1 | Надіслати пові:374:L1] | placeholders n=3 bg=rgb(228, 231, 236) icon=48 withImgSibling=0 | imgs=10 brokenImgs=0

## Set B — gutter / placeholder / SaveToCollectionButton Stories, en
mantine-primitives-appimage--default en @320: fonts[] | gutter L16/R16 | hOverflow=false | placeholders n=1 bg=rgb(228, 231, 236) icon=24 withImgSibling=0 | imgs=7 brokenImgs=0
mantine-primitives-appimage--default en @390: fonts[] | gutter L16/R16 | hOverflow=false | placeholders n=1 bg=rgb(228, 231, 236) icon=24 withImgSibling=0 | imgs=7 brokenImgs=0
mantine-primitives-appimage--default en @768: fonts[] | gutter L24/R24 | hOverflow=false | placeholders n=1 bg=rgb(228, 231, 236) icon=24 withImgSibling=0 | imgs=7 brokenImgs=0
mantine-primitives-appimage--default en @1024: fonts[] | gutter L24/R24 | hOverflow=false | placeholders n=1 bg=rgb(228, 231, 236) icon=24 withImgSibling=0 | imgs=7 brokenImgs=0
mantine-primitives-appimage--default en @1440: fonts[] | gutter L24/R24 | hOverflow=false | placeholders n=1 bg=rgb(228, 231, 236) icon=24 withImgSibling=0 | imgs=7 brokenImgs=0
mantine-primitives-appimage--placeholder en @320: fonts[] | gutter L16/R16 | hOverflow=false | placeholders n=13 bg=rgb(228, 231, 236) icon=32 withImgSibling=0 | imgs=0 brokenImgs=0
mantine-primitives-appimage--placeholder en @390: fonts[] | gutter L16/R16 | hOverflow=false | placeholders n=13 bg=rgb(228, 231, 236) icon=32 withImgSibling=0 | imgs=0 brokenImgs=0
mantine-primitives-appimage--placeholder en @768: fonts[] | gutter L24/R24 | hOverflow=false | placeholders n=13 bg=rgb(228, 231, 236) icon=32 withImgSibling=0 | imgs=0 brokenImgs=0
mantine-primitives-appimage--placeholder en @1024: fonts[] | gutter L24/R24 | hOverflow=false | placeholders n=13 bg=rgb(228, 231, 236) icon=32 withImgSibling=0 | imgs=0 brokenImgs=0
mantine-primitives-appimage--placeholder en @1440: fonts[] | gutter L24/R24 | hOverflow=false | placeholders n=13 bg=rgb(228, 231, 236) icon=32 withImgSibling=0 | imgs=0 brokenImgs=0
mantine-primitives-popularlocationsview--default en @320: fonts[h2=20] | gutter L16/R16 | hOverflow=false | imgs=4 brokenImgs=0
mantine-primitives-popularlocationsview--default en @390: fonts[h2=20] | gutter L16/R16 | hOverflow=false | imgs=4 brokenImgs=0
mantine-primitives-popularlocationsview--default en @768: fonts[h2=24] | gutter L24/R24 | hOverflow=false | imgs=4 brokenImgs=0
mantine-primitives-popularlocationsview--default en @1024: fonts[h2=24] | gutter L32/R32 | hOverflow=false | imgs=4 brokenImgs=0
mantine-primitives-popularlocationsview--default en @1440: fonts[h2=30] | gutter L48/R48 | hOverflow=false | imgs=4 brokenImgs=0
mantine-primitives-popularlocationsview--long-city-name en @320: fonts[h2=20] | gutter L16/R16 | hOverflow=false | imgs=3 brokenImgs=0
mantine-primitives-popularlocationsview--long-city-name en @390: fonts[h2=20] | gutter L16/R16 | hOverflow=false | imgs=3 brokenImgs=0
mantine-primitives-popularlocationsview--long-city-name en @768: fonts[h2=24] | gutter L24/R24 | hOverflow=false | imgs=3 brokenImgs=0
mantine-primitives-popularlocationsview--long-city-name en @1024: fonts[h2=24] | gutter L32/R32 | hOverflow=false | imgs=3 brokenImgs=0
mantine-primitives-popularlocationsview--long-city-name en @1440: fonts[h2=30] | gutter L48/R48 | hOverflow=false | imgs=3 brokenImgs=0
mantine-primitives-savetocollectionbutton--closed en @320: fonts[] | gutter L16/R16 | hOverflow=false | imgs=0 brokenImgs=0
mantine-primitives-savetocollectionbutton--closed en @390: fonts[] | gutter L16/R16 | hOverflow=false | imgs=0 brokenImgs=0
mantine-primitives-savetocollectionbutton--closed en @768: fonts[] | gutter L24/R24 | hOverflow=false | imgs=0 brokenImgs=0
mantine-primitives-savetocollectionbutton--closed en @1024: fonts[] | gutter L24/R24 | hOverflow=false | imgs=0 brokenImgs=0
mantine-primitives-savetocollectionbutton--closed en @1440: fonts[] | gutter L24/R24 | hOverflow=false | imgs=0 brokenImgs=0
mantine-primitives-savetocollectionbutton--dialog-open en @320: fonts[] | gutter L16/R16 | hOverflow=false | imgs=0 brokenImgs=0
mantine-primitives-savetocollectionbutton--dialog-open en @390: fonts[] | gutter L16/R16 | hOverflow=false | imgs=0 brokenImgs=0
mantine-primitives-savetocollectionbutton--dialog-open en @768: fonts[] | gutter L24/R24 | hOverflow=false | imgs=0 brokenImgs=0
mantine-primitives-savetocollectionbutton--dialog-open en @1024: fonts[] | gutter L24/R24 | hOverflow=false | imgs=0 brokenImgs=0
mantine-primitives-savetocollectionbutton--dialog-open en @1440: fonts[] | gutter L24/R24 | hOverflow=false | imgs=0 brokenImgs=0
mantine-primitives-savetocollectionbutton--saving en @320: fonts[] | gutter L16/R16 | hOverflow=false | imgs=0 brokenImgs=0
mantine-primitives-savetocollectionbutton--saving en @390: fonts[] | gutter L16/R16 | hOverflow=false | imgs=0 brokenImgs=0
mantine-primitives-savetocollectionbutton--saving en @768: fonts[] | gutter L24/R24 | hOverflow=false | imgs=0 brokenImgs=0
mantine-primitives-savetocollectionbutton--saving en @1024: fonts[] | gutter L24/R24 | hOverflow=false | imgs=0 brokenImgs=0
mantine-primitives-savetocollectionbutton--saving en @1440: fonts[] | gutter L24/R24 | hOverflow=false | imgs=0 brokenImgs=0
patterns-mantine-agentstatisticsview--default en @320: fonts[h1=20 h2=20] | gutter L16/R16 | hOverflow=false | placeholders n=8 bg=rgb(228, 231, 236) icon=24 withImgSibling=0 | imgs=12 brokenImgs=0
patterns-mantine-agentstatisticsview--default en @390: fonts[h1=20 h2=20] | gutter L16/R16 | hOverflow=false | placeholders n=8 bg=rgb(228, 231, 236) icon=24 withImgSibling=0 | imgs=12 brokenImgs=0
patterns-mantine-agentstatisticsview--default en @768: fonts[h1=24 h2=20] | gutter L24/R24 | hOverflow=false | placeholders n=14 bg=rgb(228, 231, 236) icon=0 withImgSibling=0 | imgs=6 brokenImgs=0
patterns-mantine-agentstatisticsview--default en @1024: fonts[h1=24 h2=20] | gutter L24/R24 | hOverflow=false | placeholders n=14 bg=rgb(228, 231, 236) icon=0 withImgSibling=0 | imgs=6 brokenImgs=0
patterns-mantine-agentstatisticsview--default en @1440: fonts[h1=24 h2=20] | gutter L24/R24 | hOverflow=false | placeholders n=14 bg=rgb(228, 231, 236) icon=0 withImgSibling=0 | imgs=6 brokenImgs=0
patterns-mantine-agentstatisticsview--agt-01-all-zero en @320: fonts[h1=20 h2=20] | gutter L16/R16 | hOverflow=false | placeholders n=8 bg=rgb(228, 231, 236) icon=24 withImgSibling=0 | imgs=12 brokenImgs=0
patterns-mantine-agentstatisticsview--agt-01-all-zero en @390: fonts[h1=20 h2=20] | gutter L16/R16 | hOverflow=false | placeholders n=9 bg=rgb(228, 231, 236) icon=24 withImgSibling=0 | imgs=11 brokenImgs=0
patterns-mantine-agentstatisticsview--agt-01-all-zero en @768: fonts[h1=24 h2=20] | gutter L24/R24 | hOverflow=false | placeholders n=14 bg=rgb(228, 231, 236) icon=0 withImgSibling=0 | imgs=6 brokenImgs=0
patterns-mantine-agentstatisticsview--agt-01-all-zero en @1024: fonts[h1=24 h2=20] | gutter L24/R24 | hOverflow=false | placeholders n=14 bg=rgb(228, 231, 236) icon=0 withImgSibling=0 | imgs=6 brokenImgs=0
patterns-mantine-agentstatisticsview--agt-01-all-zero en @1440: fonts[h1=24 h2=20] | gutter L24/R24 | hOverflow=false | placeholders n=14 bg=rgb(228, 231, 236) icon=0 withImgSibling=0 | imgs=6 brokenImgs=0
patterns-mantine-agentstatisticsview--agt-10-empty en @320: fonts[h1=20 h2=20] | gutter L16/R16 | hOverflow=false | imgs=0 brokenImgs=0
patterns-mantine-agentstatisticsview--agt-10-empty en @390: fonts[h1=20 h2=20] | gutter L16/R16 | hOverflow=false | imgs=0 brokenImgs=0
patterns-mantine-agentstatisticsview--agt-10-empty en @768: fonts[h1=24 h2=20] | gutter L24/R24 | hOverflow=false | imgs=0 brokenImgs=0
patterns-mantine-agentstatisticsview--agt-10-empty en @1024: fonts[h1=24 h2=20] | gutter L24/R24 | hOverflow=false | imgs=0 brokenImgs=0
patterns-mantine-agentstatisticsview--agt-10-empty en @1440: fonts[h1=24 h2=20] | gutter L24/R24 | hOverflow=false | imgs=0 brokenImgs=0
patterns-mantine-agentstatisticsview--agt-10-filtered-empty en @320: fonts[h1=20 h2=20] | gutter L16/R16 | hOverflow=false | imgs=0 brokenImgs=0
patterns-mantine-agentstatisticsview--agt-10-filtered-empty en @390: fonts[h1=20 h2=20] | gutter L16/R16 | hOverflow=false | imgs=0 brokenImgs=0
patterns-mantine-agentstatisticsview--agt-10-filtered-empty en @768: fonts[h1=24 h2=20] | gutter L24/R24 | hOverflow=false | imgs=0 brokenImgs=0
patterns-mantine-agentstatisticsview--agt-10-filtered-empty en @1024: fonts[h1=24 h2=20] | gutter L24/R24 | hOverflow=false | imgs=0 brokenImgs=0
patterns-mantine-agentstatisticsview--agt-10-filtered-empty en @1440: fonts[h1=24 h2=20] | gutter L24/R24 | hOverflow=false | imgs=0 brokenImgs=0
patterns-mantine-agentstatisticsview--activity-stale en @320: fonts[h1=20 h2=20] | gutter L16/R16 | hOverflow=false | placeholders n=8 bg=rgb(228, 231, 236) icon=24 withImgSibling=0 | imgs=12 brokenImgs=0
patterns-mantine-agentstatisticsview--activity-stale en @390: fonts[h1=20 h2=20] | gutter L16/R16 | hOverflow=false | placeholders n=8 bg=rgb(228, 231, 236) icon=24 withImgSibling=0 | imgs=12 brokenImgs=0
patterns-mantine-agentstatisticsview--activity-stale en @768: fonts[h1=24 h2=20] | gutter L24/R24 | hOverflow=false | placeholders n=14 bg=rgb(228, 231, 236) icon=0 withImgSibling=0 | imgs=6 brokenImgs=0
patterns-mantine-agentstatisticsview--activity-stale en @1024: fonts[h1=24 h2=20] | gutter L24/R24 | hOverflow=false | placeholders n=14 bg=rgb(228, 231, 236) icon=0 withImgSibling=0 | imgs=6 brokenImgs=0
patterns-mantine-agentstatisticsview--activity-stale en @1440: fonts[h1=24 h2=20] | gutter L24/R24 | hOverflow=false | placeholders n=14 bg=rgb(228, 231, 236) icon=0 withImgSibling=0 | imgs=6 brokenImgs=0
patterns-mantine-agentstatisticsview--activity-error en @320: fonts[h1=20 h2=20] | gutter L16/R16 | hOverflow=false | placeholders n=10 bg=rgb(228, 231, 236) icon=24 withImgSibling=0 | imgs=10 brokenImgs=0
patterns-mantine-agentstatisticsview--activity-error en @390: fonts[h1=20 h2=20] | gutter L16/R16 | hOverflow=false | placeholders n=10 bg=rgb(228, 231, 236) icon=24 withImgSibling=0 | imgs=10 brokenImgs=0
patterns-mantine-agentstatisticsview--activity-error en @768: fonts[h1=24 h2=20] | gutter L24/R24 | hOverflow=false | placeholders n=14 bg=rgb(228, 231, 236) icon=0 withImgSibling=0 | imgs=6 brokenImgs=0
patterns-mantine-agentstatisticsview--activity-error en @1024: fonts[h1=24 h2=20] | gutter L24/R24 | hOverflow=false | placeholders n=14 bg=rgb(228, 231, 236) icon=0 withImgSibling=0 | imgs=6 brokenImgs=0
patterns-mantine-agentstatisticsview--activity-error en @1440: fonts[h1=24 h2=20] | gutter L24/R24 | hOverflow=false | placeholders n=14 bg=rgb(228, 231, 236) icon=0 withImgSibling=0 | imgs=6 brokenImgs=0
patterns-mantine-agentstatisticsview--no-activity en @320: fonts[h1=20 h2=20] | gutter L16/R16 | hOverflow=false | placeholders n=9 bg=rgb(228, 231, 236) icon=24 withImgSibling=0 | imgs=11 brokenImgs=0
patterns-mantine-agentstatisticsview--no-activity en @390: fonts[h1=20 h2=20] | gutter L16/R16 | hOverflow=false | placeholders n=9 bg=rgb(228, 231, 236) icon=24 withImgSibling=0 | imgs=11 brokenImgs=0
patterns-mantine-agentstatisticsview--no-activity en @768: fonts[h1=24 h2=20] | gutter L24/R24 | hOverflow=false | placeholders n=14 bg=rgb(228, 231, 236) icon=0 withImgSibling=0 | imgs=6 brokenImgs=0
patterns-mantine-agentstatisticsview--no-activity en @1024: fonts[h1=24 h2=20] | gutter L24/R24 | hOverflow=false | placeholders n=14 bg=rgb(228, 231, 236) icon=0 withImgSibling=0 | imgs=6 brokenImgs=0
patterns-mantine-agentstatisticsview--no-activity en @1440: fonts[h1=24 h2=20] | gutter L24/R24 | hOverflow=false | placeholders n=14 bg=rgb(228, 231, 236) icon=0 withImgSibling=0 | imgs=6 brokenImgs=0
patterns-mantine-agentstatisticsview--sorted-by-views en @320: fonts[h1=20 h2=20] | gutter L16/R16 | hOverflow=false | placeholders n=8 bg=rgb(228, 231, 236) icon=24 withImgSibling=0 | imgs=12 brokenImgs=0
patterns-mantine-agentstatisticsview--sorted-by-views en @390: fonts[h1=20 h2=20] | gutter L16/R16 | hOverflow=false | placeholders n=8 bg=rgb(228, 231, 236) icon=24 withImgSibling=0 | imgs=12 brokenImgs=0
patterns-mantine-agentstatisticsview--sorted-by-views en @768: fonts[h1=24 h2=20] | gutter L24/R24 | hOverflow=false | placeholders n=14 bg=rgb(228, 231, 236) icon=0 withImgSibling=0 | imgs=6 brokenImgs=0
patterns-mantine-agentstatisticsview--sorted-by-views en @1024: fonts[h1=24 h2=20] | gutter L24/R24 | hOverflow=false | placeholders n=14 bg=rgb(228, 231, 236) icon=0 withImgSibling=0 | imgs=6 brokenImgs=0
patterns-mantine-agentstatisticsview--sorted-by-views en @1440: fonts[h1=24 h2=20] | gutter L24/R24 | hOverflow=false | placeholders n=14 bg=rgb(228, 231, 236) icon=0 withImgSibling=0 | imgs=6 brokenImgs=0
patterns-mantine-homepagelistinggrids--default en @320: fonts[h2=20 h3=14] | gutter L16/R16 | hOverflow=false | imgs=16 brokenImgs=0
patterns-mantine-homepagelistinggrids--default en @390: fonts[h2=20 h3=14] | gutter L16/R16 | hOverflow=false | imgs=16 brokenImgs=0
patterns-mantine-homepagelistinggrids--default en @768: fonts[h2=24 h3=14] | gutter L24/R24 | hOverflow=false | imgs=16 brokenImgs=0
patterns-mantine-homepagelistinggrids--default en @1024: fonts[h2=24 h3=14] | gutter L32/R32 | hOverflow=false | imgs=16 brokenImgs=0
patterns-mantine-homepagelistinggrids--default en @1440: fonts[h2=30 h3=14] | gutter L32/R32 | hOverflow=false | imgs=16 brokenImgs=0
patterns-mantine-homepagelistinggrids--loading en @320: fonts[h2=20] | gutter L16/R16 | hOverflow=false | imgs=0 brokenImgs=0
patterns-mantine-homepagelistinggrids--loading en @390: fonts[h2=20] | gutter L16/R16 | hOverflow=false | imgs=0 brokenImgs=0
patterns-mantine-homepagelistinggrids--loading en @768: fonts[h2=24] | gutter L24/R24 | hOverflow=false | imgs=0 brokenImgs=0
patterns-mantine-homepagelistinggrids--loading en @1024: fonts[h2=24] | gutter L32/R32 | hOverflow=false | imgs=0 brokenImgs=0
patterns-mantine-homepagelistinggrids--loading en @1440: fonts[h2=30] | gutter L32/R32 | hOverflow=false | imgs=0 brokenImgs=0
patterns-mantine-homepagelistinggrids--empty en @320: fonts[h2=20] | gutter L16/R16 | hOverflow=false | imgs=0 brokenImgs=0
patterns-mantine-homepagelistinggrids--empty en @390: fonts[h2=20] | gutter L16/R16 | hOverflow=false | imgs=0 brokenImgs=0
patterns-mantine-homepagelistinggrids--empty en @768: fonts[h2=24] | gutter L24/R24 | hOverflow=false | imgs=0 brokenImgs=0
patterns-mantine-homepagelistinggrids--empty en @1024: fonts[h2=24] | gutter L32/R32 | hOverflow=false | imgs=0 brokenImgs=0
patterns-mantine-homepagelistinggrids--empty en @1440: fonts[h2=30] | gutter L32/R32 | hOverflow=false | imgs=0 brokenImgs=0
patterns-mantine-listingcardpattern--default en @320: fonts[h4=18 h3=14] | gutter L16/R16 | hOverflow=false | imgs=10 brokenImgs=0
patterns-mantine-listingcardpattern--default en @390: fonts[h4=18 h3=14] | gutter L16/R16 | hOverflow=false | imgs=10 brokenImgs=0
patterns-mantine-listingcardpattern--default en @768: fonts[h4=24 h3=14] | gutter L24/R24 | hOverflow=false | imgs=10 brokenImgs=0
patterns-mantine-listingcardpattern--default en @1024: fonts[h4=24 h3=14] | gutter L32/R32 | hOverflow=false | imgs=10 brokenImgs=0
patterns-mantine-listingcardpattern--default en @1440: fonts[h4=24 h3=14] | gutter L32/R32 | hOverflow=false | imgs=10 brokenImgs=0
patterns-mantine-listingcardtrack--grid en @320: fonts[h3=14] | gutter L16/R16 | hOverflow=false | imgs=8 brokenImgs=0
patterns-mantine-listingcardtrack--grid en @390: fonts[h3=14] | gutter L16/R16 | hOverflow=false | imgs=8 brokenImgs=0
patterns-mantine-listingcardtrack--grid en @768: fonts[h3=14] | gutter L24/R24 | hOverflow=false | imgs=8 brokenImgs=0
patterns-mantine-listingcardtrack--grid en @1024: fonts[h3=14] | gutter L32/R32 | hOverflow=false | imgs=8 brokenImgs=0
patterns-mantine-listingcardtrack--grid en @1440: fonts[h3=14] | gutter L32/R32 | hOverflow=false | imgs=8 brokenImgs=0
patterns-mantine-listingcardtrack--rail en @320: fonts[h3=14] | gutter L16/R16 | hOverflow=false | imgs=8 brokenImgs=0
patterns-mantine-listingcardtrack--rail en @390: fonts[h3=14] | gutter L16/R16 | hOverflow=false | imgs=8 brokenImgs=0
patterns-mantine-listingcardtrack--rail en @768: fonts[h3=14] | gutter L24/R24 | hOverflow=false | imgs=8 brokenImgs=0
patterns-mantine-listingcardtrack--rail en @1024: fonts[h3=14] | gutter L32/R32 | hOverflow=false | imgs=8 brokenImgs=0
patterns-mantine-listingcardtrack--rail en @1440: fonts[h3=14] | gutter L32/R32 | hOverflow=false | imgs=8 brokenImgs=0
patterns-mantine-listingcardtrack--grid-single-item en @320: fonts[h3=14] | gutter L16/R16 | hOverflow=false | imgs=1 brokenImgs=0
patterns-mantine-listingcardtrack--grid-single-item en @390: fonts[h3=14] | gutter L16/R16 | hOverflow=false | imgs=1 brokenImgs=0
patterns-mantine-listingcardtrack--grid-single-item en @768: fonts[h3=14] | gutter L24/R24 | hOverflow=false | imgs=1 brokenImgs=0
patterns-mantine-listingcardtrack--grid-single-item en @1024: fonts[h3=14] | gutter L32/R32 | hOverflow=false | imgs=1 brokenImgs=0
patterns-mantine-listingcardtrack--grid-single-item en @1440: fonts[h3=14] | gutter L32/R32 | hOverflow=false | imgs=1 brokenImgs=0
patterns-mantine-listingcardtrack--rail-single-item en @320: fonts[h3=14] | gutter L16/R16 | hOverflow=false | imgs=1 brokenImgs=0
patterns-mantine-listingcardtrack--rail-single-item en @390: fonts[h3=14] | gutter L16/R16 | hOverflow=false | imgs=1 brokenImgs=0
patterns-mantine-listingcardtrack--rail-single-item en @768: fonts[h3=14] | gutter L24/R24 | hOverflow=false | imgs=1 brokenImgs=0
patterns-mantine-listingcardtrack--rail-single-item en @1024: fonts[h3=14] | gutter L32/R32 | hOverflow=false | imgs=1 brokenImgs=0
patterns-mantine-listingcardtrack--rail-single-item en @1440: fonts[h3=14] | gutter L32/R32 | hOverflow=false | imgs=1 brokenImgs=0
patterns-mantine-listingcardtrack--rail-no-overflow en @320: fonts[h3=14] | gutter L16/R16 | hOverflow=false | imgs=2 brokenImgs=0
patterns-mantine-listingcardtrack--rail-no-overflow en @390: fonts[h3=14] | gutter L16/R16 | hOverflow=false | imgs=2 brokenImgs=0
patterns-mantine-listingcardtrack--rail-no-overflow en @768: fonts[h3=14] | gutter L24/R24 | hOverflow=false | imgs=2 brokenImgs=0
patterns-mantine-listingcardtrack--rail-no-overflow en @1024: fonts[h3=14] | gutter L32/R32 | hOverflow=false | imgs=2 brokenImgs=0
patterns-mantine-listingcardtrack--rail-no-overflow en @1440: fonts[h3=14] | gutter L32/R32 | hOverflow=false | imgs=2 brokenImgs=0
patterns-mantine-listingcardtrack--rail-mixed-title-lengths en @320: fonts[h3=14] | gutter L16/R16 | hOverflow=false | imgs=4 brokenImgs=0
patterns-mantine-listingcardtrack--rail-mixed-title-lengths en @390: fonts[h3=14] | gutter L16/R16 | hOverflow=false | imgs=4 brokenImgs=0
patterns-mantine-listingcardtrack--rail-mixed-title-lengths en @768: fonts[h3=14] | gutter L24/R24 | hOverflow=false | imgs=4 brokenImgs=0
patterns-mantine-listingcardtrack--rail-mixed-title-lengths en @1024: fonts[h3=14] | gutter L32/R32 | hOverflow=false | imgs=4 brokenImgs=0
patterns-mantine-listingcardtrack--rail-mixed-title-lengths en @1440: fonts[h3=14] | gutter L32/R32 | hOverflow=false | imgs=4 brokenImgs=0
patterns-mantine-listingcardtrack--grid-mixed-title-lengths en @320: fonts[h3=14] | gutter L16/R16 | hOverflow=false | imgs=4 brokenImgs=0
patterns-mantine-listingcardtrack--grid-mixed-title-lengths en @390: fonts[h3=14] | gutter L16/R16 | hOverflow=false | imgs=4 brokenImgs=0
patterns-mantine-listingcardtrack--grid-mixed-title-lengths en @768: fonts[h3=14] | gutter L24/R24 | hOverflow=false | imgs=4 brokenImgs=0
patterns-mantine-listingcardtrack--grid-mixed-title-lengths en @1024: fonts[h3=14] | gutter L32/R32 | hOverflow=false | imgs=4 brokenImgs=0
patterns-mantine-listingcardtrack--grid-mixed-title-lengths en @1440: fonts[h3=14] | gutter L32/R32 | hOverflow=false | imgs=4 brokenImgs=0
patterns-mantine-listingcardtrack--empty en @320: fonts[] | gutter L16/R16 | hOverflow=false | imgs=0 brokenImgs=0
patterns-mantine-listingcardtrack--empty en @390: fonts[] | gutter L16/R16 | hOverflow=false | imgs=0 brokenImgs=0
patterns-mantine-listingcardtrack--empty en @768: fonts[] | gutter L24/R24 | hOverflow=false | imgs=0 brokenImgs=0
patterns-mantine-listingcardtrack--empty en @1024: fonts[] | gutter L32/R32 | hOverflow=false | imgs=0 brokenImgs=0
patterns-mantine-listingcardtrack--empty en @1440: fonts[] | gutter L32/R32 | hOverflow=false | imgs=0 brokenImgs=0
patterns-mantine-listinggallerypattern--default en @320: fonts[] | gutter L16/R16 | hOverflow=false | imgs=11 brokenImgs=0
patterns-mantine-listinggallerypattern--default en @390: fonts[] | gutter L16/R16 | hOverflow=false | imgs=11 brokenImgs=0
patterns-mantine-listinggallerypattern--default en @768: fonts[] | gutter L24/R24 | hOverflow=false | imgs=10 brokenImgs=0
patterns-mantine-listinggallerypattern--default en @1024: fonts[] | gutter L32/R32 | hOverflow=false | imgs=10 brokenImgs=0
patterns-mantine-listinggallerypattern--default en @1440: fonts[] | gutter L32/R32 | hOverflow=false | imgs=10 brokenImgs=0
patterns-mantine-listingsshellview--default en @320: fonts[h3=14] | gutter L16/R16 | hOverflow=false | imgs=8 brokenImgs=0
patterns-mantine-listingsshellview--default en @390: fonts[h3=14] | gutter L16/R16 | hOverflow=false | imgs=8 brokenImgs=0
patterns-mantine-listingsshellview--default en @768: fonts[h3=14] | gutter L24/R24 | hOverflow=false | imgs=8 brokenImgs=0
patterns-mantine-listingsshellview--default en @1024: fonts[h3=14] | gutter L32/R32 | hOverflow=false | imgs=8 brokenImgs=0
patterns-mantine-listingsshellview--default en @1440: fonts[h3=14] | gutter L32/R32 | hOverflow=false | imgs=8 brokenImgs=0
patterns-mantine-listingsshellview--empty en @320: fonts[h3=18] | gutter L16/R16 | hOverflow=false | imgs=0 brokenImgs=0
patterns-mantine-listingsshellview--empty en @390: fonts[h3=18] | gutter L16/R16 | hOverflow=false | imgs=0 brokenImgs=0
patterns-mantine-listingsshellview--empty en @768: fonts[h3=18] | gutter L24/R24 | hOverflow=false | imgs=0 brokenImgs=0
patterns-mantine-listingsshellview--empty en @1024: fonts[h3=18] | gutter L32/R32 | hOverflow=false | imgs=0 brokenImgs=0
patterns-mantine-listingsshellview--empty en @1440: fonts[h3=18] | gutter L32/R32 | hOverflow=false | imgs=0 brokenImgs=0

## Before-edit gutter reading of the two exempt View Stories and the two Stories that wrote their own gutter (rev2 storybook-static, pre-edit)
mantine-primitives-popularlocationsview--default en @320: fonts[h2=20] | gutter L16/R16 | hOverflow=false | imgs=4 brokenImgs=0
mantine-primitives-popularlocationsview--default en @390: fonts[h2=20] | gutter L16/R16 | hOverflow=false | imgs=4 brokenImgs=0
mantine-primitives-popularlocationsview--default en @1024: fonts[h2=24] | gutter L32/R32 | hOverflow=false | imgs=4 brokenImgs=0
mantine-primitives-popularlocationsview--default en @1440: fonts[h2=30] | gutter L48/R48 | hOverflow=false | imgs=4 brokenImgs=0
patterns-mantine-agentstatisticsview--default en @320: fonts[h1=20 h2=20] | gutter L16/R16 | hOverflow=false | placeholders n=8 bg=rgb(228, 231, 236) icon=24 withImgSibling=0 | imgs=12 brokenImgs=0
patterns-mantine-agentstatisticsview--default en @390: fonts[h1=20 h2=20] | gutter L16/R16 | hOverflow=false | placeholders n=8 bg=rgb(228, 231, 236) icon=24 withImgSibling=0 | imgs=12 brokenImgs=0
patterns-mantine-agentstatisticsview--default en @1024: fonts[h1=24 h2=20] | gutter L24/R24 | hOverflow=false | placeholders n=14 bg=rgb(228, 231, 236) icon=0 withImgSibling=0 | imgs=6 brokenImgs=0
patterns-mantine-agentstatisticsview--default en @1440: fonts[h1=24 h2=20] | gutter L24/R24 | hOverflow=false | placeholders n=14 bg=rgb(228, 231, 236) icon=0 withImgSibling=0 | imgs=6 brokenImgs=0
patterns-mantine-homepagelistinggrids--default en @320: fonts[h2=20 h3=14] | gutter L16/R16 | hOverflow=false | imgs=16 brokenImgs=0
patterns-mantine-homepagelistinggrids--default en @390: fonts[h2=20 h3=14] | gutter L16/R16 | hOverflow=false | imgs=16 brokenImgs=0
patterns-mantine-homepagelistinggrids--default en @1024: fonts[h2=24 h3=14] | gutter L32/R32 | hOverflow=false | imgs=16 brokenImgs=0
patterns-mantine-homepagelistinggrids--default en @1440: fonts[h2=30 h3=14] | gutter L64/R64 | hOverflow=false | imgs=16 brokenImgs=0
patterns-mantine-homepagelistinggrids--loading en @320: fonts[h2=20] | gutter L16/R16 | hOverflow=false | imgs=0 brokenImgs=0
patterns-mantine-homepagelistinggrids--loading en @390: fonts[h2=20] | gutter L16/R16 | hOverflow=false | imgs=0 brokenImgs=0
patterns-mantine-homepagelistinggrids--loading en @1024: fonts[h2=24] | gutter L32/R32 | hOverflow=false | imgs=0 brokenImgs=0
patterns-mantine-homepagelistinggrids--loading en @1440: fonts[h2=30] | gutter L64/R64 | hOverflow=false | imgs=0 brokenImgs=0
patterns-mantine-homepagelistinggrids--empty en @320: fonts[h2=20] | gutter L16/R16 | hOverflow=false | imgs=0 brokenImgs=0
patterns-mantine-homepagelistinggrids--empty en @390: fonts[h2=20] | gutter L16/R16 | hOverflow=false | imgs=0 brokenImgs=0
patterns-mantine-homepagelistinggrids--empty en @1024: fonts[h2=24] | gutter L32/R32 | hOverflow=false | imgs=0 brokenImgs=0
patterns-mantine-homepagelistinggrids--empty en @1440: fonts[h2=30] | gutter L64/R64 | hOverflow=false | imgs=0 brokenImgs=0
patterns-mantine-listingsshellview--default en @320: fonts[h3=14] | gutter L16/R16 | hOverflow=false | imgs=8 brokenImgs=0
patterns-mantine-listingsshellview--default en @390: fonts[h3=14] | gutter L16/R16 | hOverflow=false | imgs=8 brokenImgs=0
patterns-mantine-listingsshellview--default en @1024: fonts[h3=14] | gutter L32/R32 | hOverflow=false | imgs=8 brokenImgs=0
patterns-mantine-listingsshellview--default en @1440: fonts[h3=14] | gutter L48/R48 | hOverflow=false | imgs=8 brokenImgs=0
patterns-mantine-listingsshellview--empty en @320: fonts[h3=18] | gutter L16/R16 | hOverflow=false | imgs=0 brokenImgs=0
patterns-mantine-listingsshellview--empty en @390: fonts[h3=18] | gutter L16/R16 | hOverflow=false | imgs=0 brokenImgs=0
patterns-mantine-listingsshellview--empty en @1024: fonts[h3=18] | gutter L32/R32 | hOverflow=false | imgs=0 brokenImgs=0
patterns-mantine-listingsshellview--empty en @1440: fonts[h3=18] | gutter L48/R48 | hOverflow=false | imgs=0 brokenImgs=0
