
> lero-al@0.1.0 screenshots:assert
> node scripts/check-stories-rendered.mjs --mantine-only

📸  Starting rendered assertion (mantine-only mode)
    Output: .screenshots/rendered-assert/2026-09-04T13-47/

Mantine selected: 102; non-Mantine excluded: 239
mantine-only run. NOT RUN: Phase 1 (ASSERT_STORIES — including the 4 `.listing-card` anchor rows: system-featuredlistings--default, system-latestlistings--default, system-similarlistings--default, patterns-mantine-homepagelistinggrids--default); Phase 2 (geometry-only sweep).

  mantine: ??✓✓✓✓✓✓?✓✓✓✓✓✓✓✓✓✓✓✓✓✓✓✓✓✓✓✓✓✓✓✓✓✓✓✓✓✓✓✓✓✓✓✓✓✓✓✓✓✓✓✓✓✓✓✓✓✓✓✓✓✓✓✓✓✓✓✓✓✓✓✓✓✓✓✓✓✓✓✓✓✓✓✓✓✓✓✓✓✓✓✓✓✓✓✓✓✓✓✓✓✓✓✓✓✓✓✓✓✓✓✓✓?✓✓✓?✓✓✓?✓✓✓?✓✓✓✓✓✓✓✓✓✓✓✓✓✓✓✓✓✓✓✓✓✓✓✓✓✓✓✓✓✓✓✓✓✓✓✓✓✓✓✓✓✓✓✓✓✓✓✓✓✓✓✓✓✓✓✓✓✓✓✓✓✓✓✓✓✓✓✓✓✓✓✓✓✓✓✓✓✓✓✓✓✓✓✓✓✓✓✓✓✓✓✓✓✓✓✓✓✓✓✓✓✓✓✓✓✓✓✓✓✓✓✓✓✓✓✓✓✓✓✓✓✓✓✓✓✓✓✓✓✓✓✓✓✓✓✓✓✓✓✓✓✓✓✓✓✓✓✓✓✓✓✓✓✓✓✓✓✓✓✓✓✓✓✓✓✓✓✓✓✓✓✓✓✓✓✓✓✓✓✓✓✓✓✓✓✓✓✓✓✓✓✓✓✓✓✓✓✓✓✓✓✓✓✓✓✓✓✓✓✓✓✓✓✓✓✓✓✓✓✓✓✓✓✓✓✓✓✓✓✓✓✓✓✓✓✓✓✓✓✓✓✓✓✓✓✓✓✓✓✓✓✓✓✓✓✓✓✓✓✓✓✓✓✓✓✓✓✓✓✓✓✓✓✓✓✓✓✓✓✓✓✓✓✓✓✓✓✓✓✓✓✓✓✓✓✓✓✓✓✓✓✓✓✓✓✓✓✓✓✓✓✓✓✓✓✓✓✓✓✓✓✓✓✓✓✓✓✓✓✓✓✓✓✓✓✓✓✓✓✓✓✓✓✓✓✓✓✓✓✓✓✓✓✓✓✓✓✓✓✓✓✓✓✓✓✓✓✓✓✓✓✓✓✓✓✓✓✓✓✓✓✓✓✓✓✓✓✓✓✓✓✓✓✓✓✓✓✓✓✓✓✓✓✓✓✓✓✓✓✓✓✓✓✓✓✓✓✓✓✓✓✓✓✓✓✓✓✓✓✓✓✓✓✓✓✓✓✓✓✓✓✓✓✓✓✓✓✓✓✓✓✓✓✓✓✓✓✓✓✓✓✓✓✓✓✓✓✓✓✓✓✓✓✓✓✓✓✓✓✓✓✓✓✓✓✓✓✓✓✓✓✓✓✓✓✓✓✓✓✓✓✓✓✓✓✓✓✓✓✓✓✓✓✓✓✓✓✓✓✓✓????✓✓✓????✓✓✓????✓✓✓????✓✓✓✓✓✓✓✓✓✓✓✓✓✓✓✓✓✓✓✓✓✓✓✓✓✓✓✓✓✓✓✓✓✓✓✓✓✓✓✓✓✓✓✓✓✓✓✓✓✓✓✓✓✓✓✓✓✓✓✓✓✓✓✓✓✓✓✓✓✓✓✓✓✓✓✓✓✓✓✓✓✓✓✓✓✓✓✓✓✓✓✓✓✓✓✓✓✓✓✓✓✓✓✓✓✓✓✓✓✓✓✓✓✓✓✓✓✓✓✓✓✓✓✓✓✓✓✓✓✓✓✓✓✓✓✓✓✓✓✓✓✓✓✓✓✓✓✓✓✓✓✓✓✓✓✓✓✓✓✓✓✓✓✓✓✓✓✓✓✓✓✓✓✓✓✓✓✓✓??✓✓✓✓✓✓?✓✓✓?✓✓✓✓✓✓✓✓✓✓✓✓✓✓✓✓✓✓✓✓✓✓✓✓✓✓✓✓✓✓✓✓✓✓✓✓✓✓✓✓✓✓✓✓✓✓✓✓✓✓✓✓✓✓✓✓✓✓✓✓✓✓✓✓✓✓✓✓✓✓✓✓✓✓✓✓✓✓✓✓✓✓✓✓✓✓✓✓✓✓✓✓✓✓✓✓✓✓✓✓✓✓✓✓✓✓✓✓✓✓✓✓✓✓✓✓✓✓✓✓✓✓✓✓✓✓✓✓✓✓✓✓✓✓✓✓✓✓✓✓✓✓✓✓✓✓✓✓✗✗✓✓✗✗✓✓✗✗✓✓✗✗✓EEEEEEEEEEEEEEEEEEEEEEEEEEEEEEEEEEEEEEEEEEEEEEEE✓✗✗✓✓✗✗✓✓✗✗✓✓✗✗✓EEEEEEEEEEEEEEEE✓✓✓✓✓✓✓✓✓✓✓✓✓✓✓✓✓✓✓✓✓✓✓✓✓✓✓✓✓✓✓✓✓✓✓✓✓✓✓✓✓✓✓✓✓✓✓✓✓✓✓✓✓✓✓✓✓✓✓✓✓✓✓✓✓✓✓✓✓✓✓✓✓✓✓✓✓✓✓✓✓✓✓✓✓✓✓✓✓✓✓✓✓✓✗✓✓✓✓✓✓✓✓✓✓✓✓✓✓✓✓✓✓✓✓✓✓✓✓✓✓✓✓✓✓✓✓✓✓✓✓✓✓✓✓✓✓✓✓✓✓✓✓✓✓✓✓✓✓✓✓✓✓✓✓✓✓✓✓✓✓✓✓✓✓✓✓✓✓✓✓✓✓✓✓✓✓✓✓✓✓✓✓✓✓✓✓✓✓✓✓✓✓✗✗✓✓✗✗✓✓✓✗✓✓✗✗✓✓✓✓✓✓✓✓✓✓✓✓✓✓✓✓✓✓✓✓✓✓✓✓✓✓✓✓✓✓✓✓✓✓✓✓✓✓✓✓✓✓✓✓✓✓✓✓✓✓✓✓✓✓✓✓✓✓✓✓✓✓✓✓✓✓✓✓✓✓✓✓✓✓✓✓✓✓✓✓✓✓✓✓✓✓✓✓✓✓✓✓✓✓✓✓✓?✗✗✓✓✗✗✓?✓✗✓✓✗✗✓?✗✗✓✓✗✗✓?✓✗✓✓✗✗✓✓✗✗✓✓✗✗✓✓✗✗✓✓✗✗✓✓✗✗✓✓✗✗✓✓✓✗✓✓✗✗✓✓✗✗✓✓✗✗✓✓✓✗✓✓✗✗✓✓✓✗✓✓✓✗✓✓✓✓✓✓✗✗✓✓✗✗✓✓✗✗✓✓✓✗✓✓✗✗✓✓✗✗✓✓✗✗✓✓✓✗✓✓✗✗✓✓✗✗✓✓✗✗✓✓✗✗✓✓✗✗✓?✓✓✓✓✓✓✓?✓✓✓✓✓✓✓✓✓✓✓✓✓✓✓✓✓✓✓✓✓✓✓✓✓✓✓✓✓✓✓✓✓✓✓✓✓✓✓✓✓✓✓✓✓✓✓✓✓✓✓✓✓✓✓✓✓✓✓✓✓✓✓✓✓✓✓✓✓✓✓✓✓✓✓✓✓✓✓✓✓✓✓✓✓✓✓✓✓✓✓✓✓✓✓✓✓✓✓✓✓✓✓✓✓✓✓✓✓✓✓✓✓✓✓✓✓✓✓


Inventory: docs/governance-reports/2026-06-19-task467-storybook-visual-defect-inventory.md
Results: 1501/1684 PASS, 150 FAIL, 33 AMBIGUOUS (needs-owner-decision)
  blank-canvas: 1
  blank-screenshot: 1
  ambiguous-overlap: 33
flaky-recovered: 0
Manifest: .screenshots/rendered-assert/2026-09-04T13-47/manifest.json
PNGs: .screenshots/rendered-assert/2026-09-04T13-47/*.png

❌ Failed cells:
  Patterns/Mantine/AuthSheet/Login × sq × mobile-375
    ✗ text button not full-width at <640: trigger (Story opens the drawer directly
  Patterns/Mantine/AuthSheet/Login × sq × mobile-390
    ✗ text button not full-width at <640: trigger (Story opens the drawer directly
  Patterns/Mantine/AuthSheet/Login × en × mobile-375
    ✗ text button not full-width at <640: trigger (Story opens the drawer directly
  Patterns/Mantine/AuthSheet/Login × en × mobile-390
    ✗ text button not full-width at <640: trigger (Story opens the drawer directly
  Patterns/Mantine/AuthSheet/Login × uk × mobile-375
    ✗ text button not full-width at <640: trigger (Story opens the drawer directly
  Patterns/Mantine/AuthSheet/Login × uk × mobile-390
    ✗ text button not full-width at <640: trigger (Story opens the drawer directly
  Patterns/Mantine/AuthSheet/Login × it × mobile-375
    ✗ text button not full-width at <640: trigger (Story opens the drawer directly
  Patterns/Mantine/AuthSheet/Login × it × mobile-390
    ✗ text button not full-width at <640: trigger (Story opens the drawer directly
  Patterns/Mantine/AuthSheet/Register × sq × mobile-320
    Error: page.goto: Timeout 20000ms exceeded.
Call log:
[2m  - navigating to "http://127.0.0.1:6008/iframe.html?id=patterns-mantine-authsheet--register&globals=locale:sq&viewMode=story", waiting until "networkidle"[22m

  Patterns/Mantine/AuthSheet/Register × sq × mobile-375
    Error: page.goto: Timeout 20000ms exceeded.
Call log:
[2m  - navigating to "http://127.0.0.1:6008/iframe.html?id=patterns-mantine-authsheet--register&globals=locale:sq&viewMode=story", waiting until "networkidle"[22m

  Patterns/Mantine/AuthSheet/Register × sq × mobile-390
    Error: page.goto: Timeout 20000ms exceeded.
Call log:
[2m  - navigating to "http://127.0.0.1:6008/iframe.html?id=patterns-mantine-authsheet--register&globals=locale:sq&viewMode=story", waiting until "networkidle"[22m

  Patterns/Mantine/AuthSheet/Register × sq × desktop-1024
    Error: page.goto: Timeout 20000ms exceeded.
Call log:
[2m  - navigating to "http://127.0.0.1:6008/iframe.html?id=patterns-mantine-authsheet--register&globals=locale:sq&viewMode=story", waiting until "networkidle"[22m

  Patterns/Mantine/AuthSheet/Register × en × mobile-320
    Error: page.goto: Timeout 20000ms exceeded.
Call log:
[2m  - navigating to "http://127.0.0.1:6008/iframe.html?id=patterns-mantine-authsheet--register&globals=locale:en&viewMode=story", waiting until "networkidle"[22m

  Patterns/Mantine/AuthSheet/Register × en × mobile-375
    Error: page.goto: Timeout 20000ms exceeded.
Call log:
[2m  - navigating to "http://127.0.0.1:6008/iframe.html?id=patterns-mantine-authsheet--register&globals=locale:en&viewMode=story", waiting until "networkidle"[22m

  Patterns/Mantine/AuthSheet/Register × en × mobile-390
    Error: page.goto: Timeout 20000ms exceeded.
Call log:
[2m  - navigating to "http://127.0.0.1:6008/iframe.html?id=patterns-mantine-authsheet--register&globals=locale:en&viewMode=story", waiting until "networkidle"[22m

  Patterns/Mantine/AuthSheet/Register × en × desktop-1024
    Error: page.goto: Timeout 20000ms exceeded.
Call log:
[2m  - navigating to "http://127.0.0.1:6008/iframe.html?id=patterns-mantine-authsheet--register&globals=locale:en&viewMode=story", waiting until "networkidle"[22m

  Patterns/Mantine/AuthSheet/Register × uk × mobile-320
    Error: page.goto: Timeout 20000ms exceeded.
Call log:
[2m  - navigating to "http://127.0.0.1:6008/iframe.html?id=patterns-mantine-authsheet--register&globals=locale:uk&viewMode=story", waiting until "networkidle"[22m

  Patterns/Mantine/AuthSheet/Register × uk × mobile-375
    Error: page.goto: Timeout 20000ms exceeded.
Call log:
[2m  - navigating to "http://127.0.0.1:6008/iframe.html?id=patterns-mantine-authsheet--register&globals=locale:uk&viewMode=story", waiting until "networkidle"[22m

  Patterns/Mantine/AuthSheet/Register × uk × mobile-390
    Error: page.goto: Timeout 20000ms exceeded.
Call log:
[2m  - navigating to "http://127.0.0.1:6008/iframe.html?id=patterns-mantine-authsheet--register&globals=locale:uk&viewMode=story", waiting until "networkidle"[22m

  Patterns/Mantine/AuthSheet/Register × uk × desktop-1024
    Error: page.goto: Timeout 20000ms exceeded.
Call log:
[2m  - navigating to "http://127.0.0.1:6008/iframe.html?id=patterns-mantine-authsheet--register&globals=locale:uk&viewMode=story", waiting until "networkidle"[22m

  Patterns/Mantine/AuthSheet/Register × it × mobile-320
    Error: page.goto: Timeout 20000ms exceeded.
Call log:
[2m  - navigating to "http://127.0.0.1:6008/iframe.html?id=patterns-mantine-authsheet--register&globals=locale:it&viewMode=story", waiting until "networkidle"[22m

  Patterns/Mantine/AuthSheet/Register × it × mobile-375
    Error: page.goto: Timeout 20000ms exceeded.
Call log:
[2m  - navigating to "http://127.0.0.1:6008/iframe.html?id=patterns-mantine-authsheet--register&globals=locale:it&viewMode=story", waiting until "networkidle"[22m

  Patterns/Mantine/AuthSheet/Register × it × mobile-390
    Error: page.goto: Timeout 20000ms exceeded.
Call log:
[2m  - navigating to "http://127.0.0.1:6008/iframe.html?id=patterns-mantine-authsheet--register&globals=locale:it&viewMode=story", waiting until "networkidle"[22m

  Patterns/Mantine/AuthSheet/Register × it × desktop-1024
    Error: page.goto: Timeout 20000ms exceeded.
Call log:
[2m  - navigating to "http://127.0.0.1:6008/iframe.html?id=patterns-mantine-authsheet--register&globals=locale:it&viewMode=story", waiting until "networkidle"[22m

  Patterns/Mantine/AuthSheet/Register Agent × sq × mobile-320
    Error: page.goto: Timeout 20000ms exceeded.
Call log:
[2m  - navigating to "http://127.0.0.1:6008/iframe.html?id=patterns-mantine-authsheet--register-agent&globals=locale:sq&viewMode=story", waiting until "networkidle"[22m

  Patterns/Mantine/AuthSheet/Register Agent × sq × mobile-375
    Error: page.goto: Timeout 20000ms exceeded.
Call log:
[2m  - navigating to "http://127.0.0.1:6008/iframe.html?id=patterns-mantine-authsheet--register-agent&globals=locale:sq&viewMode=story", waiting until "networkidle"[22m

  Patterns/Mantine/AuthSheet/Register Agent × sq × mobile-390
    Error: page.goto: Timeout 20000ms exceeded.
Call log:
[2m  - navigating to "http://127.0.0.1:6008/iframe.html?id=patterns-mantine-authsheet--register-agent&globals=locale:sq&viewMode=story", waiting until "networkidle"[22m

  Patterns/Mantine/AuthSheet/Register Agent × sq × desktop-1024
    Error: page.goto: Timeout 20000ms exceeded.
Call log:
[2m  - navigating to "http://127.0.0.1:6008/iframe.html?id=patterns-mantine-authsheet--register-agent&globals=locale:sq&viewMode=story", waiting until "networkidle"[22m

  Patterns/Mantine/AuthSheet/Register Agent × en × mobile-320
    Error: page.goto: Timeout 20000ms exceeded.
Call log:
[2m  - navigating to "http://127.0.0.1:6008/iframe.html?id=patterns-mantine-authsheet--register-agent&globals=locale:en&viewMode=story", waiting until "networkidle"[22m

  Patterns/Mantine/AuthSheet/Register Agent × en × mobile-375
    Error: page.goto: Timeout 20000ms exceeded.
Call log:
[2m  - navigating to "http://127.0.0.1:6008/iframe.html?id=patterns-mantine-authsheet--register-agent&globals=locale:en&viewMode=story", waiting until "networkidle"[22m

  Patterns/Mantine/AuthSheet/Register Agent × en × mobile-390
    Error: page.goto: Timeout 20000ms exceeded.
Call log:
[2m  - navigating to "http://127.0.0.1:6008/iframe.html?id=patterns-mantine-authsheet--register-agent&globals=locale:en&viewMode=story", waiting until "networkidle"[22m

  Patterns/Mantine/AuthSheet/Register Agent × en × desktop-1024
    Error: page.goto: Timeout 20000ms exceeded.
Call log:
[2m  - navigating to "http://127.0.0.1:6008/iframe.html?id=patterns-mantine-authsheet--register-agent&globals=locale:en&viewMode=story", waiting until "networkidle"[22m

  Patterns/Mantine/AuthSheet/Register Agent × uk × mobile-320
    Error: page.goto: Timeout 20000ms exceeded.
Call log:
[2m  - navigating to "http://127.0.0.1:6008/iframe.html?id=patterns-mantine-authsheet--register-agent&globals=locale:uk&viewMode=story", waiting until "networkidle"[22m

  Patterns/Mantine/AuthSheet/Register Agent × uk × mobile-375
    Error: page.goto: Timeout 20000ms exceeded.
Call log:
[2m  - navigating to "http://127.0.0.1:6008/iframe.html?id=patterns-mantine-authsheet--register-agent&globals=locale:uk&viewMode=story", waiting until "networkidle"[22m

  Patterns/Mantine/AuthSheet/Register Agent × uk × mobile-390
    Error: page.goto: Timeout 20000ms exceeded.
Call log:
[2m  - navigating to "http://127.0.0.1:6008/iframe.html?id=patterns-mantine-authsheet--register-agent&globals=locale:uk&viewMode=story", waiting until "networkidle"[22m

  Patterns/Mantine/AuthSheet/Register Agent × uk × desktop-1024
    Error: page.goto: Timeout 20000ms exceeded.
Call log:
[2m  - navigating to "http://127.0.0.1:6008/iframe.html?id=patterns-mantine-authsheet--register-agent&globals=locale:uk&viewMode=story", waiting until "networkidle"[22m

  Patterns/Mantine/AuthSheet/Register Agent × it × mobile-320
    Error: page.goto: Timeout 20000ms exceeded.
Call log:
[2m  - navigating to "http://127.0.0.1:6008/iframe.html?id=patterns-mantine-authsheet--register-agent&globals=locale:it&viewMode=story", waiting until "networkidle"[22m

  Patterns/Mantine/AuthSheet/Register Agent × it × mobile-375
    Error: page.goto: Timeout 20000ms exceeded.
Call log:
[2m  - navigating to "http://127.0.0.1:6008/iframe.html?id=patterns-mantine-authsheet--register-agent&globals=locale:it&viewMode=story", waiting until "networkidle"[22m

  Patterns/Mantine/AuthSheet/Register Agent × it × mobile-390
    Error: page.goto: Timeout 20000ms exceeded.
Call log:
[2m  - navigating to "http://127.0.0.1:6008/iframe.html?id=patterns-mantine-authsheet--register-agent&globals=locale:it&viewMode=story", waiting until "networkidle"[22m

  Patterns/Mantine/AuthSheet/Register Agent × it × desktop-1024
    Error: page.goto: Timeout 20000ms exceeded.
Call log:
[2m  - navigating to "http://127.0.0.1:6008/iframe.html?id=patterns-mantine-authsheet--register-agent&globals=locale:it&viewMode=story", waiting until "networkidle"[22m

  Patterns/Mantine/AuthSheet/Forgot Password × sq × mobile-320
    Error: page.goto: Timeout 20000ms exceeded.
Call log:
[2m  - navigating to "http://127.0.0.1:6008/iframe.html?id=patterns-mantine-authsheet--forgot-password&globals=locale:sq&viewMode=story", waiting until "networkidle"[22m

  Patterns/Mantine/AuthSheet/Forgot Password × sq × mobile-375
    Error: page.goto: Timeout 20000ms exceeded.
Call log:
[2m  - navigating to "http://127.0.0.1:6008/iframe.html?id=patterns-mantine-authsheet--forgot-password&globals=locale:sq&viewMode=story", waiting until "networkidle"[22m

  Patterns/Mantine/AuthSheet/Forgot Password × sq × mobile-390
    Error: page.goto: Timeout 20000ms exceeded.
Call log:
[2m  - navigating to "http://127.0.0.1:6008/iframe.html?id=patterns-mantine-authsheet--forgot-password&globals=locale:sq&viewMode=story", waiting until "networkidle"[22m

  Patterns/Mantine/AuthSheet/Forgot Password × sq × desktop-1024
    Error: page.goto: Timeout 20000ms exceeded.
Call log:
[2m  - navigating to "http://127.0.0.1:6008/iframe.html?id=patterns-mantine-authsheet--forgot-password&globals=locale:sq&viewMode=story", waiting until "networkidle"[22m

  Patterns/Mantine/AuthSheet/Forgot Password × en × mobile-320
    Error: page.goto: Timeout 20000ms exceeded.
Call log:
[2m  - navigating to "http://127.0.0.1:6008/iframe.html?id=patterns-mantine-authsheet--forgot-password&globals=locale:en&viewMode=story", waiting until "networkidle"[22m

  Patterns/Mantine/AuthSheet/Forgot Password × en × mobile-375
    Error: page.goto: Timeout 20000ms exceeded.
Call log:
[2m  - navigating to "http://127.0.0.1:6008/iframe.html?id=patterns-mantine-authsheet--forgot-password&globals=locale:en&viewMode=story", waiting until "networkidle"[22m

  Patterns/Mantine/AuthSheet/Forgot Password × en × mobile-390
    Error: page.goto: Timeout 20000ms exceeded.
Call log:
[2m  - navigating to "http://127.0.0.1:6008/iframe.html?id=patterns-mantine-authsheet--forgot-password&globals=locale:en&viewMode=story", waiting until "networkidle"[22m

  Patterns/Mantine/AuthSheet/Forgot Password × en × desktop-1024
    Error: page.goto: Timeout 20000ms exceeded.
Call log:
[2m  - navigating to "http://127.0.0.1:6008/iframe.html?id=patterns-mantine-authsheet--forgot-password&globals=locale:en&viewMode=story", waiting until "networkidle"[22m

  Patterns/Mantine/AuthSheet/Forgot Password × uk × mobile-320
    Error: page.goto: Timeout 20000ms exceeded.
Call log:
[2m  - navigating to "http://127.0.0.1:6008/iframe.html?id=patterns-mantine-authsheet--forgot-password&globals=locale:uk&viewMode=story", waiting until "networkidle"[22m

  Patterns/Mantine/AuthSheet/Forgot Password × uk × mobile-375
    Error: page.goto: Timeout 20000ms exceeded.
Call log:
[2m  - navigating to "http://127.0.0.1:6008/iframe.html?id=patterns-mantine-authsheet--forgot-password&globals=locale:uk&viewMode=story", waiting until "networkidle"[22m

  Patterns/Mantine/AuthSheet/Forgot Password × uk × mobile-390
    Error: page.goto: Timeout 20000ms exceeded.
Call log:
[2m  - navigating to "http://127.0.0.1:6008/iframe.html?id=patterns-mantine-authsheet--forgot-password&globals=locale:uk&viewMode=story", waiting until "networkidle"[22m

  Patterns/Mantine/AuthSheet/Forgot Password × uk × desktop-1024
    Error: page.goto: Timeout 20000ms exceeded.
Call log:
[2m  - navigating to "http://127.0.0.1:6008/iframe.html?id=patterns-mantine-authsheet--forgot-password&globals=locale:uk&viewMode=story", waiting until "networkidle"[22m

  Patterns/Mantine/AuthSheet/Forgot Password × it × mobile-320
    Error: page.goto: Timeout 20000ms exceeded.
Call log:
[2m  - navigating to "http://127.0.0.1:6008/iframe.html?id=patterns-mantine-authsheet--forgot-password&globals=locale:it&viewMode=story", waiting until "networkidle"[22m

  Patterns/Mantine/AuthSheet/Forgot Password × it × mobile-375
    Error: page.goto: Timeout 20000ms exceeded.
Call log:
[2m  - navigating to "http://127.0.0.1:6008/iframe.html?id=patterns-mantine-authsheet--forgot-password&globals=locale:it&viewMode=story", waiting until "networkidle"[22m

  Patterns/Mantine/AuthSheet/Forgot Password × it × mobile-390
    Error: page.goto: Timeout 20000ms exceeded.
Call log:
[2m  - navigating to "http://127.0.0.1:6008/iframe.html?id=patterns-mantine-authsheet--forgot-password&globals=locale:it&viewMode=story", waiting until "networkidle"[22m

  Patterns/Mantine/AuthSheet/Forgot Password × it × desktop-1024
    Error: page.goto: Timeout 20000ms exceeded.
Call log:
[2m  - navigating to "http://127.0.0.1:6008/iframe.html?id=patterns-mantine-authsheet--forgot-password&globals=locale:it&viewMode=story", waiting until "networkidle"[22m

  Patterns/Mantine/AuthSheet/Login Validation Error × sq × mobile-375
    ✗ text button not full-width at <640: trigger (Story opens the drawer directly
  Patterns/Mantine/AuthSheet/Login Validation Error × sq × mobile-390
    ✗ text button not full-width at <640: trigger (Story opens the drawer directly
  Patterns/Mantine/AuthSheet/Login Validation Error × en × mobile-375
    ✗ text button not full-width at <640: trigger (Story opens the drawer directly
  Patterns/Mantine/AuthSheet/Login Validation Error × en × mobile-390
    ✗ text button not full-width at <640: trigger (Story opens the drawer directly
  Patterns/Mantine/AuthSheet/Login Validation Error × uk × mobile-375
    ✗ text button not full-width at <640: trigger (Story opens the drawer directly
  Patterns/Mantine/AuthSheet/Login Validation Error × uk × mobile-390
    ✗ text button not full-width at <640: trigger (Story opens the drawer directly
  Patterns/Mantine/AuthSheet/Login Validation Error × it × mobile-375
    ✗ text button not full-width at <640: trigger (Story opens the drawer directly
  Patterns/Mantine/AuthSheet/Login Validation Error × it × mobile-390
    ✗ text button not full-width at <640: trigger (Story opens the drawer directly
  Patterns/Mantine/AuthSheet/Register Agent Add Company × sq × mobile-320
    Error: page.goto: Timeout 20000ms exceeded.
Call log:
[2m  - navigating to "http://127.0.0.1:6008/iframe.html?id=patterns-mantine-authsheet--register-agent-add-company&globals=locale:sq&viewMode=story", waiting until "networkidle"[22m

  Patterns/Mantine/AuthSheet/Register Agent Add Company × sq × mobile-375
    Error: page.goto: Timeout 20000ms exceeded.
Call log:
[2m  - navigating to "http://127.0.0.1:6008/iframe.html?id=patterns-mantine-authsheet--register-agent-add-company&globals=locale:sq&viewMode=story", waiting until "networkidle"[22m

  Patterns/Mantine/AuthSheet/Register Agent Add Company × sq × mobile-390
    Error: page.goto: Timeout 20000ms exceeded.
Call log:
[2m  - navigating to "http://127.0.0.1:6008/iframe.html?id=patterns-mantine-authsheet--register-agent-add-company&globals=locale:sq&viewMode=story", waiting until "networkidle"[22m

  Patterns/Mantine/AuthSheet/Register Agent Add Company × sq × desktop-1024
    Error: page.goto: Timeout 20000ms exceeded.
Call log:
[2m  - navigating to "http://127.0.0.1:6008/iframe.html?id=patterns-mantine-authsheet--register-agent-add-company&globals=locale:sq&viewMode=story", waiting until "networkidle"[22m

  Patterns/Mantine/AuthSheet/Register Agent Add Company × en × mobile-320
    Error: page.goto: Timeout 20000ms exceeded.
Call log:
[2m  - navigating to "http://127.0.0.1:6008/iframe.html?id=patterns-mantine-authsheet--register-agent-add-company&globals=locale:en&viewMode=story", waiting until "networkidle"[22m

  Patterns/Mantine/AuthSheet/Register Agent Add Company × en × mobile-375
    Error: page.goto: Timeout 20000ms exceeded.
Call log:
[2m  - navigating to "http://127.0.0.1:6008/iframe.html?id=patterns-mantine-authsheet--register-agent-add-company&globals=locale:en&viewMode=story", waiting until "networkidle"[22m

  Patterns/Mantine/AuthSheet/Register Agent Add Company × en × mobile-390
    Error: page.goto: Timeout 20000ms exceeded.
Call log:
[2m  - navigating to "http://127.0.0.1:6008/iframe.html?id=patterns-mantine-authsheet--register-agent-add-company&globals=locale:en&viewMode=story", waiting until "networkidle"[22m

  Patterns/Mantine/AuthSheet/Register Agent Add Company × en × desktop-1024
    Error: page.goto: Timeout 20000ms exceeded.
Call log:
[2m  - navigating to "http://127.0.0.1:6008/iframe.html?id=patterns-mantine-authsheet--register-agent-add-company&globals=locale:en&viewMode=story", waiting until "networkidle"[22m

  Patterns/Mantine/AuthSheet/Register Agent Add Company × uk × mobile-320
    Error: page.goto: Timeout 20000ms exceeded.
Call log:
[2m  - navigating to "http://127.0.0.1:6008/iframe.html?id=patterns-mantine-authsheet--register-agent-add-company&globals=locale:uk&viewMode=story", waiting until "networkidle"[22m

  Patterns/Mantine/AuthSheet/Register Agent Add Company × uk × mobile-375
    Error: page.goto: Timeout 20000ms exceeded.
Call log:
[2m  - navigating to "http://127.0.0.1:6008/iframe.html?id=patterns-mantine-authsheet--register-agent-add-company&globals=locale:uk&viewMode=story", waiting until "networkidle"[22m

  Patterns/Mantine/AuthSheet/Register Agent Add Company × uk × mobile-390
    Error: page.goto: Timeout 20000ms exceeded.
Call log:
[2m  - navigating to "http://127.0.0.1:6008/iframe.html?id=patterns-mantine-authsheet--register-agent-add-company&globals=locale:uk&viewMode=story", waiting until "networkidle"[22m

  Patterns/Mantine/AuthSheet/Register Agent Add Company × uk × desktop-1024
    Error: page.goto: Timeout 20000ms exceeded.
Call log:
[2m  - navigating to "http://127.0.0.1:6008/iframe.html?id=patterns-mantine-authsheet--register-agent-add-company&globals=locale:uk&viewMode=story", waiting until "networkidle"[22m

  Patterns/Mantine/AuthSheet/Register Agent Add Company × it × mobile-320
    Error: page.goto: Timeout 20000ms exceeded.
Call log:
[2m  - navigating to "http://127.0.0.1:6008/iframe.html?id=patterns-mantine-authsheet--register-agent-add-company&globals=locale:it&viewMode=story", waiting until "networkidle"[22m

  Patterns/Mantine/AuthSheet/Register Agent Add Company × it × mobile-375
    Error: page.goto: Timeout 20000ms exceeded.
Call log:
[2m  - navigating to "http://127.0.0.1:6008/iframe.html?id=patterns-mantine-authsheet--register-agent-add-company&globals=locale:it&viewMode=story", waiting until "networkidle"[22m

  Patterns/Mantine/AuthSheet/Register Agent Add Company × it × mobile-390
    Error: page.goto: Timeout 20000ms exceeded.
Call log:
[2m  - navigating to "http://127.0.0.1:6008/iframe.html?id=patterns-mantine-authsheet--register-agent-add-company&globals=locale:it&viewMode=story", waiting until "networkidle"[22m

  Patterns/Mantine/AuthSheet/Register Agent Add Company × it × desktop-1024
    Error: page.goto: Timeout 20000ms exceeded.
Call log:
[2m  - navigating to "http://127.0.0.1:6008/iframe.html?id=patterns-mantine-authsheet--register-agent-add-company&globals=locale:it&viewMode=story", waiting until "networkidle"[22m

  Patterns/Mantine/HomepageListingGrids/Default × sq × mobile-390
    ✗ render failure [blank-canvas]: near-uniform (bg=100.0%, var=0.0)
    ✗ horizontal overflow detected
  Patterns/Mantine/ListingsActionRow/Default × sq × mobile-375
    ✗ text button not full-width at <640: Filtrat3
  Patterns/Mantine/ListingsActionRow/Default × sq × mobile-390
    ✗ text button not full-width at <640: Filtrat3
  Patterns/Mantine/ListingsActionRow/Default × en × mobile-375
    ✗ text button not full-width at <640: Filters3
  Patterns/Mantine/ListingsActionRow/Default × en × mobile-390
    ✗ text button not full-width at <640: Filters3
  Patterns/Mantine/ListingsActionRow/Default × uk × mobile-390
    ✗ text button not full-width at <640: Фільтри3
  Patterns/Mantine/ListingsActionRow/Default × it × mobile-375
    ✗ text button not full-width at <640: Filtri3
  Patterns/Mantine/ListingsActionRow/Default × it × mobile-390
    ✗ text button not full-width at <640: Filtri3
  Patterns/Mantine/ListingsShellView/Default × sq × mobile-375
    ✗ text button not full-width at <640: Filtrat2
  Patterns/Mantine/ListingsShellView/Default × sq × mobile-390
    ✗ text button not full-width at <640: Filtrat2
  Patterns/Mantine/ListingsShellView/Default × en × mobile-375
    ✗ text button not full-width at <640: Filters2
  Patterns/Mantine/ListingsShellView/Default × en × mobile-390
    ✗ text button not full-width at <640: Filters2
  Patterns/Mantine/ListingsShellView/Default × uk × mobile-390
    ✗ text button not full-width at <640: Фільтри2
  Patterns/Mantine/ListingsShellView/Default × it × mobile-375
    ✗ text button not full-width at <640: Filtri2
  Patterns/Mantine/ListingsShellView/Default × it × mobile-390
    ✗ text button not full-width at <640: Filtri2
  Patterns/Mantine/ListingsShellView/Empty × sq × mobile-375
    ✗ text button not full-width at <640: Filtrat2
  Patterns/Mantine/ListingsShellView/Empty × sq × mobile-390
    ✗ text button not full-width at <640: Filtrat2
  Patterns/Mantine/ListingsShellView/Empty × en × mobile-375
    ✗ text button not full-width at <640: Filters2
  Patterns/Mantine/ListingsShellView/Empty × en × mobile-390
    ✗ text button not full-width at <640: Filters2
  Patterns/Mantine/ListingsShellView/Empty × uk × mobile-390
    ✗ text button not full-width at <640: Фільтри2
  Patterns/Mantine/ListingsShellView/Empty × it × mobile-375
    ✗ text button not full-width at <640: Filtri2
  Patterns/Mantine/ListingsShellView/Empty × it × mobile-390
    ✗ text button not full-width at <640: Filtri2
  Patterns/Mantine/ListingsSortBar/Default × sq × mobile-375
    ✗ text button not full-width at <640: Filtrat
  Patterns/Mantine/ListingsSortBar/Default × sq × mobile-390
    ✗ text button not full-width at <640: Filtrat
  Patterns/Mantine/ListingsSortBar/Default × en × mobile-375
    ✗ text button not full-width at <640: Filters
  Patterns/Mantine/ListingsSortBar/Default × en × mobile-390
    ✗ text button not full-width at <640: Filters
  Patterns/Mantine/ListingsSortBar/Default × uk × mobile-375
    ✗ text button not full-width at <640: Фільтри
  Patterns/Mantine/ListingsSortBar/Default × uk × mobile-390
    ✗ text button not full-width at <640: Фільтри
  Patterns/Mantine/ListingsSortBar/Default × it × mobile-375
    ✗ text button not full-width at <640: Filtri
  Patterns/Mantine/ListingsSortBar/Default × it × mobile-390
    ✗ text button not full-width at <640: Filtri
  Patterns/Mantine/ListingsSortBar/One Active Filter × sq × mobile-375
    ✗ text button not full-width at <640: Filtrat1
  Patterns/Mantine/ListingsSortBar/One Active Filter × sq × mobile-390
    ✗ text button not full-width at <640: Filtrat1
  Patterns/Mantine/ListingsSortBar/One Active Filter × en × mobile-375
    ✗ text button not full-width at <640: Filters1
  Patterns/Mantine/ListingsSortBar/One Active Filter × en × mobile-390
    ✗ text button not full-width at <640: Filters1
  Patterns/Mantine/ListingsSortBar/One Active Filter × uk × mobile-390
    ✗ text button not full-width at <640: Фільтри1
  Patterns/Mantine/ListingsSortBar/One Active Filter × it × mobile-375
    ✗ text button not full-width at <640: Filtri1
  Patterns/Mantine/ListingsSortBar/One Active Filter × it × mobile-390
    ✗ text button not full-width at <640: Filtri1
  Patterns/Mantine/ListingsSortBar/Two Active Filters × sq × mobile-375
    ✗ text button not full-width at <640: Filtrat2
  Patterns/Mantine/ListingsSortBar/Two Active Filters × sq × mobile-390
    ✗ text button not full-width at <640: Filtrat2
  Patterns/Mantine/ListingsSortBar/Two Active Filters × en × mobile-375
    ✗ text button not full-width at <640: Filters2
  Patterns/Mantine/ListingsSortBar/Two Active Filters × en × mobile-390
    ✗ text button not full-width at <640: Filters2
  Patterns/Mantine/ListingsSortBar/Two Active Filters × uk × mobile-390
    ✗ text button not full-width at <640: Фільтри2
  Patterns/Mantine/ListingsSortBar/Two Active Filters × it × mobile-375
    ✗ text button not full-width at <640: Filtri2
  Patterns/Mantine/ListingsSortBar/Two Active Filters × it × mobile-390
    ✗ text button not full-width at <640: Filtri2
  Patterns/Mantine/ListingsSortBar/Many Active Filters × sq × mobile-390
    ✗ text button not full-width at <640: Filtrat12
  Patterns/Mantine/ListingsSortBar/Many Active Filters × en × mobile-390
    ✗ text button not full-width at <640: Filters12
  Patterns/Mantine/ListingsSortBar/Many Active Filters × it × mobile-375
    ✗ text button not full-width at <640: Filtri12
  Patterns/Mantine/ListingsSortBar/Many Active Filters × it × mobile-390
    ✗ text button not full-width at <640: Filtri12
  Patterns/Mantine/ListingsSortBar/Sort Selected × sq × mobile-375
    ✗ text button not full-width at <640: Filtrat3
  Patterns/Mantine/ListingsSortBar/Sort Selected × sq × mobile-390
    ✗ text button not full-width at <640: Filtrat3
  Patterns/Mantine/ListingsSortBar/Sort Selected × en × mobile-375
    ✗ text button not full-width at <640: Filters3
  Patterns/Mantine/ListingsSortBar/Sort Selected × en × mobile-390
    ✗ text button not full-width at <640: Filters3
  Patterns/Mantine/ListingsSortBar/Sort Selected × uk × mobile-390
    ✗ text button not full-width at <640: Фільтри3
  Patterns/Mantine/ListingsSortBar/Sort Selected × it × mobile-375
    ✗ text button not full-width at <640: Filtri3
  Patterns/Mantine/ListingsSortBar/Sort Selected × it × mobile-390
    ✗ text button not full-width at <640: Filtri3
  Patterns/Mantine/ListingsSortBar/List View Selected × sq × mobile-375
    ✗ text button not full-width at <640: Filtrat1
  Patterns/Mantine/ListingsSortBar/List View Selected × sq × mobile-390
    ✗ text button not full-width at <640: Filtrat1
  Patterns/Mantine/ListingsSortBar/List View Selected × en × mobile-375
    ✗ text button not full-width at <640: Filters1
  Patterns/Mantine/ListingsSortBar/List View Selected × en × mobile-390
    ✗ text button not full-width at <640: Filters1
  Patterns/Mantine/ListingsSortBar/List View Selected × uk × mobile-390
    ✗ text button not full-width at <640: Фільтри1
  Patterns/Mantine/ListingsSortBar/List View Selected × it × mobile-375
    ✗ text button not full-width at <640: Filtri1
  Patterns/Mantine/ListingsSortBar/List View Selected × it × mobile-390
    ✗ text button not full-width at <640: Filtri1
  Patterns/Mantine/ListingsSortBar/Zero Results × sq × mobile-375
    ✗ text button not full-width at <640: Filtrat
  Patterns/Mantine/ListingsSortBar/Zero Results × sq × mobile-390
    ✗ text button not full-width at <640: Filtrat
  Patterns/Mantine/ListingsSortBar/Zero Results × en × mobile-375
    ✗ text button not full-width at <640: Filters
  Patterns/Mantine/ListingsSortBar/Zero Results × en × mobile-390
    ✗ text button not full-width at <640: Filters
  Patterns/Mantine/ListingsSortBar/Zero Results × uk × mobile-375
    ✗ text button not full-width at <640: Фільтри
  Patterns/Mantine/ListingsSortBar/Zero Results × uk × mobile-390
    ✗ text button not full-width at <640: Фільтри
  Patterns/Mantine/ListingsSortBar/Zero Results × it × mobile-375
    ✗ text button not full-width at <640: Filtri
  Patterns/Mantine/ListingsSortBar/Zero Results × it × mobile-390
    ✗ text button not full-width at <640: Filtri

⚠️  33 cells have ambiguous findings (needs-owner-decision):
  Admin/AdminUsersTable/Default × sq × mobile-320
    ? [ambiguous-text-clipped-scrollable]: #mantine-j5kf8trya-tab-all — text reachable by horizontal scrolling (carousel/scroll-tabs) — same R1 rule as Check 2
    ? [ambiguous-text-clipped-scrollable]: #mantine-j5kf8trya-tab-verified — text reachable by horizontal scrolling (carousel/scroll-tabs) — same R1 rule as Check 2
    ? [ambiguous-offscreen]: #mantine-j5kf8trya-tab-verified — element reachable by horizontal scrolling (carousel/scroll-tabs)
    ? [ambiguous-outside-scrollable]: #mantine-j5kf8trya-tab-verified — element reachable by horizontal scrolling (carousel/scroll-tabs) — same R1 rule as Check 2
  Admin/AdminUsersTable/Default × sq × mobile-375
    ? [ambiguous-text-clipped-scrollable]: #mantine-4t2oto4o5-tab-all — text reachable by horizontal scrolling (carousel/scroll-tabs) — same R1 rule as Check 2
    ? [ambiguous-text-clipped-scrollable]: #mantine-4t2oto4o5-tab-verified — text reachable by horizontal scrolling (carousel/scroll-tabs) — same R1 rule as Check 2
  Admin/AdminUsersTable/Default × uk × mobile-320
    ? [ambiguous-text-clipped-scrollable]: #mantine-zm7mlozkd-tab-all — text reachable by horizontal scrolling (carousel/scroll-tabs) — same R1 rule as Check 2
    ? [ambiguous-text-clipped-scrollable]: #mantine-zm7mlozkd-tab-verified — text reachable by horizontal scrolling (carousel/scroll-tabs) — same R1 rule as Check 2
    ? [ambiguous-offscreen]: #mantine-zm7mlozkd-tab-verified — element reachable by horizontal scrolling (carousel/scroll-tabs)
    ? [ambiguous-outside-scrollable]: #mantine-zm7mlozkd-tab-verified — element reachable by horizontal scrolling (carousel/scroll-tabs) — same R1 rule as Check 2
  Mantine/Primitives/Combobox/Default × sq × mobile-390
    ? [ambiguous-overlap]: #mantine-ezazbroof ↔ button("Prona me qira afatgjatë pranë ") — background page content behind an opened overlay's backdrop
  Mantine/Primitives/Combobox/Default × en × mobile-390
    ? [ambiguous-overlap]: #mantine-ro97r6css ↔ button("Long-term rental properties ne") — background page content behind an opened overlay's backdrop
  Mantine/Primitives/Combobox/Default × uk × mobile-390
    ? [ambiguous-overlap]: #mantine-fbnr4rlcm ↔ button("Довгострокова оренда нерухомос") — background page content behind an opened overlay's backdrop
  Mantine/Primitives/Combobox/Default × it × mobile-390
    ? [ambiguous-overlap]: #mantine-xdzjccmcz ↔ button("Immobili in affitto a lungo te") — background page content behind an opened overlay's backdrop
  Mantine/Primitives/PopularLocationsView/Long City Name × sq × mobile-320
    ? [text-clipped-ellipsis]: a("Rrogozhinë-Peqin-Kavajë Bashki") — intentional ellipsis with accessible name or content link
  Mantine/Primitives/PopularLocationsView/Long City Name × sq × mobile-375
    ? [text-clipped-ellipsis]: a("Rrogozhinë-Peqin-Kavajë Bashki") — intentional ellipsis with accessible name or content link
  Mantine/Primitives/PopularLocationsView/Long City Name × sq × mobile-390
    ? [text-clipped-ellipsis]: a("Rrogozhinë-Peqin-Kavajë Bashki") — intentional ellipsis with accessible name or content link
  Mantine/Primitives/PopularLocationsView/Long City Name × sq × desktop-1024
    ? [text-clipped-ellipsis]: a("Rrogozhinë-Peqin-Kavajë Bashki") — intentional ellipsis with accessible name or content link
  Mantine/Primitives/PopularLocationsView/Long City Name × en × mobile-320
    ? [text-clipped-ellipsis]: a("Rrogozhinë-Peqin-Kavajë Bashki") — intentional ellipsis with accessible name or content link
  Mantine/Primitives/PopularLocationsView/Long City Name × en × mobile-375
    ? [text-clipped-ellipsis]: a("Rrogozhinë-Peqin-Kavajë Bashki") — intentional ellipsis with accessible name or content link
  Mantine/Primitives/PopularLocationsView/Long City Name × en × mobile-390
    ? [text-clipped-ellipsis]: a("Rrogozhinë-Peqin-Kavajë Bashki") — intentional ellipsis with accessible name or content link
  Mantine/Primitives/PopularLocationsView/Long City Name × en × desktop-1024
    ? [text-clipped-ellipsis]: a("Rrogozhinë-Peqin-Kavajë Bashki") — intentional ellipsis with accessible name or content link
  Mantine/Primitives/PopularLocationsView/Long City Name × uk × mobile-320
    ? [text-clipped-ellipsis]: a("Rrogozhinë-Peqin-Kavajë Bashki") — intentional ellipsis with accessible name or content link
  Mantine/Primitives/PopularLocationsView/Long City Name × uk × mobile-375
    ? [text-clipped-ellipsis]: a("Rrogozhinë-Peqin-Kavajë Bashki") — intentional ellipsis with accessible name or content link
  Mantine/Primitives/PopularLocationsView/Long City Name × uk × mobile-390
    ? [text-clipped-ellipsis]: a("Rrogozhinë-Peqin-Kavajë Bashki") — intentional ellipsis with accessible name or content link
  Mantine/Primitives/PopularLocationsView/Long City Name × uk × desktop-1024
    ? [text-clipped-ellipsis]: a("Rrogozhinë-Peqin-Kavajë Bashki") — intentional ellipsis with accessible name or content link
  Mantine/Primitives/PopularLocationsView/Long City Name × it × mobile-320
    ? [text-clipped-ellipsis]: a("Rrogozhinë-Peqin-Kavajë Bashki") — intentional ellipsis with accessible name or content link
  Mantine/Primitives/PopularLocationsView/Long City Name × it × mobile-375
    ? [text-clipped-ellipsis]: a("Rrogozhinë-Peqin-Kavajë Bashki") — intentional ellipsis with accessible name or content link
  Mantine/Primitives/PopularLocationsView/Long City Name × it × mobile-390
    ? [text-clipped-ellipsis]: a("Rrogozhinë-Peqin-Kavajë Bashki") — intentional ellipsis with accessible name or content link
  Mantine/Primitives/PopularLocationsView/Long City Name × it × desktop-1024
    ? [text-clipped-ellipsis]: a("Rrogozhinë-Peqin-Kavajë Bashki") — intentional ellipsis with accessible name or content link
  Mantine/Primitives/Tabs/Default × sq × mobile-320
    ? [ambiguous-text-clipped-scrollable]: #mantine-z2tfybjdy-tab-overview — text reachable by horizontal scrolling (carousel/scroll-tabs) — same R1 rule as Check 2
    ? [ambiguous-text-clipped-scrollable]: #mantine-z2tfybjdy-tab-details — text reachable by horizontal scrolling (carousel/scroll-tabs) — same R1 rule as Check 2
    ? [ambiguous-text-clipped-scrollable]: #mantine-z2tfybjdy-tab-activity — text reachable by horizontal scrolling (carousel/scroll-tabs) — same R1 rule as Check 2
    ? [ambiguous-offscreen]: #mantine-z2tfybjdy-tab-activity — element reachable by horizontal scrolling (carousel/scroll-tabs)
    ? [ambiguous-outside-scrollable]: #mantine-z2tfybjdy-tab-activity — element reachable by horizontal scrolling (carousel/scroll-tabs) — same R1 rule as Check 2
  Mantine/Primitives/Tabs/Default × sq × mobile-375
    ? [ambiguous-text-clipped-scrollable]: #mantine-qak3dvwyh-tab-overview — text reachable by horizontal scrolling (carousel/scroll-tabs) — same R1 rule as Check 2
    ? [ambiguous-text-clipped-scrollable]: #mantine-qak3dvwyh-tab-details — text reachable by horizontal scrolling (carousel/scroll-tabs) — same R1 rule as Check 2
    ? [ambiguous-text-clipped-scrollable]: #mantine-qak3dvwyh-tab-activity — text reachable by horizontal scrolling (carousel/scroll-tabs) — same R1 rule as Check 2
    ? [ambiguous-outside-scrollable]: #mantine-qak3dvwyh-tab-activity — element reachable by horizontal scrolling (carousel/scroll-tabs) — same R1 rule as Check 2
  Mantine/Primitives/Tabs/Default × uk × mobile-320
    ? [ambiguous-text-clipped-scrollable]: #mantine-uidftxzx4-tab-overview — text reachable by horizontal scrolling (carousel/scroll-tabs) — same R1 rule as Check 2
    ? [ambiguous-text-clipped-scrollable]: #mantine-uidftxzx4-tab-details — text reachable by horizontal scrolling (carousel/scroll-tabs) — same R1 rule as Check 2
    ? [ambiguous-text-clipped-scrollable]: #mantine-uidftxzx4-tab-activity — text reachable by horizontal scrolling (carousel/scroll-tabs) — same R1 rule as Check 2
    ? [ambiguous-outside-scrollable]: #mantine-uidftxzx4-tab-activity — element reachable by horizontal scrolling (carousel/scroll-tabs) — same R1 rule as Check 2
  Mantine/Primitives/Tabs/Default × it × mobile-320
    ? [ambiguous-text-clipped-scrollable]: #mantine-rzp8tfbue-tab-overview — text reachable by horizontal scrolling (carousel/scroll-tabs) — same R1 rule as Check 2
    ? [ambiguous-text-clipped-scrollable]: #mantine-rzp8tfbue-tab-details — text reachable by horizontal scrolling (carousel/scroll-tabs) — same R1 rule as Check 2
    ? [ambiguous-text-clipped-scrollable]: #mantine-rzp8tfbue-tab-activity — text reachable by horizontal scrolling (carousel/scroll-tabs) — same R1 rule as Check 2
    ? [ambiguous-offscreen]: #mantine-rzp8tfbue-tab-activity — element reachable by horizontal scrolling (carousel/scroll-tabs)
    ? [ambiguous-outside-scrollable]: #mantine-rzp8tfbue-tab-activity — element reachable by horizontal scrolling (carousel/scroll-tabs) — same R1 rule as Check 2
  Patterns/Mantine/ListingsShellView/Default × sq × mobile-320
    ? [ambiguous-text-clipped-scrollable]: #mantine-1xy7bt50l-tab-active — text reachable by horizontal scrolling (carousel/scroll-tabs) — same R1 rule as Check 2
    ? [ambiguous-text-clipped-scrollable]: #mantine-1xy7bt50l-tab-closed — text reachable by horizontal scrolling (carousel/scroll-tabs) — same R1 rule as Check 2
    ? [ambiguous-offscreen]: #mantine-1xy7bt50l-tab-closed — element reachable by horizontal scrolling (carousel/scroll-tabs)
    ? [ambiguous-outside-scrollable]: #mantine-1xy7bt50l-tab-closed — element reachable by horizontal scrolling (carousel/scroll-tabs) — same R1 rule as Check 2
  Patterns/Mantine/ListingsShellView/Default × uk × mobile-320
    ? [ambiguous-text-clipped-scrollable]: #mantine-1xsjfix2e-tab-active — text reachable by horizontal scrolling (carousel/scroll-tabs) — same R1 rule as Check 2
    ? [ambiguous-text-clipped-scrollable]: #mantine-1xsjfix2e-tab-closed — text reachable by horizontal scrolling (carousel/scroll-tabs) — same R1 rule as Check 2
    ? [ambiguous-offscreen]: #mantine-1xsjfix2e-tab-closed — element reachable by horizontal scrolling (carousel/scroll-tabs)
    ? [ambiguous-outside-scrollable]: #mantine-1xsjfix2e-tab-closed — element reachable by horizontal scrolling (carousel/scroll-tabs) — same R1 rule as Check 2
  Patterns/Mantine/ListingsShellView/Empty × sq × mobile-320
    ? [ambiguous-text-clipped-scrollable]: #mantine-ui51g2j53-tab-active — text reachable by horizontal scrolling (carousel/scroll-tabs) — same R1 rule as Check 2
    ? [ambiguous-text-clipped-scrollable]: #mantine-ui51g2j53-tab-closed — text reachable by horizontal scrolling (carousel/scroll-tabs) — same R1 rule as Check 2
    ? [ambiguous-offscreen]: #mantine-ui51g2j53-tab-closed — element reachable by horizontal scrolling (carousel/scroll-tabs)
    ? [ambiguous-outside-scrollable]: #mantine-ui51g2j53-tab-closed — element reachable by horizontal scrolling (carousel/scroll-tabs) — same R1 rule as Check 2
  Patterns/Mantine/ListingsShellView/Empty × uk × mobile-320
    ? [ambiguous-text-clipped-scrollable]: #mantine-kmj6yxdlt-tab-active — text reachable by horizontal scrolling (carousel/scroll-tabs) — same R1 rule as Check 2
    ? [ambiguous-text-clipped-scrollable]: #mantine-kmj6yxdlt-tab-closed — text reachable by horizontal scrolling (carousel/scroll-tabs) — same R1 rule as Check 2
    ? [ambiguous-offscreen]: #mantine-kmj6yxdlt-tab-closed — element reachable by horizontal scrolling (carousel/scroll-tabs)
    ? [ambiguous-outside-scrollable]: #mantine-kmj6yxdlt-tab-closed — element reachable by horizontal scrolling (carousel/scroll-tabs) — same R1 rule as Check 2
  Patterns/Mantine/ListingsStatusTabs/Default × sq × mobile-320
    ? [ambiguous-text-clipped-scrollable]: #mantine-dvv9uddfs-tab-active — text reachable by horizontal scrolling (carousel/scroll-tabs) — same R1 rule as Check 2
    ? [ambiguous-text-clipped-scrollable]: #mantine-dvv9uddfs-tab-closed — text reachable by horizontal scrolling (carousel/scroll-tabs) — same R1 rule as Check 2
    ? [ambiguous-offscreen]: #mantine-dvv9uddfs-tab-closed — element reachable by horizontal scrolling (carousel/scroll-tabs)
    ? [ambiguous-outside-scrollable]: #mantine-dvv9uddfs-tab-closed — element reachable by horizontal scrolling (carousel/scroll-tabs) — same R1 rule as Check 2
  Patterns/Mantine/ListingsStatusTabs/Default × uk × mobile-320
    ? [ambiguous-text-clipped-scrollable]: #mantine-ej3xdt5wr-tab-active — text reachable by horizontal scrolling (carousel/scroll-tabs) — same R1 rule as Check 2
    ? [ambiguous-text-clipped-scrollable]: #mantine-ej3xdt5wr-tab-closed — text reachable by horizontal scrolling (carousel/scroll-tabs) — same R1 rule as Check 2
    ? [ambiguous-offscreen]: #mantine-ej3xdt5wr-tab-closed — element reachable by horizontal scrolling (carousel/scroll-tabs)
    ? [ambiguous-outside-scrollable]: #mantine-ej3xdt5wr-tab-closed — element reachable by horizontal scrolling (carousel/scroll-tabs) — same R1 rule as Check 2
EXIT_CODE=1
