check:surface-census — per-surface GR-1 census (Task 817)
    Surface: src/modules/listings/components/FavoritesShell.tsx
    Nodes visited: 16
    Local import edges resolved (from tier-1 nodes): 64
    Non-rendered local imports skipped (hooks/utils/consts/context/type-only): 47
    Tier-3 nodes excluded from recursion, owner-filed (0): none
    Barrel hops unwrapped (single-hop, index.ts/tsx re-export): 3
    Barrel edges NOT unwrapped (reported at the barrel file itself): 0
    className is counted as JsxAttribute nodes named "className" via the TypeScript AST (whole file).
    ui-imports is counted as RENDERED, non-type-only import bindings in that node's own file resolving
    under src/components/ui/* (a co-located .module.css or hook sibling is never a rendered JSX tag).
    story:yes means a canonical Mantine story imports the node directly OR through a single-hop index.ts(x)
    barrel re-export (same resolution the render-side walk uses) — never merely its parent (GR-3).
    Nodes whose source could not be parsed (unreadable, or real TypeScript parse errors): 0
    Cannot see: dynamic import(), React.lazy(), and components rendered only from a .stories.tsx file.
    Task 831 R11: a .ts root is not a component; a .ts module that renders through createElement or
    re-exports a component under a non-barrel name is not walked.
    Canonical Mantine story files consulted: 140 (of 173 total *.stories.ts(x)).

NODES (16):
    src/modules/listings/components/FavoritesShell.tsx  tier:tier1  manifest:yes  story:yes  className:0  ui-imports:0  parent:(root surface)
    src/design-system/mantine/patterns/MantineEmptyLoadingErrorState.tsx  tier:tier1  manifest:yes  story:yes  className:0  ui-imports:0  parent:src/modules/listings/components/FavoritesShell.tsx
    src/design-system/mantine/patterns/MantineListingCardTrack.tsx  tier:tier1  manifest:yes  story:yes  className:5  ui-imports:0  parent:src/modules/listings/components/FavoritesShell.tsx
    src/modules/listings/components/CollectionsSection.tsx  tier:tier1  manifest:yes  story:yes  className:0  ui-imports:0  parent:src/modules/listings/components/FavoritesShell.tsx
    src/modules/listings/components/FavoritesTypeFilter.tsx  tier:tier1  manifest:yes  story:yes  className:0  ui-imports:0  parent:src/modules/listings/components/FavoritesShell.tsx
    src/modules/listings/components/ListingCard.tsx  tier:tier1  manifest:yes  story:yes  className:6  ui-imports:0  parent:src/modules/listings/components/FavoritesShell.tsx
    src/modules/listings/components/ListingsPagination.tsx  tier:tier1  manifest:yes  story:yes  className:0  ui-imports:0  parent:src/modules/listings/components/FavoritesShell.tsx
    src/design-system/mantine/patterns/MantineCopyIdButton.tsx  tier:tier1  manifest:yes  story:yes  className:3  ui-imports:0  parent:src/modules/listings/components/ListingCard.tsx
    src/design-system/mantine/patterns/MantineListingCardPattern.tsx  tier:tier1  manifest:yes  story:yes  className:27  ui-imports:0  parent:src/modules/listings/components/ListingCard.tsx
    src/design-system/mantine/patterns/MantineModal.tsx  tier:tier1  manifest:yes  story:yes  className:0  ui-imports:0  parent:src/modules/listings/components/CollectionsSection.tsx
    src/design-system/mantine/patterns/MantinePagination.tsx  tier:tier1  manifest:yes  story:yes  className:0  ui-imports:0  parent:src/modules/listings/components/ListingsPagination.tsx
    src/design-system/media/AppImage.tsx  tier:tier1  manifest:yes  story:yes  className:2  ui-imports:0  parent:src/modules/listings/components/ListingCard.tsx
    src/modules/listings/components/FavoriteButton.tsx  tier:tier1  manifest:yes  story:yes  className:0  ui-imports:0  parent:src/modules/listings/components/ListingCard.tsx
    src/modules/listings/components/ListingFeatureIcon.tsx  tier:tier1  manifest:yes  story:yes  className:1  ui-imports:0  parent:src/modules/listings/components/ListingCard.tsx
    src/design-system/mantine/patterns/responsiveBottomSheet.tsx  tier:tier1  manifest:yes  story:yes  className:0  ui-imports:0  parent:src/design-system/mantine/patterns/MantineModal.tsx
    src/design-system/media/MediaPlaceholder.tsx  tier:tier1  manifest:yes  story:yes  className:0  ui-imports:0  parent:src/design-system/media/AppImage.tsx

Barrel hops unwrapped (3):
    src/modules/listings/components/ListingCard.tsx imports '@/design-system/mantine/patterns' -> src/design-system/mantine/patterns/index.ts -> src/design-system/mantine/patterns/MantineListingCardPattern.tsx
    src/modules/listings/components/ListingCard.tsx imports '@/design-system/mantine/patterns' -> src/design-system/mantine/patterns/index.ts -> src/design-system/mantine/patterns/MantineCopyIdButton.tsx
    src/modules/listings/components/CollectionsSection.tsx imports '@/design-system/mantine/patterns' -> src/design-system/mantine/patterns/index.ts -> src/design-system/mantine/patterns/MantineModal.tsx

GR-1 CENSUS COMPLETE — 16 nodes; tier1 16 migrated+enrolled+story; tier2 0 imports removed; tier3 0 listed and filed as none.
EXIT_CODE=0
