 .github/workflows/governance-pr.yml                |   6 ++
 docs/backlog.md                                    |   2 +-
 docs/mantine-responsive-design-system.md           |   2 +-
 package.json                                       |   2 +
 scripts/mantine-migration-scope.json               |   1 +
 .../mantine/patterns/MantineAuthFormPattern.tsx    |   3 +-
 .../patterns/MantineListingCardPattern.module.css  |  50 ----------
 .../mantine/patterns/MantineListingCardPattern.tsx |  18 ----
 .../patterns/MantineListingCardTrack.module.css    |   6 +-
 .../patterns/MantineListingContactPattern.tsx      |  65 +++++--------
 .../patterns/MantineListingDetailPattern.tsx       |  13 ++-
 .../patterns/MantinePageHeaderWithActions.tsx      |   3 +-
 .../mantine/patterns/MantineTwoColumnForm.tsx      |   3 +-
 .../MantineListingCardPattern.smoke.test.tsx       |  35 -------
 src/design-system/mantine/typography.ts            |  26 ++++++
 src/design-system/media/AppImage.tsx               |  27 ++++--
 src/design-system/media/appImageConfig.ts          |  27 ++++++
 src/modules/auth/components/ResetPasswordView.tsx  |   7 +-
 .../statistics/components/AgentStatisticsView.tsx  |  10 +-
 src/modules/cms/components/CmsPageView.tsx         |   3 +-
 src/modules/listings/components/FavoritesShell.tsx |   2 -
 .../listings/components/ListingCard.module.css     |  14 ---
 src/modules/listings/components/ListingCard.tsx    |  33 ++-----
 src/modules/listings/components/ListingContact.tsx |   4 +-
 .../listings/components/ListingDetailView.tsx      |   9 +-
 .../listings/components/RecentlyViewedGridView.tsx |   5 +-
 .../listings/components/RecentlyViewedSection.tsx  |  36 -------
 .../components/SaveToCollectionButton.module.css   |  37 --------
 .../listings/components/SaveToCollectionButton.tsx |  87 ++++-------------
 .../listings/components/SimilarListingsView.tsx    |   3 +-
 .../__tests__/ListingCard.smoke.test.tsx           |  66 ++++---------
 .../mantine/primitives/AppImage.stories.tsx        | 104 +++++++++++++++++++--
 .../mantine/primitives/LightboxView.stories.tsx    |   7 +-
 .../mantine/primitives/ListingCard.stories.tsx     |  28 ++----
 .../primitives/SaveToCollectionButton.stories.tsx  |   6 +-
 .../primitives/SimilarListingsView.stories.tsx     |  10 ++
 .../patterns/mantine/AuthFormPattern.stories.tsx   |  46 +++++----
 .../mantine/HomepageListingGrids.stories.tsx       |  15 +--
 .../mantine/ListingCardPattern.stories.tsx         |  78 ++++------------
 .../patterns/mantine/ListingCardTrack.stories.tsx  |  30 ++++--
 .../mantine/ListingContactPattern.stories.tsx      |  19 +++-
 .../mantine/ListingDetailPattern.stories.tsx       |  79 ++++++++--------
 .../patterns/mantine/ListingDetailView.stories.tsx |   7 +-
 .../mantine/ListingGalleryPattern.stories.tsx      |   5 +-
 .../patterns/mantine/ListingsShellView.stories.tsx |   6 +-
 .../mantine/PageHeaderWithActions.stories.tsx      |   7 +-
 .../patterns/mantine/ResetPasswordView.stories.tsx |  29 +++---
 .../patterns/mantine/TwoColumnForm.stories.tsx     |   7 +-
 ..._Task_886_Responsive_Heading_Scale_Site_Wide.md |  36 +++++++
 49 files changed, 506 insertions(+), 618 deletions(-)
