src/components/admin/AdminCompaniesManager.stories.tsx:15:  globals: { viewport: { value: 'desktop1280', isRotated: false } },
src/components/admin/AdminCompaniesManager.stories.tsx:19:  globals: { viewport: { value: 'mobile320', isRotated: false } },
src/components/admin/AdminEmailTemplatesManager.stories.tsx:15:  globals: { viewport: { value: 'desktop1280', isRotated: false } },
src/components/admin/AdminEmailTemplatesManager.stories.tsx:19:  globals: { viewport: { value: 'mobile320', isRotated: false } },
src/components/admin/AdminListingsTable.stories.tsx:27:  globals: { viewport: { value: 'desktop1280', isRotated: false } },
src/components/admin/AdminListingsTable.stories.tsx:36:  globals: { viewport: { value: 'desktop1280', isRotated: false } },
src/components/admin/AdminListingsTable.stories.tsx:40:  globals: { viewport: { value: 'mobile320', isRotated: false } },
src/components/admin/AdminListingsTable.stories.tsx:50:  globals: { viewport: { value: 'mobile320', isRotated: false } },
src/components/admin/AdminListingsTable.stories.tsx:57:  globals: { viewport: { value: 'mobile320', isRotated: false } },
src/components/admin/AdminListingsTable.stories.tsx:65:  globals: { viewport: { value: 'mobile320', isRotated: false } },
src/components/admin/AdminPermissionsManager.stories.tsx:36:  globals: { viewport: { value: 'desktop1280', isRotated: false } },
src/components/admin/AdminPropertyTypesManager.stories.tsx:15:  globals: { viewport: { value: 'desktop1280', isRotated: false } },
src/components/admin/AdminPropertyTypesManager.stories.tsx:19:  globals: { viewport: { value: 'mobile320', isRotated: false } },
src/components/admin/AdminReportsManager.stories.tsx:60:  globals: { viewport: { value: 'desktop1280', isRotated: false } },
src/components/admin/AdminReportsManager.stories.tsx:64:  globals: { viewport: { value: 'mobile320', isRotated: false } },
src/components/admin/AdminSettings.stories.tsx:15:  globals: { viewport: { value: 'desktop1280', isRotated: false } },
src/components/admin/AdminSettings.stories.tsx:19:  globals: { viewport: { value: 'mobile320', isRotated: false } },
src/components/admin/AdminSupportManager.stories.tsx:15:  globals: { viewport: { value: 'desktop1280', isRotated: false } },
src/components/admin/AdminSupportManager.stories.tsx:20:  globals: { viewport: { value: 'desktop1280', isRotated: false } },
src/components/admin/AdminSupportManager.stories.tsx:24:  globals: { viewport: { value: 'mobile320', isRotated: false } },
src/components/admin/AdminSupportManager.stories.tsx:45:  globals: { viewport: { value: 'desktop1280', isRotated: false } },
src/components/admin/AdminUserAvatar.stories.tsx:22:  globals: { viewport: { value: 'desktop1280', isRotated: false } },
src/components/admin/AdminUserAvatar.stories.tsx:27:  globals: { viewport: { value: 'desktop1280', isRotated: false } },
src/components/admin/AdminUserAvatar.stories.tsx:32:  globals: { viewport: { value: 'desktop1280', isRotated: false } },
src/components/admin/AdminUserAvatar.stories.tsx:37:  globals: { viewport: { value: 'mobile320', isRotated: false } },
src/modules/cabinet/components/ListingsTab.stories.tsx:115:  globals: { viewport: { value: 'desktop1280', isRotated: false } },
src/modules/listings/components/ListingFormShellView.stories.tsx:114:  globals: { viewport: { value: 'mobile320', isRotated: false } },
src/modules/listings/components/form/NumInputField.stories.tsx:30:  globals: { viewport: { value: 'desktop1280', isRotated: false } },
src/stories/PlantedVisualViolations.stories.tsx:52:  globals: { viewport: { value: 'mobile320', isRotated: false } },
src/stories/PlantedVisualViolations.stories.tsx:81:  globals: { viewport: { value: 'mobile320', isRotated: false } },
src/stories/PlantedVisualViolations.stories.tsx:105:  globals: { viewport: { value: 'mobile320', isRotated: false } },
src/stories/PlantedVisualViolations.stories.tsx:130:  globals: { viewport: { value: 'mobile320', isRotated: false } },
src/stories/PlantedVisualViolations.stories.tsx:149:  globals: { viewport: { value: 'mobile320', isRotated: false } },
src/stories/PlantedVisualViolations.stories.tsx:179:  globals: { viewport: { value: 'mobile320', isRotated: false } },
src/stories/PlantedVisualViolations.stories.tsx:210:  globals: { viewport: { value: 'mobile320', isRotated: false } },
src/stories/PlantedVisualViolations.stories.tsx:260:  globals: { viewport: { value: 'mobile320', isRotated: false } },
src/stories/PlantedVisualViolations.stories.tsx:284:  globals: { viewport: { value: 'mobile320', isRotated: false } },
src/stories/PlantedVisualViolations.stories.tsx:330:  globals: { viewport: { value: 'mobile320', isRotated: false } },
src/stories/PlantedVisualViolations.stories.tsx:353:  globals: { viewport: { value: 'mobile320', isRotated: false } },
src/stories/PlantedVisualViolations.stories.tsx:377:  globals: { viewport: { value: 'mobile320', isRotated: false } },
src/stories/PlantedVisualViolations.stories.tsx:422:  globals: { viewport: { value: 'mobile320', isRotated: false } },
src/stories/PlantedVisualViolations.stories.tsx:464:  globals: { viewport: { value: 'mobile320', isRotated: false } },
src/stories/PlantedVisualViolations.stories.tsx:509:  globals: { viewport: { value: 'mobile320', isRotated: false } },
src/stories/PlantedVisualViolations.stories.tsx:546:  globals: { viewport: { value: 'mobile320', isRotated: false } },
src/stories/mantine/primitives/LightboxView.stories.tsx:191:  globals: { viewport: { value: 'mobile390', isRotated: false } },
src/stories/mantine/primitives/LightboxView.stories.tsx:208:  globals: { viewport: { value: 'mobile390', isRotated: false } },
