# Integrity re-check after the final doc edits (session log follow-up + backlog row + memory-independent)

### npm.cmd run check:file-integrity

> lero-al@0.1.0 check:file-integrity
> node scripts/check-file-integrity.mjs

🔍  check:file-integrity — git-changed + untracked (default)
    Checking 176 file(s) — NUL bytes · BOM · JSON parse · node --check · truncation

✅  check:file-integrity PASSED — all 176 file(s) clean
EXIT=0

### npm.cmd run check:mojibake

> lero-al@0.1.0 check:mojibake
> node scripts/check-mojibake.mjs

check:mojibake — scanning 6042 text file(s), tracked and untracked-not-ignored, under docs/ src/ app/ components/ modules/ messages/ tasks/ scripts/ + root *.md

check:mojibake: 0 artifacts in 6042 files
EXIT=0

### git --no-optional-locks status --short
 M docs/backlog.md
 M messages/en.json
 M messages/it.json
 M messages/sq.json
 M messages/uk.json
 M package-lock.json
 M package.json
 M scripts/mantine-migration-scope.json
 M src/design-system/mantine/patterns/MantineCombobox.tsx
 M src/design-system/mantine/patterns/MantineDashboardCard.tsx
 M src/design-system/mantine/patterns/__tests__/MantineCombobox.smoke.test.tsx
 M src/design-system/mantine/patterns/index.ts
 M src/design-system/mantine/theme.ts
 M src/lib/__tests__/formatters.test.ts
 M src/lib/formatters.ts
 M src/modules/listings/components/ListingsFilterBar.tsx
?? docs/sessions/2026-09-19-task845-dashboard-chart-patterns.md
?? docs/sessions/evidence/task845/
?? src/design-system/mantine/patterns/MantineDashboardBarChart.tsx
?? src/design-system/mantine/patterns/MantineDashboardChartLegend.tsx
?? src/design-system/mantine/patterns/MantineDashboardChartStateFrame.tsx
?? src/design-system/mantine/patterns/MantineDashboardDonut.tsx
?? src/design-system/mantine/patterns/MantineDashboardLineChart.tsx
?? src/design-system/mantine/patterns/MantineDashboardRadar.tsx
?? src/design-system/mantine/patterns/MantineDashboardRadialProgress.tsx
?? src/design-system/mantine/patterns/MantineDashboardSemiDonut.tsx
?? src/design-system/mantine/patterns/dashboardChartTheme.ts
?? src/design-system/mantine/patterns/useApexTooltipMirror.ts
?? src/stories/patterns/mantine/DashboardBarChart.stories.tsx
?? src/stories/patterns/mantine/DashboardChartLegend.stories.tsx
?? src/stories/patterns/mantine/DashboardChartStateFrame.stories.tsx
?? src/stories/patterns/mantine/DashboardDonut.stories.tsx
?? src/stories/patterns/mantine/DashboardLineChart.stories.tsx
?? src/stories/patterns/mantine/DashboardRadar.stories.tsx
?? src/stories/patterns/mantine/DashboardRadialProgress.stories.tsx
?? src/stories/patterns/mantine/DashboardSemiDonut.stories.tsx
EXIT=0
