# Task 845 Rev2 supplement: two comment-only rewordings (the literal text '@mantine/charts' in MantineDashboardLineChart.tsx:64 and MantineDashboardRadialProgress.tsx:37) made AFTER final-gate-rev2.log, because its --untracked AC9 grep found them.
# Re-run of the affected commands only (the full gate takes ~50 min, dominated by check:locale-leak). Comment-only change => typecheck/build unaffected, re-run typecheck anyway.

### git --no-optional-locks grep --untracked -n -E @mantine/charts|from 'recharts' -- src .storybook
EXIT=1

### npm.cmd run typecheck

> lero-al@0.1.0 typecheck
> tsc --noEmit

EXIT=0

### npm.cmd run check:file-integrity

> lero-al@0.1.0 check:file-integrity
> node scripts/check-file-integrity.mjs

🔍  check:file-integrity — git-changed + untracked (default)
    Checking 168 file(s) — NUL bytes · BOM · JSON parse · node --check · truncation

✅  check:file-integrity PASSED — all 168 file(s) clean
EXIT=0

### npm.cmd run check:mojibake

> lero-al@0.1.0 check:mojibake
> node scripts/check-mojibake.mjs

check:mojibake — scanning 6035 text file(s), tracked and untracked-not-ignored, under docs/ src/ app/ components/ modules/ messages/ tasks/ scripts/ + root *.md

check:mojibake: 0 artifacts in 6035 files
EXIT=0

### git --no-optional-locks hash-object package.json package-lock.json messages/sq.json messages/it.json src/design-system/mantine/theme.ts src/design-system/mantine/patterns/MantineCombobox.tsx src/design-system/mantine/patterns/MantineDashboardCard.tsx src/lib/formatters.ts src/design-system/mantine/patterns/dashboardChartTheme.ts src/design-system/mantine/patterns/MantineDashboardChartLegend.tsx src/design-system/mantine/patterns/MantineDashboardChartStateFrame.tsx src/design-system/mantine/patterns/MantineDashboardChartTooltipContent.tsx src/design-system/mantine/patterns/MantineDashboardLineChart.tsx src/design-system/mantine/patterns/MantineDashboardBarChart.tsx src/design-system/mantine/patterns/MantineDashboardDonut.tsx src/design-system/mantine/patterns/MantineDashboardSemiDonut.tsx src/design-system/mantine/patterns/MantineDashboardRadar.tsx src/design-system/mantine/patterns/MantineDashboardRadialProgress.tsx
80724978f2f19211dfb10c213522702e0cf0ddc4
ac1ae325efc7d589c5e66696c3f055fcae1f95bb
92077cb80a1b67d56d7a43ff78c4366000dcfc0b
7a7baf9c59ee57509daf2fd7c7f3b9865a387e78
51067e8183da749da0195485ea5c0a226ae05ecd
1a64070300181bea245655a271f84fb654d4517a
82589455bc1dd1a6ec6f095e33df5e6c701c8cac
46f10ad5ef20815ec38b0d9d324ccd8f4546050c
edfe762aae4b8fcba3b92853c6ac5345cd43508e
be464ab00410d467e561bf4b733b5ebae8f53a8d
5cdd9612142dd4dc7c71ac8f1f8377293e7f7dc1
94a861e80907495a721175224915142106bcc82a
2963c2f98b2e8125d6457a041ebaa4ec8d1e7c2a
f218f7af55734b3cd36827c12b24bc5cb77a90ec
6af05c573b2bf4f65e14fb02203a4a3f3f237651
f1bd075fe0f972cbfe7143a67c76c909ba5217a9
08d0891d89802a59408ec140117acbcd4d02951e
0429518c19dbd0d063d7bb17317925a2c0f10a72
EXIT=0

# After the docs edits (session log Revision 2 section, backlog row): integrity re-check

### npm.cmd run check:file-integrity

> lero-al@0.1.0 check:file-integrity
> node scripts/check-file-integrity.mjs

🔍  check:file-integrity — git-changed + untracked (default)
    Checking 169 file(s) — NUL bytes · BOM · JSON parse · node --check · truncation

✅  check:file-integrity PASSED — all 169 file(s) clean
EXIT=0

### npm.cmd run check:mojibake

> lero-al@0.1.0 check:mojibake
> node scripts/check-mojibake.mjs

check:mojibake — scanning 6035 text file(s), tracked and untracked-not-ignored, under docs/ src/ app/ components/ modules/ messages/ tasks/ scripts/ + root *.md

check:mojibake: 0 artifacts in 6035 files
EXIT=0
