
> lero-al@0.1.0 screenshots:assert
> node scripts/check-stories-rendered.mjs --mantine-only --mantine-only

📸  Starting rendered assertion (mantine-only mode)
    Output: .screenshots/rendered-assert/2026-09-02T12-42/

Mantine selected: 83; non-Mantine excluded: 239
mantine-only run. NOT RUN: Phase 1 (ASSERT_STORIES — including the 4 `.listing-card` anchor rows: system-featuredlistings--default, system-latestlistings--default, system-similarlistings--default, patterns-mantine-homepagelistinggrids--default); Phase 2 (geometry-only sweep).

  mantine: ??✓✓✓✓✓✓?✓✓✓✓✓✓✓✓✓✓✓✓✓✓✓✓✓✓✓✓✓✓✓✓✓✓✓✓✓✓✓✓✓✓✓✓✓✓✓✓✓✓✓✓✓✓✓✓✓✓✓✓✓✓✓✓✓✓✓✓✓✓✓✓✓✓✓✓✓✓✓✓✓✓✓✓✓✓✓✓✓✓✓✓✓✓✓✓✓✓✓✓✓✓✓✓✓✓✓✓✓✓✓✓✓?✓✓✓?✓✓✓?✓✓✓?✓✓✓✓✓✓✓✓✓✓✓✓✓✓✓✓✓✓✓✓✓✓✓✓✓✓✓✓✓✓✓✓✓✓✓✓✓✓✓✓✓✓✓✓✓✓✓✓✓✓✓✓✓✓✓✓✓✓✓✓✓✓✓✓✓✓✓✓✓✓✓✓✓✓✓✓✓✓✓✓✓✓✓✓✓✓✓✓✓✓✓✓✓✓✓✓✓✓✓✓✓✓✓✓✓✓✓✓✓✓✓✓✓✓✓✓✓✓✓✓✓✓✓✓✓✓✓✓✓✓✓✓✓✓✓✓✓✓✓✓✓✓✓✓✓✓✓✓✓✓✓✓✓✓✓✓✓✓✓✓✓✓✓✓✓✓✓✓✓✓✓✓✓✓✓✓✓✓✓✓✓✓✓✓✓✓✓✓✓✓✓✓✓✓✓✓✓✓✓✓✓✓✓✓✓✓✓✓✓✓✓✓✓✓✓✓✓✓✓✓✓✓✓✓✓✓✓✓✓✓✓✓✓✓✓✓✓✓✓✓✓✓✓✓✓✓✓✓✓✓✓✓✓✓✓✓✓✓✓✓✓✓✓✓✓✓✓✓✓✓✓✓✓✓✓✓✓✓✓✓✓✓✓✓✓✓✓✓✓✓✓✓✓✓✓✓✓✓✓✓✓✓✓✓✓✓✓✓✓✓✓✓✓✓✓✓✓✓✓✓✓✓✓✓✓✓✓✓✓✓✓✓✓✓✓✓✓✓✓✓✓✓✓✓✓✓✓✓✓✓✓✓✓✓✓✓✓✓✓✓✓✓✓✓✓✓✓✓✓✓✓✓✓✓✓✓✓✓✓✓✓✓✓✓✓✓✓✓✓✓✓✓✓✓✓✓✓✓✓✓✓✓✓✓✓✓✓✓✓✓✓✓✓✓✓✓✓✓✓✓✓✓✓✓✓✓✓✓✓✓✓✓✓✓✓✓✓✓✓✓✓✓✓✓✓✓✓✓✓✓✓✓✓✓✓✓✓✓✓✓✓✓✓✓✓✓✓✓✓✓✓✓✓✓✓✓✓✓✓✓✓✓✓✓✓✓✓✓✓✓✓✓✓✓✓✓✓✓✓✓✓✓✓✓✓????✓✓✓????✓✓✓????✓✓✓????✓✓✓✓✓✓✓✓✓✓✓✓✓✓✓✓✓✓✓✓✓✓✓✓✓✓✓✓✓✓✓✓✓✓✓✓✓✓✓✓✓✓✓✓✓✓✓✓✓✓✓✓✓✓✓✓✓✓✓✓✓✓✓✓✓✓✓✓✓✓✓✓✓✓✓✓✓✓✓✓✓✓✓✓✓✓✓✓✓✓✓✓✓✓✓✓✓✓✓✓✓✓✓✓✓✓✓✓✓✓✓✓✓✓✓✓✓✓✓✓✓✓✓✓✓✓✓✓✓✓✓✓✓✓✓✓✓✓✓✓✓✓✓✓✓✓✓✓✓✓✓✓✓✓✓✓✓✓✓✓✓✓✓✓✓✓✓✓✓✓✓✓✓✓✓✓✓✓✓??✓✓✓✓✓✓?✓✓✓?✓✓✓✓✓✓✓✓✓✓✓✓✓✓✓✓✓✓✓✓✓✓✓✓✓✓✓✓✓✓✓✓✓✓✓✓✓✓✓✓✓✓✓✓✓✓✓✓✓✓✓✓✓✓✓✓✓✓✓✓✓✓✓✓✓✓✓✓✓✓✓✓✓✓✓✓✓✓✓✓✓✓✓✓✓✓✓✓✓✓✓✓✓✓✓✓✓✓✓✓✓✓✓✓✓✓✓✓✓✓✓✓✓✓✓✓✓✓✓✓✓✓✓✓✓✓✓✓✓✓✓✓✗✗✓✓✗✗✓✓✗✗✓✓✗✗✓EEEEEEEEEEEEEEEEEEEEEEEEEEEEEEEEEEEEEEEEEEEEEEEE✓✗✗✓✓✗✗✓✓✗✗✓✓✗✗✓EEEEEEEEEEEEEEEE✓✓✓✓✓✓✓✓✓✓✓✓✓✓✓✓✓✓✓✓✓✓✓✓✓✓✓✓✓✓✓✓✓✓✓✓✓✓✓✓✓✓✓✓✓✓✓✓✓✓✓✓✓✓✓✓✓✓✓✓✓✓✓✓✓✓✓✓✓✓✓✓✓✓✓✓✓✓✓✓✓✓✓✓✓✓✓✓✓✓✓✓✓✓✓✓✓✓✓✓✓✓✓✓✓✓✓✓✓✓✓✓✓✓✓✓✓✓✓✓✓✓✓✓✓✓✓✓✓✓✓✓✓✓✓✓✓✓✓✓✓✓✓✓✓✓✓✓✓✓✓✓✓✓✓✓✓✓✓✓✓✓✓✓✓✓✓✓✓✓✓✓✓✓✓✓✓✓✓✓✓✓✓✓✓✓✓✓✓✓✓✓✓✓✓✓✓✓✓✓✓✓✓✓✓✓✓✓✓✓✓✓✓✓✓✓✓✓✓✓✓✓✓✓✓✓✓✓✓✓✓✓✓✓✓✓✓✓✓✓✓✓✓✓✓✓✓✓✓✓✓✓✓✓✓✓✓✓✓✓✓✓✓✓✓✓✓✓✓✓✓✓✓✓✓✓✓✓✓✓✓✓✓✓✓✓✓✓✓✓✓✓✓✓✓✓✓✓✓✓✓✓✓✓


Inventory: docs/governance-reports/2026-06-19-task467-storybook-visual-defect-inventory.md
Results: 1273/1380 PASS, 80 FAIL, 27 AMBIGUOUS (needs-owner-decision)
  ambiguous-overlap: 27
flaky-recovered: 0
Manifest: .screenshots/rendered-assert/2026-09-02T12-42/manifest.json
PNGs: .screenshots/rendered-assert/2026-09-02T12-42/*.png
npm.cmd : 
At line:3 char:1
+ npm.cmd run screenshots:assert -- --mantine-only *> "C:\Claude_Code_P ...
+ ~~~~~~~~~~~~~~~~~~~~~~~~~~~~~~~~~~~~~~~~~~~~~~~~~~~~~~~~~~~~~~~~~~~~~
    + CategoryInfo          : NotSpecified: (:String) [], RemoteException
    + FullyQualifiedErrorId : NativeCommandError
 
❌ Failed cells:
  Patterns/Mantine/AuthSheet/Login × sq × mobile-375
    ✗ text button not full-width at <640: trigger (Story opens the drawer directly
  Patterns/Mantine/AuthSheet/Login × sq × mobile-390
    ✗ text button not full-width at <640: trigger (Story opens the drawer directly
  Patterns/Mantine/AuthSheet/Login × en × mobile-375
    ✗ text button not full-width at <640: trigger (Story opens the drawer directly
  Patterns/Mantine/AuthSheet/Login × en × mobile-390
    ✗ text button not full-width at <640: trigger (Story opens the drawer directly
  Patterns/Mantine/AuthSheet/Login × uk × mobile-375
    ✗ text button not full-width at <640: trigger (Story opens the drawer directly
  Patterns/Mantine/AuthSheet/Login × uk × mobile-390
    ✗ text button not full-width at <640: trigger (Story opens the drawer directly
  Patterns/Mantine/AuthSheet/Login × it × mobile-375
    ✗ text button not full-width at <640: trigger (Story opens the drawer directly
  Patterns/Mantine/AuthSheet/Login × it × mobile-390
    ✗ text button not full-width at <640: trigger (Story opens the drawer directly
  Patterns/Mantine/AuthSheet/Register × sq × mobile-320
    Error: page.goto: Timeout 20000ms exceeded.
Call log:
[2m  - navigating to "http://127.0.0.1:6008/iframe.html?id=patterns-mantine-authsheet--register&globals=locale:sq&viewMode=story", waiting until "networkidle"[22m

  Patterns/Mantine/AuthSheet/Register × sq × mobile-375
    Error: page.goto: Timeout 20000ms exceeded.
Call log:
[2m  - navigating to "http://127.0.0.1:6008/iframe.html?id=patterns-mantine-authsheet--register&globals=locale:sq&viewMode=story", waiting until "networkidle"[22m

  Patterns/Mantine/AuthSheet/Register × sq × mobile-390
    Error: page.goto: Timeout 20000ms exceeded.
Call log:
[2m  - navigating to "http://127.0.0.1:6008/iframe.html?id=patterns-mantine-authsheet--register&globals=locale:sq&viewMode=story", waiting until "networkidle"[22m

  Patterns/Mantine/AuthSheet/Register × sq × desktop-1024
    Error: page.goto: Timeout 20000ms exceeded.
Call log:
[2m  - navigating to "http://127.0.0.1:6008/iframe.html?id=patterns-mantine-authsheet--register&globals=locale:sq&viewMode=story", waiting until "networkidle"[22m

  Patterns/Mantine/AuthSheet/Register × en × mobile-320
    Error: page.goto: Timeout 20000ms exceeded.
Call log:
[2m  - navigating to "http://127.0.0.1:6008/iframe.html?id=patterns-mantine-authsheet--register&globals=locale:en&viewMode=story", waiting until "networkidle"[22m

  Patterns/Mantine/AuthSheet/Register × en × mobile-375
    Error: page.goto: Timeout 20000ms exceeded.
Call log:
[2m  - navigating to "http://127.0.0.1:6008/iframe.html?id=patterns-mantine-authsheet--register&globals=locale:en&viewMode=story", waiting until "networkidle"[22m

  Patterns/Mantine/AuthSheet/Register × en × mobile-390
    Error: page.goto: Timeout 20000ms exceeded.
Call log:
[2m  - navigating to "http://127.0.0.1:6008/iframe.html?id=patterns-mantine-authsheet--register&globals=locale:en&viewMode=story", waiting until "networkidle"[22m

  Patterns/Mantine/AuthSheet/Register × en × desktop-1024
    Error: page.goto: Timeout 20000ms exceeded.
Call log:
[2m  - navigating to "http://127.0.0.1:6008/iframe.html?id=patterns-mantine-authsheet--register&globals=locale:en&viewMode=story", waiting until "networkidle"[22m

  Patterns/Mantine/AuthSheet/Register × uk × mobile-320
    Error: page.goto: Timeout 20000ms exceeded.
Call log:
[2m  - navigating to "http://127.0.0.1:6008/iframe.html?id=patterns-mantine-authsheet--register&globals=locale:uk&viewMode=story", waiting until "networkidle"[22m

  Patterns/Mantine/AuthSheet/Register × uk × mobile-375
    Error: page.goto: Timeout 20000ms exceeded.
Call log:
[2m  - navigating to "http://127.0.0.1:6008/iframe.html?id=patterns-mantine-authsheet--register&globals=locale:uk&viewMode=story", waiting until "networkidle"[22m

  Patterns/Mantine/AuthSheet/Register × uk × mobile-390
    Error: page.goto: Timeout 20000ms exceeded.
Call log:
[2m  - navigating to "http://127.0.0.1:6008/iframe.html?id=patterns-mantine-authsheet--register&globals=locale:uk&viewMode=story", waiting until "networkidle"[22m

  Patterns/Mantine/AuthSheet/Register × uk × desktop-1024
    Error: page.goto: Timeout 20000ms exceeded.
Call log:
[2m  - navigating to "http://127.0.0.1:6008/iframe.html?id=patterns-mantine-authsheet--register&globals=locale:uk&viewMode=story", waiting until "networkidle"[22m

  Patterns/Mantine/AuthSheet/Register × it × mobile-320
    Error: page.goto: Timeout 20000ms exceeded.
Call log:
[2m  - navigating to "http://127.0.0.1:6008/iframe.html?id=patterns-mantine-authsheet--register&globals=locale:it&viewMode=story", waiting until "networkidle"[22m

  Patterns/Mantine/AuthSheet/Register × it × mobile-375
    Error: page.goto: Timeout 20000ms exceeded.
Call log:
[2m  - navigating to "http://127.0.0.1:6008/iframe.html?id=patterns-mantine-authsheet--register&globals=locale:it&viewMode=story", waiting until "networkidle"[22m

  Patterns/Mantine/AuthSheet/Register × it × mobile-390
    Error: page.goto: Timeout 20000ms exceeded.
Call log:
[2m  - navigating to "http://127.0.0.1:6008/iframe.html?id=patterns-mantine-authsheet--register&globals=locale:it&viewMode=story", waiting until "networkidle"[22m

  Patterns/Mantine/AuthSheet/Register × it × desktop-1024
    Error: page.goto: Timeout 20000ms exceeded.
Call log:
[2m  - navigating to "http://127.0.0.1:6008/iframe.html?id=patterns-mantine-authsheet--register&globals=locale:it&viewMode=story", waiting until "networkidle"[22m

  Patterns/Mantine/AuthSheet/Register Agent × sq × mobile-320
    Error: page.goto: Timeout 20000ms exceeded.
Call log:
[2m  - navigating to "http://127.0.0.1:6008/iframe.html?id=patterns-mantine-authsheet--register-agent&globals=locale:sq&viewMode=story", waiting until "networkidle"[22m

  Patterns/Mantine/AuthSheet/Register Agent × sq × mobile-375
    Error: page.goto: Timeout 20000ms exceeded.
Call log:
[2m  - navigating to "http://127.0.0.1:6008/iframe.html?id=patterns-mantine-authsheet--register-agent&globals=locale:sq&viewMode=story", waiting until "networkidle"[22m

  Patterns/Mantine/AuthSheet/Register Agent × sq × mobile-390
    Error: page.goto: Timeout 20000ms exceeded.
Call log:
[2m  - navigating to "http://127.0.0.1:6008/iframe.html?id=patterns-mantine-authsheet--register-agent&globals=locale:sq&viewMode=story", waiting until "networkidle"[22m

  Patterns/Mantine/AuthSheet/Register Agent × sq × desktop-1024
    Error: page.goto: Timeout 20000ms exceeded.
Call log:
[2m  - navigating to "http://127.0.0.1:6008/iframe.html?id=patterns-mantine-authsheet--register-agent&globals=locale:sq&viewMode=story", waiting until "networkidle"[22m

  Patterns/Mantine/AuthSheet/Register Agent × en × mobile-320
    Error: page.goto: Timeout 20000ms exceeded.
Call log:
[2m  - navigating to "http://127.0.0.1:6008/iframe.html?id=patterns-mantine-authsheet--register-agent&globals=locale:en&viewMode=story", waiting until "networkidle"[22m

  Patterns/Mantine/AuthSheet/Register Agent × en × mobile-375
    Error: page.goto: Timeout 20000ms exceeded.
Call log:
[2m  - navigating to "http://127.0.0.1:6008/iframe.html?id=patterns-mantine-authsheet--register-agent&globals=locale:en&viewMode=story", waiting until "networkidle"[22m

  Patterns/Mantine/AuthSheet/Register Agent × en × mobile-390
    Error: page.goto: Timeout 20000ms exceeded.
Call log:
[2m  - navigating to "http://127.0.0.1:6008/iframe.html?id=patterns-mantine-authsheet--register-agent&globals=locale:en&viewMode=story", waiting until "networkidle"[22m

  Patterns/Mantine/AuthSheet/Register Agent × en × desktop-1024
    Error: page.goto: Timeout 20000ms exceeded.
Call log:
[2m  - navigating to "http://127.0.0.1:6008/iframe.html?id=patterns-mantine-authsheet--register-agent&globals=locale:en&viewMode=story", waiting until "networkidle"[22m

  Patterns/Mantine/AuthSheet/Register Agent × uk × mobile-320
    Error: page.goto: Timeout 20000ms exceeded.
Call log:
[2m  - navigating to "http://127.0.0.1:6008/iframe.html?id=patterns-mantine-authsheet--register-agent&globals=locale:uk&viewMode=story", waiting until "networkidle"[22m

  Patterns/Mantine/AuthSheet/Register Agent × uk × mobile-375
    Error: page.goto: Timeout 20000ms exceeded.
Call log:
[2m  - navigating to "http://127.0.0.1:6008/iframe.html?id=patterns-mantine-authsheet--register-agent&globals=locale:uk&viewMode=story", waiting until "networkidle"[22m

  Patterns/Mantine/AuthSheet/Register Agent × uk × mobile-390
    Error: page.goto: Timeout 20000ms exceeded.
Call log:
[2m  - navigating to "http://127.0.0.1:6008/iframe.html?id=patterns-mantine-authsheet--register-agent&globals=locale:uk&viewMode=story", waiting until "networkidle"[22m

  Patterns/Mantine/AuthSheet/Register Agent × uk × desktop-1024
    Error: page.goto: Timeout 20000ms exceeded.
Call log:
[2m  - navigating to "http://127.0.0.1:6008/iframe.html?id=patterns-mantine-authsheet--register-agent&globals=locale:uk&viewMode=story", waiting until "networkidle"[22m

  Patterns/Mantine/AuthSheet/Register Agent × it × mobile-320
    Error: page.goto: Timeout 20000ms exceeded.
Call log:
[2m  - navigating to "http://127.0.0.1:6008/iframe.html?id=patterns-mantine-authsheet--register-agent&globals=locale:it&viewMode=story", waiting until "networkidle"[22m

  Patterns/Mantine/AuthSheet/Register Agent × it × mobile-375
    Error: page.goto: Timeout 20000ms exceeded.
Call log:
[2m  - navigating to "http://127.0.0.1:6008/iframe.html?id=patterns-mantine-authsheet--register-agent&globals=locale:it&viewMode=story", waiting until "networkidle"[22m

  Patterns/Mantine/AuthSheet/Register Agent × it × mobile-390
    Error: page.goto: Timeout 20000ms exceeded.
Call log:
[2m  - navigating to "http://127.0.0.1:6008/iframe.html?id=patterns-mantine-authsheet--register-agent&globals=locale:it&viewMode=story", waiting until "networkidle"[22m

  Patterns/Mantine/AuthSheet/Register Agent × it × desktop-1024
    Error: page.goto: Timeout 20000ms exceeded.
Call log:
[2m  - navigating to "http://127.0.0.1:6008/iframe.html?id=patterns-mantine-authsheet--register-agent&globals=locale:it&viewMode=story", waiting until "networkidle"[22m

  Patterns/Mantine/AuthSheet/Forgot Password × sq × mobile-320
    Error: page.goto: Timeout 20000ms exceeded.
Call log:
[2m  - navigating to "http://127.0.0.1:6008/iframe.html?id=patterns-mantine-authsheet--forgot-password&globals=locale:sq&viewMode=story", waiting until "networkidle"[22m

  Patterns/Mantine/AuthSheet/Forgot Password × sq × mobile-375
    Error: page.goto: Timeout 20000ms exceeded.
Call log:
[2m  - navigating to "http://127.0.0.1:6008/iframe.html?id=patterns-mantine-authsheet--forgot-password&globals=locale:sq&viewMode=story", waiting until "networkidle"[22m

  Patterns/Mantine/AuthSheet/Forgot Password × sq × mobile-390
    Error: page.goto: Timeout 20000ms exceeded.
Call log:
[2m  - navigating to "http://127.0.0.1:6008/iframe.html?id=patterns-mantine-authsheet--forgot-password&globals=locale:sq&viewMode=story", waiting until "networkidle"[22m

  Patterns/Mantine/AuthSheet/Forgot Password × sq × desktop-1024
    Error: page.goto: Timeout 20000ms exceeded.
Call log:
[2m  - navigating to "http://127.0.0.1:6008/iframe.html?id=patterns-mantine-authsheet--forgot-password&globals=locale:sq&viewMode=story", waiting until "networkidle"[22m

  Patterns/Mantine/AuthSheet/Forgot Password × en × mobile-320
    Error: page.goto: Timeout 20000ms exceeded.
Call log:
[2m  - navigating to "http://127.0.0.1:6008/iframe.html?id=patterns-mantine-authsheet--forgot-password&globals=locale:en&viewMode=story", waiting until "networkidle"[22m

  Patterns/Mantine/AuthSheet/Forgot Password × en × mobile-375
    Error: page.goto: Timeout 20000ms exceeded.
Call log:
[2m  - navigating to "http://127.0.0.1:6008/iframe.html?id=patterns-mantine-authsheet--forgot-password&globals=locale:en&viewMode=story", waiting until "networkidle"[22m

  Patterns/Mantine/AuthSheet/Forgot Password × en × mobile-390
    Error: page.goto: Timeout 20000ms exceeded.
Call log:
[2m  - navigating to "http://127.0.0.1:6008/iframe.html?id=patterns-mantine-authsheet--forgot-password&globals=locale:en&viewMode=story", waiting until "networkidle"[22m

  Patterns/Mantine/AuthSheet/Forgot Password × en × desktop-1024
    Error: page.goto: Timeout 20000ms exceeded.
Call log:
[2m  - navigating to "http://127.0.0.1:6008/iframe.html?id=patterns-mantine-authsheet--forgot-password&globals=locale:en&viewMode=story", waiting until "networkidle"[22m

  Patterns/Mantine/AuthSheet/Forgot Password × uk × mobile-320
    Error: page.goto: Timeout 20000ms exceeded.
Call log:
[2m  - navigating to "http://127.0.0.1:6008/iframe.html?id=patterns-mantine-authsheet--forgot-password&globals=locale:uk&viewMode=story", waiting until "networkidle"[22m

  Patterns/Mantine/AuthSheet/Forgot Password × uk × mobile-375
    Error: page.goto: Timeout 20000ms exceeded.
Call log:
[2m  - navigating to "http://127.0.0.1:6008/iframe.html?id=patterns-mantine-authsheet--forgot-password&globals=locale:uk&viewMode=story", waiting until "networkidle"[22m

  Patterns/Mantine/AuthSheet/Forgot Password × uk × mobile-390
    Error: page.goto: Timeout 20000ms exceeded.
Call log:
[2m  - navigating to "http://127.0.0.1:6008/iframe.html?id=patterns-mantine-authsheet--forgot-password&globals=locale:uk&viewMode=story", waiting until "networkidle"[22m

  Patterns/Mantine/AuthSheet/Forgot Password × uk × desktop-1024
    Error: page.goto: Timeout 20000ms exceeded.
Call log:
[2m  - navigating to "http://127.0.0.1:6008/iframe.html?id=patterns-mantine-authsheet--forgot-password&globals=locale:uk&viewMode=story", waiting until "networkidle"[22m

  Patterns/Mantine/AuthSheet/Forgot Password × it × mobile-320
    Error: page.goto: Timeout 20000ms exceeded.
Call log:
[2m  - navigating to "http://127.0.0.1:6008/iframe.html?id=patterns-mantine-authsheet--forgot-password&globals=locale:it&viewMode=story", waiting until "networkidle"[22m

  Patterns/Mantine/AuthSheet/Forgot Password × it × mobile-375
    Error: page.goto: Timeout 20000ms exceeded.
Call log:
[2m  - navigating to "http://127.0.0.1:6008/iframe.html?id=patterns-mantine-authsheet--forgot-password&globals=locale:it&viewMode=story", waiting until "networkidle"[22m

  Patterns/Mantine/AuthSheet/Forgot Password × it × mobile-390
    Error: page.goto: Timeout 20000ms exceeded.
Call log:
[2m  - navigating to "http://127.0.0.1:6008/iframe.html?id=patterns-mantine-authsheet--forgot-password&globals=locale:it&viewMode=story", waiting until "networkidle"[22m

  Patterns/Mantine/AuthSheet/Forgot Password × it × desktop-1024
    Error: page.goto: Timeout 20000ms exceeded.
Call log:
[2m  - navigating to "http://127.0.0.1:6008/iframe.html?id=patterns-mantine-authsheet--forgot-password&globals=locale:it&viewMode=story", waiting until "networkidle"[22m

  Patterns/Mantine/AuthSheet/Login Validation Error × sq × mobile-375
    ✗ text button not full-width at <640: trigger (Story opens the drawer directly
  Patterns/Mantine/AuthSheet/Login Validation Error × sq × mobile-390
    ✗ text button not full-width at <640: trigger (Story opens the drawer directly
  Patterns/Mantine/AuthSheet/Login Validation Error × en × mobile-375
    ✗ text button not full-width at <640: trigger (Story opens the drawer directly
  Patterns/Mantine/AuthSheet/Login Validation Error × en × mobile-390
    ✗ text button not full-width at <640: trigger (Story opens the drawer directly
  Patterns/Mantine/AuthSheet/Login Validation Error × uk × mobile-375
    ✗ text button not full-width at <640: trigger (Story opens the drawer directly
  Patterns/Mantine/AuthSheet/Login Validation Error × uk × mobile-390
    ✗ text button not full-width at <640: trigger (Story opens the drawer directly
  Patterns/Mantine/AuthSheet/Login Validation Error × it × mobile-375
    ✗ text button not full-width at <640: trigger (Story opens the drawer directly
  Patterns/Mantine/AuthSheet/Login Validation Error × it × mobile-390

⚠️  27 cells have ambiguous findings (needs-owner-decision):
  Admin/AdminUsersTable/Default × sq × mobile-320
    ? [ambiguous-text-clipped-scrollable]: #mantine-776elqoie-tab-all — text reachable by horizontal scrolling (carousel/scroll-tabs) — same R1 rule as Check 2
    ? [ambiguous-text-clipped-scrollable]: #mantine-776elqoie-tab-verified — text reachable by horizontal scrolling (carousel/scroll-tabs) — same R1 rule as Check 2
    ? [ambiguous-offscreen]: #mantine-776elqoie-tab-verified — element reachable by horizontal scrolling (carousel/scroll-tabs)
    ? [ambiguous-outside-scrollable]: #mantine-776elqoie-tab-verified — element reachable by horizontal scrolling (carousel/scroll-tabs) — same R1 rule as Check 2
  Admin/AdminUsersTable/Default × sq × mobile-375
    ? [ambiguous-text-clipped-scrollable]: #mantine-3bamwypb0-tab-all — text reachable by horizontal scrolling (carousel/scroll-tabs) — same R1 rule as Check 2
    ? [ambiguous-text-clipped-scrollable]: #mantine-3bamwypb0-tab-verified — text reachable by horizontal scrolling (carousel/scroll-tabs) — same R1 rule as Check 2
    ✗ text button not full-width at <640: trigger (Story opens the drawer directly
  Patterns/Mantine/AuthSheet/Register Agent Add Company × sq × mobile-320
    Error: page.goto: Timeout 20000ms exceeded.
Call log:
[2m  - navigating to "http://127.0.0.1:6008/iframe.html?id=patterns-mantine-authsheet--register-agent-add-company&globals=locale:sq&viewMode=story", waiting until "networkidle"[22m

  Patterns/Mantine/AuthSheet/Register Agent Add Company × sq × mobile-375
    Error: page.goto: Timeout 20000ms exceeded.
Call log:
[2m  - navigating to "http://127.0.0.1:6008/iframe.html?id=patterns-mantine-authsheet--register-agent-add-company&globals=locale:sq&viewMode=story", waiting until "networkidle"[22m

  Patterns/Mantine/AuthSheet/Register Agent Add Company × sq × mobile-390
    Error: page.goto: Timeout 20000ms exceeded.
Call log:
[2m  - navigating to "http://127.0.0.1:6008/iframe.html?id=patterns-mantine-authsheet--register-agent-add-company&globals=locale:sq&viewMode=story", waiting until "networkidle"[22m

  Patterns/Mantine/AuthSheet/Register Agent Add Company × sq × desktop-1024
    Error: page.goto: Timeout 20000ms exceeded.
Call log:
[2m  - navigating to "http://127.0.0.1:6008/iframe.html?id=patterns-mantine-authsheet--register-agent-add-company&globals=locale:sq&viewMode=story", waiting until "networkidle"[22m

  Patterns/Mantine/AuthSheet/Register Agent Add Company × en × mobile-320
    Error: page.goto: Timeout 20000ms exceeded.
Call log:
[2m  - navigating to "http://127.0.0.1:6008/iframe.html?id=patterns-mantine-authsheet--register-agent-add-company&globals=locale:en&viewMode=story", waiting until "networkidle"[22m

  Patterns/Mantine/AuthSheet/Register Agent Add Company × en × mobile-375
    Error: page.goto: Timeout 20000ms exceeded.
Call log:
[2m  - navigating to "http://127.0.0.1:6008/iframe.html?id=patterns-mantine-authsheet--register-agent-add-company&globals=locale:en&viewMode=story", waiting until "networkidle"[22m

  Patterns/Mantine/AuthSheet/Register Agent Add Company × en × mobile-390
    Error: page.goto: Timeout 20000ms exceeded.
Call log:
[2m  - navigating to "http://127.0.0.1:6008/iframe.html?id=patterns-mantine-authsheet--register-agent-add-company&globals=locale:en&viewMode=story", waiting until "networkidle"[22m

  Patterns/Mantine/AuthSheet/Register Agent Add Company × en × desktop-1024
    Error: page.goto: Timeout 20000ms exceeded.
Call log:
[2m  - navigating to "http://127.0.0.1:6008/iframe.html?id=patterns-mantine-authsheet--register-agent-add-company&globals=locale:en&viewMode=story", waiting until "networkidle"[22m

  Patterns/Mantine/AuthSheet/Register Agent Add Company × uk × mobile-320
    Error: page.goto: Timeout 20000ms exceeded.
Call log:
[2m  - navigating to "http://127.0.0.1:6008/iframe.html?id=patterns-mantine-authsheet--register-agent-add-company&globals=locale:uk&viewMode=story", waiting until "networkidle"[22m

  Patterns/Mantine/AuthSheet/Register Agent Add Company × uk × mobile-375
    Error: page.goto: Timeout 20000ms exceeded.
Call log:
[2m  - navigating to "http://127.0.0.1:6008/iframe.html?id=patterns-mantine-authsheet--register-agent-add-company&globals=locale:uk&viewMode=story", waiting until "networkidle"[22m

  Patterns/Mantine/AuthSheet/Register Agent Add Company × uk × mobile-390
    Error: page.goto: Timeout 20000ms exceeded.
Call log:
[2m  - navigating to "http://127.0.0.1:6008/iframe.html?id=patterns-mantine-authsheet--register-agent-add-company&globals=locale:uk&viewMode=story", waiting until "networkidle"[22m

  Patterns/Mantine/AuthSheet/Register Agent Add Company × uk × desktop-1024
    Error: page.goto: Timeout 20000ms exceeded.
Call log:
[2m  - navigating to "http://127.0.0.1:6008/iframe.html?id=patterns-mantine-authsheet--register-agent-add-company&globals=locale:uk&viewMode=story", waiting until "networkidle"[22m

  Patterns/Mantine/AuthSheet/Register Agent Add Company × it × mobile-320
    Error: page.goto: Timeout 20000ms exceeded.
Call log:
[2m  - navigating to "http://127.0.0.1:6008/iframe.html?id=patterns-mantine-authsheet--register-agent-add-company&globals=locale:it&viewMode=story", waiting until "networkidle"[22m

  Patterns/Mantine/AuthSheet/Register Agent Add Company × it × mobile-375
    Error: page.goto: Timeout 20000ms exceeded.
Call log:
[2m  - navigating to "http://127.0.0.1:6008/iframe.html?id=patterns-mantine-authsheet--register-agent-add-company&globals=locale:it&viewMode=story", waiting until "networkidle"[22m

  Patterns/Mantine/AuthSheet/Register Agent Add Company × it × mobile-390
    Error: page.goto: Timeout 20000ms exceeded.
Call log:
[2m  - navigating to "http://127.0.0.1:6008/iframe.html?id=patterns-mantine-authsheet--register-agent-add-company&globals=locale:it&viewMode=story", waiting until "networkidle"[22m

  Patterns/Mantine/AuthSheet/Register Agent Add Company × it × desktop-1024
    Error: page.goto: Timeout 20000ms exceeded.
Call log:
[2m  - navigating to "http://127.0.0.1:6008/iframe.html?id=patterns-mantine-authsheet--register-agent-add-company&globals=locale:it&viewMode=story", waiting until "networkidle"[22m

  Admin/AdminUsersTable/Default × uk × mobile-320
    ? [ambiguous-text-clipped-scrollable]: #mantine-5l47fapnl-tab-all — text reachable by horizontal scrolling (carousel/scroll-tabs) — same R1 rule as Check 2
    ? [ambiguous-text-clipped-scrollable]: #mantine-5l47fapnl-tab-verified — text reachable by horizontal scrolling (carousel/scroll-tabs) — same R1 rule as Check 2
    ? [ambiguous-offscreen]: #mantine-5l47fapnl-tab-verified — element reachable by horizontal scrolling (carousel/scroll-tabs)
    ? [ambiguous-outside-scrollable]: #mantine-5l47fapnl-tab-verified — element reachable by horizontal scrolling (carousel/scroll-tabs) — same R1 rule as Check 2
  Mantine/Primitives/Combobox/Default × sq × mobile-390
    ? [ambiguous-overlap]: #mantine-hs6i8yd6i ↔ button("Prona me qira afatgjatë pranë ") — background page content behind an opened overlay's backdrop
  Mantine/Primitives/Combobox/Default × en × mobile-390
    ? [ambiguous-overlap]: #mantine-j6qmy58mf ↔ button("Long-term rental properties ne") — background page content behind an opened overlay's backdrop
  Mantine/Primitives/Combobox/Default × uk × mobile-390
    ? [ambiguous-overlap]: #mantine-1o38bnrn2 ↔ button("Довгострокова оренда нерухомос") — background page content behind an opened overlay's backdrop
  Mantine/Primitives/Combobox/Default × it × mobile-390
    ? [ambiguous-overlap]: #mantine-dr4fw6nzy ↔ button("Immobili in affitto a lungo te") — background page content behind an opened overlay's backdrop
  Mantine/Primitives/PopularLocationsView/Long City Name × sq × mobile-320
    ? [text-clipped-ellipsis]: a("Rrogozhinë-Peqin-Kavajë Bashki") — intentional ellipsis with accessible name or content link
  Mantine/Primitives/PopularLocationsView/Long City Name × sq × mobile-375
    ? [text-clipped-ellipsis]: a("Rrogozhinë-Peqin-Kavajë Bashki") — intentional ellipsis with accessible name or content link
  Mantine/Primitives/PopularLocationsView/Long City Name × sq × mobile-390
    ? [text-clipped-ellipsis]: a("Rrogozhinë-Peqin-Kavajë Bashki") — intentional ellipsis with accessible name or content link
  Mantine/Primitives/PopularLocationsView/Long City Name × sq × desktop-1024
    ? [text-clipped-ellipsis]: a("Rrogozhinë-Peqin-Kavajë Bashki") — intentional ellipsis with accessible name or content link
  Mantine/Primitives/PopularLocationsView/Long City Name × en × mobile-320
    ? [text-clipped-ellipsis]: a("Rrogozhinë-Peqin-Kavajë Bashki") — intentional ellipsis with accessible name or content link
  Mantine/Primitives/PopularLocationsView/Long City Name × en × mobile-375
    ? [text-clipped-ellipsis]: a("Rrogozhinë-Peqin-Kavajë Bashki") — intentional ellipsis with accessible name or content link
  Mantine/Primitives/PopularLocationsView/Long City Name × en × mobile-390
    ? [text-clipped-ellipsis]: a("Rrogozhinë-Peqin-Kavajë Bashki") — intentional ellipsis with accessible name or content link
  Mantine/Primitives/PopularLocationsView/Long City Name × en × desktop-1024
    ? [text-clipped-ellipsis]: a("Rrogozhinë-Peqin-Kavajë Bashki") — intentional ellipsis with accessible name or content link
  Mantine/Primitives/PopularLocationsView/Long City Name × uk × mobile-320
    ? [text-clipped-ellipsis]: a("Rrogozhinë-Peqin-Kavajë Bashki") — intentional ellipsis with accessible name or content link
  Mantine/Primitives/PopularLocationsView/Long City Name × uk × mobile-375
    ? [text-clipped-ellipsis]: a("Rrogozhinë-Peqin-Kavajë Bashki") — intentional ellipsis with accessible name or content link
  Mantine/Primitives/PopularLocationsView/Long City Name × uk × mobile-390
    ? [text-clipped-ellipsis]: a("Rrogozhinë-Peqin-Kavajë Bashki") — intentional ellipsis with accessible name or content link
  Mantine/Primitives/PopularLocationsView/Long City Name × uk × desktop-1024
    ? [text-clipped-ellipsis]: a("Rrogozhinë-Peqin-Kavajë Bashki") — intentional ellipsis with accessible name or content link
  Mantine/Primitives/PopularLocationsView/Long City Name × it × mobile-320
    ? [text-clipped-ellipsis]: a("Rrogozhinë-Peqin-Kavajë Bashki") — intentional ellipsis with accessible name or content link
  Mantine/Primitives/PopularLocationsView/Long City Name × it × mobile-375
    ? [text-clipped-ellipsis]: a("Rrogozhinë-Peqin-Kavajë Bashki") — intentional ellipsis with accessible name or content link
  Mantine/Primitives/PopularLocationsView/Long City Name × it × mobile-390
    ? [text-clipped-ellipsis]: a("Rrogozhinë-Peqin-Kavajë Bashki") — intentional ellipsis with accessible name or content link
  Mantine/Primitives/PopularLocationsView/Long City Name × it × desktop-1024
    ? [text-clipped-ellipsis]: a("Rrogozhinë-Peqin-Kavajë Bashki") — intentional ellipsis with accessible name or content link
  Mantine/Primitives/Tabs/Default × sq × mobile-320
    ? [ambiguous-text-clipped-scrollable]: #mantine-m32h2nvsd-tab-overview — text reachable by horizontal scrolling (carousel/scroll-tabs) — same R1 rule as Check 2
    ? [ambiguous-text-clipped-scrollable]: #mantine-m32h2nvsd-tab-details — text reachable by horizontal scrolling (carousel/scroll-tabs) — same R1 rule as Check 2
    ? [ambiguous-text-clipped-scrollable]: #mantine-m32h2nvsd-tab-activity — text reachable by horizontal scrolling (carousel/scroll-tabs) — same R1 rule as Check 2
    ? [ambiguous-offscreen]: #mantine-m32h2nvsd-tab-activity — element reachable by horizontal scrolling (carousel/scroll-tabs)
    ? [ambiguous-outside-scrollable]: #mantine-m32h2nvsd-tab-activity — element reachable by horizontal scrolling (carousel/scroll-tabs) — same R1 rule as Check 2
  Mantine/Primitives/Tabs/Default × sq × mobile-375
    ? [ambiguous-text-clipped-scrollable]: #mantine-bvifp06gj-tab-overview — text reachable by horizontal scrolling (carousel/scroll-tabs) — same R1 rule as Check 2
    ? [ambiguous-text-clipped-scrollable]: #mantine-bvifp06gj-tab-details — text reachable by horizontal scrolling (carousel/scroll-tabs) — same R1 rule as Check 2
    ? [ambiguous-text-clipped-scrollable]: #mantine-bvifp06gj-tab-activity — text reachable by horizontal scrolling (carousel/scroll-tabs) — same R1 rule as Check 2
    ? [ambiguous-outside-scrollable]: #mantine-bvifp06gj-tab-activity — element reachable by horizontal scrolling (carousel/scroll-tabs) — same R1 rule as Check 2
  Mantine/Primitives/Tabs/Default × uk × mobile-320
    ? [ambiguous-text-clipped-scrollable]: #mantine-6okk0zsjy-tab-overview — text reachable by horizontal scrolling (carousel/scroll-tabs) — same R1 rule as Check 2
    ? [ambiguous-text-clipped-scrollable]: #mantine-6okk0zsjy-tab-details — text reachable by horizontal scrolling (carousel/scroll-tabs) — same R1 rule as Check 2
    ? [ambiguous-text-clipped-scrollable]: #mantine-6okk0zsjy-tab-activity — text reachable by horizontal scrolling (carousel/scroll-tabs) — same R1 rule as Check 2
    ? [ambiguous-outside-scrollable]: #mantine-6okk0zsjy-tab-activity — element reachable by horizontal scrolling (carousel/scroll-tabs) — same R1 rule as Check 2
  Mantine/Primitives/Tabs/Default × it × mobile-320
    ? [ambiguous-text-clipped-scrollable]: #mantine-915vqxy3s-tab-overview — text reachable by horizontal scrolling (carousel/scroll-tabs) — same R1 rule as Check 2
    ? [ambiguous-text-clipped-scrollable]: #mantine-915vqxy3s-tab-details — text reachable by horizontal scrolling (carousel/scroll-tabs) — same R1 rule as Check 2
    ? [ambiguous-text-clipped-scrollable]: #mantine-915vqxy3s-tab-activity — text reachable by horizontal scrolling (carousel/scroll-tabs) — same R1 rule as Check 2
    ? [ambiguous-offscreen]: #mantine-915vqxy3s-tab-activity — element reachable by horizontal scrolling (carousel/scroll-tabs)
    ? [ambiguous-outside-scrollable]: #mantine-915vqxy3s-tab-activity — element reachable by horizontal scrolling (carousel/scroll-tabs) — same R1 rule as Check 2
EXIT_CODE=1
