
> lero-al@0.1.0 screenshots:assert
> node scripts/check-stories-rendered.mjs --mantine-only --mantine-only

📸  Starting rendered assertion (mantine-only mode)
    Output: .screenshots/rendered-assert/2026-09-02T14-47/

Mantine selected: 84; non-Mantine excluded: 239
mantine-only run. NOT RUN: Phase 1 (ASSERT_STORIES — including the 4 `.listing-card` anchor rows: system-featuredlistings--default, system-latestlistings--default, system-similarlistings--default, patterns-mantine-homepagelistinggrids--default); Phase 2 (geometry-only sweep).

  mantine: ??✓✓✓✓✓✓?✓✓✓✓✓✓✓✓✓✓✓✓✓✓✓✓✓✓✓✓✓✓✓✓✓✓✓✓✓✓✓✓✓✓✓✓✓✓✓✓✓✓✓✓✓✓✓✓✓✓✓✓✓✓✓✓✓✓✓✓✓✓✓✓✓✓✓✓✓✓✓✓✓✓✓✓✓✓✓✓✓✓✓✓✓✓✓✓✓✓✓✓✓✓✓✓✓✓✓✓✓✓✓✓✓?✓✓✓?✓✓✓?✓✓✓?✓✓✓✓✓✓✓✓✓✓✓✓✓✓✓✓✓✓✓✓✓✓✓✓✓✓✓✓✓✓✓✓✓✓✓✓✓✓✓✓✓✓✓✓✓✓✓✓✓✓✓✓✓✓✓✓✓✓✓✓✓✓✓✓✓✓✓✓✓✓✓✓✓✓✓✓✓✓✓✓✓✓✓✓✓✓✓✓✓✓✓✓✓✓✓✓✓✓✓✓✓✓✓✓✓✓✓✓✓✓✓✓✓✓✓✓✓✓✓✓✓✓✓✓✓✓✓✓✓✓✓✓✓✓✓✓✓✓✓✓✓✓✓✓✓✓✓✓✓✓✓✓✓✓✓✓✓✓✓✓✓✓✓✓✓✓✓✓✓✓✓✓✓✓✓✓✓✓✓~✓✓✓✓✓✓✓✓✓✓✓✓✓✓✓✓✓✓✓✓✓✓✓✓✓✓✓✓✓✓✓✓✓✓✓✓✓✓✓✓✓✓✓✓✓✓✓✓✓✓✓✓✓✓✓✓✓✓✓✓✓✓✓✓✓✓✓✓✓✓✓✓✓✓✓✓✓✓✓✓✓✓✓✓✓✓✓✓✓✓✓✓✓✓✓✓✓✓✓✓✓✓✓✓✓✓✓✓✓✓✓✓✓✓✓✓✓✓✓✓✓✓✓✓✓✓✓✓✓✓✓✓✓✓✓✓✓✓✓✓✓✓✓✓✓✓✓✓✓✓✓✓✓✓✓✓✓✓✓✓✓✓✓✓✓✓✓✓✓✓✓✓✓✓✓✓✓✓✓✓✓✓✓✓✓✓✓✓✓✓✓✓✓✓✓✓✓✓✓✓✓✓✓✓✓✓✓✓✓✓✓✓✓✓✓✓✓✓✓✓✓✓✓✓✓✓✓✓✓✓✓✓✓✓✓✓✓✓✓✓✓✓✓✓✓✓✓✓✓✓✓✓✓✓✓✓✓✓✓✓✓✓✓✓✓✓✓✓✓✓✓✓✓✓✓✓✓✓✓✓✓✓✓✓✓✓✓✓✓✓✓✓✓✓✓✓✓✓✓✓✓✓✓✓✓✓✓✓✓✓✓✓✓✓✓✓✓✓✓✓✓✓✓✓✓????✓✓✓????✓✓✓????✓✓✓????✓✓✓✓✓✓✓✓✓✓✓✓✓✓✓✓✓✓✓✓✓✓✓✓✓✓✓✓✓✓✓✓✓✓✓✓✓✓✓✓✓✓✓✓✓✓✓✓✓✓✓✓✓✓✓✓✓✓✓✓✓✓✓✓✓✓✓✓✓✓✓✓✓✓✓✓✓✓✓✓✓✓✓✓✓✓✓✓✓✓✓✓✓✓✓✓✓✓✓✓✓✓✓✓✓✓✓✓✓✓✓✓✓✓✓✓✓✓✓✓✓✓✓✓✓✓✓✓✓✓✓✓✓✓✓✓✓✓✓✓✓✓✓✓✓✓✓✓✓✓✓✓✓✓✓✓✓✓✓✓✓✓✓✓✓✓✓✓✓✓✓✓✓✓✓✓✓✓✓??✓✓✓✓✓✓?✓✓✓?✓✓✓✓✓✓✓✓✓✓✓✓✓✓✓✓✓✓✓✓✓✓✓✓✓✓✓✓✓✓✓✓✓✓✓✓✓✓✓✓✓✓✓✓✓✓✓✓✓✓✓✓✓✓✓✓✓✓✓✓✓✓✓✓✓✓✓✓✓✓✓✓✓✓✓✓✓✓✓✓✓✓✓✓✓✓✓✓✓✓✓✓✓✓✓✓✓✓✓✓✓✓✓✓✓✓✓✓✓✓✓✓✓✓✓✓✓✓✓✓✓✓✓✓✓✓✓✓✓✓✓✓✗✗✓✓✗✗✓✓✗✗✓✓✗✗✓EEEEEEEEEEEEEEEEEEEEEEEEEEEEEEEEEEEEEEEEEEEEEEEE✓✗✗✓✓✗✗✓✓✗✗✓✓✗✗✓EEEEEEEEEEEEEEEE✓✓✓✓✓✓✓✓✓✓✓✓✓✓✓✓✓✓✓✓✓✓✓✓✓✓✓✓✓✓✓✓✓✓✓✓✓✓✓✓✓✓✓✓✓✓✓✓✓✓✓✓✓✓✓✓✓✓✓✓✓✓✓✓✓✓✓✓✓✓✓✓✓✓✓✓✓✓✓✓✓✓✓✓✓✓✓✓✓✓✓✓✓✓✓✓✓✓✓✓✓✓✓✓✓✓✓✓✓✓✓✓✓✓✓✓✓✓✓✓✓✓✓✓✓✓✓✓✓✓✓✓✓✓✓✓✓✓✓✓✓✓✓✓✓✓✓✓✓✓✓✓✓✓✓✓✓✓✓✓✓✓✓✓✓✓✓✓✓✓✓✓✓✓✓✓✓✓✓✓✓✓✓✓✓✓✓✓✓✓✓✓✓✓✓✓✓✓✓✓✓✓✓✓✓✓✓✓✓✓✓✓✓✓✓✓✓✓✓✓✓✓✓✓✓✓✓✓✓✓✓✓✓✓✓✓✓✓✓✓✓✓✓✓✓✓✓✓✓✓✓✓✓✓✓✓✓✓✓✓✓✓✓✓✓✓✓✓✓✓✓✓✓✓✓✓✓✓✓✓✓✓✓✓✓✓✓✓✓✓✓✓✓✓✓✓✓✓✓✓✓✓✓✓✓✓✓✓✓✓✓✓✓✓✓✓✓✓✓✓


Inventory: docs/governance-reports/2026-06-19-task467-storybook-visual-defect-inventory.md
Results: 1289/1396 PASS, 80 FAIL, 27 AMBIGUOUS (needs-owner-decision)
  ambiguous-overlap: 27
flaky-recovered: 1
  Recovered cells (passed only after retry):
    Mantine/Primitives/HeroSearch/Fallback × uk × band-700 (retries: 1)
Manifest: .screenshots/rendered-assert/2026-09-02T14-47/manifest.json
PNGs: .screenshots/rendered-assert/2026-09-02T14-47/*.png
npm.cmd : 
At line:1 char:302
+ ... tch {} } }; npm.cmd run screenshots:assert -- --mantine-only *> docs\ ...
+                 ~~~~~~~~~~~~~~~~~~~~~~~~~~~~~~~~~~~~~~~~~~~~~~~~~~~~~~~~~
    + CategoryInfo          : NotSpecified: (:String) [], RemoteException
    + FullyQualifiedErrorId : NativeCommandError
 
❌ Failed cells:
  Patterns/Mantine/AuthSheet/Login × sq × mobile-375
    ✗ text button not full-width at <640: trigger (Story opens the drawer directly
  Patterns/Mantine/AuthSheet/Login × sq × mobile-390
    ✗ text button not full-width at <640: trigger (Story opens the drawer directly
  Patterns/Mantine/AuthSheet/Login × en × mobile-375
    ✗ text button not full-width at <640: trigger (Story opens the drawer directly
  Patterns/Mantine/AuthSheet/Login × en × mobile-390
    ✗ text button not full-width at <640: trigger (Story opens the drawer directly
  Patterns/Mantine/AuthSheet/Login × uk × mobile-375
    ✗ text button not full-width at <640: trigger (Story opens the drawer directly
  Patterns/Mantine/AuthSheet/Login × uk × mobile-390
    ✗ text button not full-width at <640: trigger (Story opens the drawer directly
  Patterns/Mantine/AuthSheet/Login × it × mobile-375
    ✗ text button not full-width at <640: trigger (Story opens the drawer directly
  Patterns/Mantine/AuthSheet/Login × it × mobile-390
    ✗ text button not full-width at <640: trigger (Story opens the drawer directly
  Patterns/Mantine/AuthSheet/Register × sq × mobile-320
    Error: page.goto: Timeout 20000ms exceeded.
Call log:
[2m  - navigating to "http://127.0.0.1:6008/iframe.html?id=patterns-mantine-authsheet--register&globals=locale:sq&viewMode=story", waiting until "networkidle"[22m

  Patterns/Mantine/AuthSheet/Register × sq × mobile-375
    Error: page.goto: Timeout 20000ms exceeded.
Call log:
[2m  - navigating to "http://127.0.0.1:6008/iframe.html?id=patterns-mantine-authsheet--register&globals=locale:sq&viewMode=story", waiting until "networkidle"[22m

  Patterns/Mantine/AuthSheet/Register × sq × mobile-390
    Error: page.goto: Timeout 20000ms exceeded.
Call log:
[2m  - navigating to "http://127.0.0.1:6008/iframe.html?id=patterns-mantine-authsheet--register&globals=locale:sq&viewMode=story", waiting until "networkidle"[22m

  Patterns/Mantine/AuthSheet/Register × sq × desktop-1024
    Error: page.goto: Timeout 20000ms exceeded.
Call log:
[2m  - navigating to "http://127.0.0.1:6008/iframe.html?id=patterns-mantine-authsheet--register&globals=locale:sq&viewMode=story", waiting until "networkidle"[22m

  Patterns/Mantine/AuthSheet/Register × en × mobile-320
    Error: page.goto: Timeout 20000ms exceeded.
Call log:
[2m  - navigating to "http://127.0.0.1:6008/iframe.html?id=patterns-mantine-authsheet--register&globals=locale:en&viewMode=story", waiting until "networkidle"[22m

  Patterns/Mantine/AuthSheet/Register × en × mobile-375
    Error: page.goto: Timeout 20000ms exceeded.
Call log:
[2m  - navigating to "http://127.0.0.1:6008/iframe.html?id=patterns-mantine-authsheet--register&globals=locale:en&viewMode=story", waiting until "networkidle"[22m

  Patterns/Mantine/AuthSheet/Register × en × mobile-390
    Error: page.goto: Timeout 20000ms exceeded.
Call log:
[2m  - navigating to "http://127.0.0.1:6008/iframe.html?id=patterns-mantine-authsheet--register&globals=locale:en&viewMode=story", waiting until "networkidle"[22m

  Patterns/Mantine/AuthSheet/Register × en × desktop-1024
    Error: page.goto: Timeout 20000ms exceeded.
Call log:
[2m  - navigating to "http://127.0.0.1:6008/iframe.html?id=patterns-mantine-authsheet--register&globals=locale:en&viewMode=story", waiting until "networkidle"[22m

  Patterns/Mantine/AuthSheet/Register × uk × mobile-320
    Error: page.goto: Timeout 20000ms exceeded.
Call log:
[2m  - navigating to "http://127.0.0.1:6008/iframe.html?id=patterns-mantine-authsheet--register&globals=locale:uk&viewMode=story", waiting until "networkidle"[22m

  Patterns/Mantine/AuthSheet/Register × uk × mobile-375
    Error: page.goto: Timeout 20000ms exceeded.
Call log:
[2m  - navigating to "http://127.0.0.1:6008/iframe.html?id=patterns-mantine-authsheet--register&globals=locale:uk&viewMode=story", waiting until "networkidle"[22m

  Patterns/Mantine/AuthSheet/Register × uk × mobile-390
    Error: page.goto: Timeout 20000ms exceeded.
Call log:
[2m  - navigating to "http://127.0.0.1:6008/iframe.html?id=patterns-mantine-authsheet--register&globals=locale:uk&viewMode=story", waiting until "networkidle"[22m

  Patterns/Mantine/AuthSheet/Register × uk × desktop-1024
    Error: page.goto: Timeout 20000ms exceeded.
Call log:
[2m  - navigating to "http://127.0.0.1:6008/iframe.html?id=patterns-mantine-authsheet--register&globals=locale:uk&viewMode=story", waiting until "networkidle"[22m

  Patterns/Mantine/AuthSheet/Register × it × mobile-320
    Error: page.goto: Timeout 20000ms exceeded.
Call log:
[2m  - navigating to "http://127.0.0.1:6008/iframe.html?id=patterns-mantine-authsheet--register&globals=locale:it&viewMode=story", waiting until "networkidle"[22m

  Patterns/Mantine/AuthSheet/Register × it × mobile-375
    Error: page.goto: Timeout 20000ms exceeded.
Call log:
[2m  - navigating to "http://127.0.0.1:6008/iframe.html?id=patterns-mantine-authsheet--register&globals=locale:it&viewMode=story", waiting until "networkidle"[22m

  Patterns/Mantine/AuthSheet/Register × it × mobile-390
    Error: page.goto: Timeout 20000ms exceeded.
Call log:
[2m  - navigating to "http://127.0.0.1:6008/iframe.html?id=patterns-mantine-authsheet--register&globals=locale:it&viewMode=story", waiting until "networkidle"[22m

  Patterns/Mantine/AuthSheet/Register × it × desktop-1024
    Error: page.goto: Timeout 20000ms exceeded.
Call log:
[2m  - navigating to "http://127.0.0.1:6008/iframe.html?id=patterns-mantine-authsheet--register&globals=locale:it&viewMode=story", waiting until "networkidle"[22m

  Patterns/Mantine/AuthSheet/Register Agent × sq × mobile-320
    Error: page.goto: Timeout 20000ms exceeded.
Call log:
[2m  - navigating to "http://127.0.0.1:6008/iframe.html?id=patterns-mantine-authsheet--register-agent&globals=locale:sq&viewMode=story", waiting until "networkidle"[22m

  Patterns/Mantine/AuthSheet/Register Agent × sq × mobile-375
    Error: page.goto: Timeout 20000ms exceeded.
Call log:
[2m  - navigating to "http://127.0.0.1:6008/iframe.html?id=patterns-mantine-authsheet--register-agent&globals=locale:sq&viewMode=story", waiting until "networkidle"[22m

  Patterns/Mantine/AuthSheet/Register Agent × sq × mobile-390
    Error: page.goto: Timeout 20000ms exceeded.
Call log:
[2m  - navigating to "http://127.0.0.1:6008/iframe.html?id=patterns-mantine-authsheet--register-agent&globals=locale:sq&viewMode=story", waiting until "networkidle"[22m

  Patterns/Mantine/AuthSheet/Register Agent × sq × desktop-1024
    Error: page.goto: Timeout 20000ms exceeded.
Call log:
[2m  - navigating to "http://127.0.0.1:6008/iframe.html?id=patterns-mantine-authsheet--register-agent&globals=locale:sq&viewMode=story", waiting until "networkidle"[22m

  Patterns/Mantine/AuthSheet/Register Agent × en × mobile-320
    Error: page.goto: Timeout 20000ms exceeded.
Call log:
[2m  - navigating to "http://127.0.0.1:6008/iframe.html?id=patterns-mantine-authsheet--register-agent&globals=locale:en&viewMode=story", waiting until "networkidle"[22m

  Patterns/Mantine/AuthSheet/Register Agent × en × mobile-375
    Error: page.goto: Timeout 20000ms exceeded.
Call log:
[2m  - navigating to "http://127.0.0.1:6008/iframe.html?id=patterns-mantine-authsheet--register-agent&globals=locale:en&viewMode=story", waiting until "networkidle"[22m

  Patterns/Mantine/AuthSheet/Register Agent × en × mobile-390
    Error: page.goto: Timeout 20000ms exceeded.
Call log:
[2m  - navigating to "http://127.0.0.1:6008/iframe.html?id=patterns-mantine-authsheet--register-agent&globals=locale:en&viewMode=story", waiting until "networkidle"[22m

  Patterns/Mantine/AuthSheet/Register Agent × en × desktop-1024
    Error: page.goto: Timeout 20000ms exceeded.
Call log:
[2m  - navigating to "http://127.0.0.1:6008/iframe.html?id=patterns-mantine-authsheet--register-agent&globals=locale:en&viewMode=story", waiting until "networkidle"[22m

  Patterns/Mantine/AuthSheet/Register Agent × uk × mobile-320
    Error: page.goto: Timeout 20000ms exceeded.
Call log:
[2m  - navigating to "http://127.0.0.1:6008/iframe.html?id=patterns-mantine-authsheet--register-agent&globals=locale:uk&viewMode=story", waiting until "networkidle"[22m

  Patterns/Mantine/AuthSheet/Register Agent × uk × mobile-375
    Error: page.goto: Timeout 20000ms exceeded.
Call log:
[2m  - navigating to "http://127.0.0.1:6008/iframe.html?id=patterns-mantine-authsheet--register-agent&globals=locale:uk&viewMode=story", waiting until "networkidle"[22m

  Patterns/Mantine/AuthSheet/Register Agent × uk × mobile-390
    Error: page.goto: Timeout 20000ms exceeded.
Call log:
[2m  - navigating to "http://127.0.0.1:6008/iframe.html?id=patterns-mantine-authsheet--register-agent&globals=locale:uk&viewMode=story", waiting until "networkidle"[22m

  Patterns/Mantine/AuthSheet/Register Agent × uk × desktop-1024
    Error: page.goto: Timeout 20000ms exceeded.
Call log:
[2m  - navigating to "http://127.0.0.1:6008/iframe.html?id=patterns-mantine-authsheet--register-agent&globals=locale:uk&viewMode=story", waiting until "networkidle"[22m

  Patterns/Mantine/AuthSheet/Register Agent × it × mobile-320
    Error: page.goto: Timeout 20000ms exceeded.
Call log:
[2m  - navigating to "http://127.0.0.1:6008/iframe.html?id=patterns-mantine-authsheet--register-agent&globals=locale:it&viewMode=story", waiting until "networkidle"[22m

  Patterns/Mantine/AuthSheet/Register Agent × it × mobile-375
    Error: page.goto: Timeout 20000ms exceeded.
Call log:
[2m  - navigating to "http://127.0.0.1:6008/iframe.html?id=patterns-mantine-authsheet--register-agent&globals=locale:it&viewMode=story", waiting until "networkidle"[22m

  Patterns/Mantine/AuthSheet/Register Agent × it × mobile-390
    Error: page.goto: Timeout 20000ms exceeded.
Call log:
[2m  - navigating to "http://127.0.0.1:6008/iframe.html?id=patterns-mantine-authsheet--register-agent&globals=locale:it&viewMode=story", waiting until "networkidle"[22m

  Patterns/Mantine/AuthSheet/Register Agent × it × desktop-1024
    Error: page.goto: Timeout 20000ms exceeded.
Call log:
[2m  - navigating to "http://127.0.0.1:6008/iframe.html?id=patterns-mantine-authsheet--register-agent&globals=locale:it&viewMode=story", waiting until "networkidle"[22m

  Patterns/Mantine/AuthSheet/Forgot Password × sq × mobile-320
    Error: page.goto: Timeout 20000ms exceeded.
Call log:
[2m  - navigating to "http://127.0.0.1:6008/iframe.html?id=patterns-mantine-authsheet--forgot-password&globals=locale:sq&viewMode=story", waiting until "networkidle"[22m

  Patterns/Mantine/AuthSheet/Forgot Password × sq × mobile-375
    Error: page.goto: Timeout 20000ms exceeded.
Call log:
[2m  - navigating to "http://127.0.0.1:6008/iframe.html?id=patterns-mantine-authsheet--forgot-password&globals=locale:sq&viewMode=story", waiting until "networkidle"[22m

  Patterns/Mantine/AuthSheet/Forgot Password × sq × mobile-390
    Error: page.goto: Timeout 20000ms exceeded.
Call log:
[2m  - navigating to "http://127.0.0.1:6008/iframe.html?id=patterns-mantine-authsheet--forgot-password&globals=locale:sq&viewMode=story", waiting until "networkidle"[22m

  Patterns/Mantine/AuthSheet/Forgot Password × sq × desktop-1024
    Error: page.goto: Timeout 20000ms exceeded.
Call log:
[2m  - navigating to "http://127.0.0.1:6008/iframe.html?id=patterns-mantine-authsheet--forgot-password&globals=locale:sq&viewMode=story", waiting until "networkidle"[22m

  Patterns/Mantine/AuthSheet/Forgot Password × en × mobile-320
    Error: page.goto: Timeout 20000ms exceeded.
Call log:
[2m  - navigating to "http://127.0.0.1:6008/iframe.html?id=patterns-mantine-authsheet--forgot-password&globals=locale:en&viewMode=story", waiting until "networkidle"[22m

  Patterns/Mantine/AuthSheet/Forgot Password × en × mobile-375
    Error: page.goto: Timeout 20000ms exceeded.
Call log:
[2m  - navigating to "http://127.0.0.1:6008/iframe.html?id=patterns-mantine-authsheet--forgot-password&globals=locale:en&viewMode=story", waiting until "networkidle"[22m

  Patterns/Mantine/AuthSheet/Forgot Password × en × mobile-390
    Error: page.goto: Timeout 20000ms exceeded.
Call log:
[2m  - navigating to "http://127.0.0.1:6008/iframe.html?id=patterns-mantine-authsheet--forgot-password&globals=locale:en&viewMode=story", waiting until "networkidle"[22m

  Patterns/Mantine/AuthSheet/Forgot Password × en × desktop-1024
    Error: page.goto: Timeout 20000ms exceeded.
Call log:
[2m  - navigating to "http://127.0.0.1:6008/iframe.html?id=patterns-mantine-authsheet--forgot-password&globals=locale:en&viewMode=story", waiting until "networkidle"[22m

  Patterns/Mantine/AuthSheet/Forgot Password × uk × mobile-320
    Error: page.goto: Timeout 20000ms exceeded.
Call log:
[2m  - navigating to "http://127.0.0.1:6008/iframe.html?id=patterns-mantine-authsheet--forgot-password&globals=locale:uk&viewMode=story", waiting until "networkidle"[22m

  Patterns/Mantine/AuthSheet/Forgot Password × uk × mobile-375
    Error: page.goto: Timeout 20000ms exceeded.
Call log:
[2m  - navigating to "http://127.0.0.1:6008/iframe.html?id=patterns-mantine-authsheet--forgot-password&globals=locale:uk&viewMode=story", waiting until "networkidle"[22m

  Patterns/Mantine/AuthSheet/Forgot Password × uk × mobile-390
    Error: page.goto: Timeout 20000ms exceeded.
Call log:
[2m  - navigating to "http://127.0.0.1:6008/iframe.html?id=patterns-mantine-authsheet--forgot-password&globals=locale:uk&viewMode=story", waiting until "networkidle"[22m

  Patterns/Mantine/AuthSheet/Forgot Password × uk × desktop-1024
    Error: page.goto: Timeout 20000ms exceeded.
Call log:
[2m  - navigating to "http://127.0.0.1:6008/iframe.html?id=patterns-mantine-authsheet--forgot-password&globals=locale:uk&viewMode=story", waiting until "networkidle"[22m

  Patterns/Mantine/AuthSheet/Forgot Password × it × mobile-320
    Error: page.goto: Timeout 20000ms exceeded.
Call log:

⚠️  27 cells have ambiguous findings (needs-owner-decision):
[2m  - navigating to "http://127.0.0.1:6008/iframe.html?id=patterns-mantine-authsheet--forgot-password&globals=locale:it&viewMode=story", waiting until "networkidle"[22m

  Patterns/Mantine/AuthSheet/Forgot Password × it × mobile-375
    Error: page.goto: Timeout 20000ms exceeded.
Call log:
[2m  - navigating to "http://127.0.0.1:6008/iframe.html?id=patterns-mantine-authsheet--forgot-password&globals=locale:it&viewMode=story", waiting until "networkidle"[22m

  Admin/AdminUsersTable/Default × sq × mobile-320
    ? [ambiguous-text-clipped-scrollable]: #mantine-mzllu4oqn-tab-all — text reachable by horizontal scrolling (carousel/scroll-tabs) — same R1 rule as Check 2
    ? [ambiguous-text-clipped-scrollable]: #mantine-mzllu4oqn-tab-verified — text reachable by horizontal scrolling (carousel/scroll-tabs) — same R1 rule as Check 2
    ? [ambiguous-offscreen]: #mantine-mzllu4oqn-tab-verified — element reachable by horizontal scrolling (carousel/scroll-tabs)
    ? [ambiguous-outside-scrollable]: #mantine-mzllu4oqn-tab-verified — element reachable by horizontal scrolling (carousel/scroll-tabs) — same R1 rule as Check 2
  Admin/AdminUsersTable/Default × sq × mobile-375
    ? [ambiguous-text-clipped-scrollable]: #mantine-w40uoikcw-tab-all — text reachable by horizontal scrolling (carousel/scroll-tabs) — same R1 rule as Check 2
    ? [ambiguous-text-clipped-scrollable]: #mantine-w40uoikcw-tab-verified — text reachable by horizontal scrolling (carousel/scroll-tabs) — same R1 rule as Check 2
  Admin/AdminUsersTable/Default × uk × mobile-320
    ? [ambiguous-text-clipped-scrollable]: #mantine-vfoma2oa8-tab-all — text reachable by horizontal scrolling (carousel/scroll-tabs) — same R1 rule as Check 2
    ? [ambiguous-text-clipped-scrollable]: #mantine-vfoma2oa8-tab-verified — text reachable by horizontal scrolling (carousel/scroll-tabs) — same R1 rule as Check 2
    ? [ambiguous-offscreen]: #mantine-vfoma2oa8-tab-verified — element reachable by horizontal scrolling (carousel/scroll-tabs)
    ? [ambiguous-outside-scrollable]: #mantine-vfoma2oa8-tab-verified — element reachable by horizontal scrolling (carousel/scroll-tabs) — same R1 rule as Check 2
  Mantine/Primitives/Combobox/Default × sq × mobile-390
    ? [ambiguous-overlap]: #mantine-3nwigfg6w ↔ button("Prona me qira afatgjatë pranë ") — background page content behind an opened overlay's backdrop
  Mantine/Primitives/Combobox/Default × en × mobile-390
    ? [ambiguous-overlap]: #mantine-c5aig56w5 ↔ button("Long-term rental properties ne") — background page content behind an opened overlay's backdrop
  Mantine/Primitives/Combobox/Default × uk × mobile-390
    ? [ambiguous-overlap]: #mantine-g3880xysx ↔ button("Довгострокова оренда нерухомос") — background page content behind an opened overlay's backdrop
  Mantine/Primitives/Combobox/Default × it × mobile-390
    ? [ambiguous-overlap]: #mantine-nygpc4u8c ↔ button("Immobili in affitto a lungo te") — background page content behind an opened overlay's backdrop
  Mantine/Primitives/PopularLocationsView/Long City Name × sq × mobile-320
    ? [text-clipped-ellipsis]: a("Rrogozhinë-Peqin-Kavajë Bashki") — intentional ellipsis with accessible name or content link
  Mantine/Primitives/PopularLocationsView/Long City Name × sq × mobile-375
    ? [text-clipped-ellipsis]: a("Rrogozhinë-Peqin-Kavajë Bashki") — intentional ellipsis with accessible name or content link
  Mantine/Primitives/PopularLocationsView/Long City Name × sq × mobile-390
    ? [text-clipped-ellipsis]: a("Rrogozhinë-Peqin-Kavajë Bashki") — intentional ellipsis with accessible name or content link
  Mantine/Primitives/PopularLocationsView/Long City Name × sq × desktop-1024
    ? [text-clipped-ellipsis]: a("Rrogozhinë-Peqin-Kavajë Bashki") — intentional ellipsis with accessible name or content link
  Mantine/Primitives/PopularLocationsView/Long City Name × en × mobile-320
    ? [text-clipped-ellipsis]: a("Rrogozhinë-Peqin-Kavajë Bashki") — intentional ellipsis with accessible name or content link
  Mantine/Primitives/PopularLocationsView/Long City Name × en × mobile-375
    ? [text-clipped-ellipsis]: a("Rrogozhinë-Peqin-Kavajë Bashki") — intentional ellipsis with accessible name or content link
  Mantine/Primitives/PopularLocationsView/Long City Name × en × mobile-390
    ? [text-clipped-ellipsis]: a("Rrogozhinë-Peqin-Kavajë Bashki") — intentional ellipsis with accessible name or content link
  Mantine/Primitives/PopularLocationsView/Long City Name × en × desktop-1024
    ? [text-clipped-ellipsis]: a("Rrogozhinë-Peqin-Kavajë Bashki") — intentional ellipsis with accessible name or content link
  Mantine/Primitives/PopularLocationsView/Long City Name × uk × mobile-320
    ? [text-clipped-ellipsis]: a("Rrogozhinë-Peqin-Kavajë Bashki") — intentional ellipsis with accessible name or content link
  Mantine/Primitives/PopularLocationsView/Long City Name × uk × mobile-375
    ? [text-clipped-ellipsis]: a("Rrogozhinë-Peqin-Kavajë Bashki") — intentional ellipsis with accessible name or content link
  Mantine/Primitives/PopularLocationsView/Long City Name × uk × mobile-390
    ? [text-clipped-ellipsis]: a("Rrogozhinë-Peqin-Kavajë Bashki") — intentional ellipsis with accessible name or content link
  Mantine/Primitives/PopularLocationsView/Long City Name × uk × desktop-1024
    ? [text-clipped-ellipsis]: a("Rrogozhinë-Peqin-Kavajë Bashki") — intentional ellipsis with accessible name or content link
  Mantine/Primitives/PopularLocationsView/Long City Name × it × mobile-320
    ? [text-clipped-ellipsis]: a("Rrogozhinë-Peqin-Kavajë Bashki") — intentional ellipsis with accessible name or content link
  Mantine/Primitives/PopularLocationsView/Long City Name × it × mobile-375
    ? [text-clipped-ellipsis]: a("Rrogozhinë-Peqin-Kavajë Bashki") — intentional ellipsis with accessible name or content link
  Mantine/Primitives/PopularLocationsView/Long City Name × it × mobile-390
    ? [text-clipped-ellipsis]: a("Rrogozhinë-Peqin-Kavajë Bashki") — intentional ellipsis with accessible name or content link
  Mantine/Primitives/PopularLocationsView/Long City Name × it × desktop-1024
    ? [text-clipped-ellipsis]: a("Rrogozhinë-Peqin-Kavajë Bashki") — intentional ellipsis with accessible name or content link
  Mantine/Primitives/Tabs/Default × sq × mobile-320
    ? [ambiguous-text-clipped-scrollable]: #mantine-g7ir8l2uv-tab-overview — text reachable by horizontal scrolling (carousel/scroll-tabs) — same R1 rule as Check 2
    ? [ambiguous-text-clipped-scrollable]: #mantine-g7ir8l2uv-tab-details — text reachable by horizontal scrolling (carousel/scroll-tabs) — same R1 rule as Check 2
    ? [ambiguous-text-clipped-scrollable]: #mantine-g7ir8l2uv-tab-activity — text reachable by horizontal scrolling (carousel/scroll-tabs) — same R1 rule as Check 2
    ? [ambiguous-offscreen]: #mantine-g7ir8l2uv-tab-activity — element reachable by horizontal scrolling (carousel/scroll-tabs)
    ? [ambiguous-outside-scrollable]: #mantine-g7ir8l2uv-tab-activity — element reachable by horizontal scrolling (carousel/scroll-tabs) — same R1 rule as Check 2
  Mantine/Primitives/Tabs/Default × sq × mobile-375
    ? [ambiguous-text-clipped-scrollable]: #mantine-tji187oq0-tab-overview — text reachable by horizontal scrolling (carousel/scroll-tabs) — same R1 rule as Check 2
    ? [ambiguous-text-clipped-scrollable]: #mantine-tji187oq0-tab-details — text reachable by horizontal scrolling (carousel/scroll-tabs) — same R1 rule as Check 2
    ? [ambiguous-text-clipped-scrollable]: #mantine-tji187oq0-tab-activity — text reachable by horizontal scrolling (carousel/scroll-tabs) — same R1 rule as Check 2
    ? [ambiguous-outside-scrollable]: #mantine-tji187oq0-tab-activity — element reachable by horizontal scrolling (carousel/scroll-tabs) — same R1 rule as Check 2
  Mantine/Primitives/Tabs/Default × uk × mobile-320
    ? [ambiguous-text-clipped-scrollable]: #mantine-ijlf6ogs2-tab-overview — text reachable by horizontal scrolling (carousel/scroll-tabs) — same R1 rule as Check 2
    ? [ambiguous-text-clipped-scrollable]: #mantine-ijlf6ogs2-tab-details — text reachable by horizontal scrolling (carousel/scroll-tabs) — same R1 rule as Check 2
    ? [ambiguous-text-clipped-scrollable]: #mantine-ijlf6ogs2-tab-activity — text reachable by horizontal scrolling (carousel/scroll-tabs) — same R1 rule as Check 2
    ? [ambiguous-outside-scrollable]: #mantine-ijlf6ogs2-tab-activity — element reachable by horizontal scrolling (carousel/scroll-tabs) — same R1 rule as Check 2
  Mantine/Primitives/Tabs/Default × it × mobile-320
    ? [ambiguous-text-clipped-scrollable]: #mantine-3q8yy46ro-tab-overview — text reachable by horizontal scrolling (carousel/scroll-tabs) — same R1 rule as Check 2
    ? [ambiguous-text-clipped-scrollable]: #mantine-3q8yy46ro-tab-details — text reachable by horizontal scrolling (carousel/scroll-tabs) — same R1 rule as Check 2
    ? [ambiguous-text-clipped-scrollable]: #mantine-3q8yy46ro-tab-activity — text reachable by horizontal scrolling (carousel/scroll-tabs) — same R1 rule as Check 2
    ? [ambiguous-offscreen]: #mantine-3q8yy46ro-tab-activity — element reachable by horizontal scrolling (carousel/scroll-tabs)
    ? [ambiguous-outside-scrollable]: #mantine-3q8yy46ro-tab-activity — element reachable by horizontal scrolling (carousel/scroll-tabs) — same R1 rule as Check 2
  Patterns/Mantine/AuthSheet/Forgot Password × it × mobile-390
    Error: page.goto: Timeout 20000ms exceeded.
Call log:
[2m  - navigating to "http://127.0.0.1:6008/iframe.html?id=patterns-mantine-authsheet--forgot-password&globals=locale:it&viewMode=story", waiting until "networkidle"[22m

  Patterns/Mantine/AuthSheet/Forgot Password × it × desktop-1024
    Error: page.goto: Timeout 20000ms exceeded.
Call log:
[2m  - navigating to "http://127.0.0.1:6008/iframe.html?id=patterns-mantine-authsheet--forgot-password&globals=locale:it&viewMode=story", waiting until "networkidle"[22m

  Patterns/Mantine/AuthSheet/Login Validation Error × sq × mobile-375
    ✗ text button not full-width at <640: trigger (Story opens the drawer directly
  Patterns/Mantine/AuthSheet/Login Validation Error × sq × mobile-390
    ✗ text button not full-width at <640: trigger (Story opens the drawer directly
  Patterns/Mantine/AuthSheet/Login Validation Error × en × mobile-375
    ✗ text button not full-width at <640: trigger (Story opens the drawer directly
  Patterns/Mantine/AuthSheet/Login Validation Error × en × mobile-390
    ✗ text button not full-width at <640: trigger (Story opens the drawer directly
  Patterns/Mantine/AuthSheet/Login Validation Error × uk × mobile-375
    ✗ text button not full-width at <640: trigger (Story opens the drawer directly
  Patterns/Mantine/AuthSheet/Login Validation Error × uk × mobile-390
    ✗ text button not full-width at <640: trigger (Story opens the drawer directly
  Patterns/Mantine/AuthSheet/Login Validation Error × it × mobile-375
    ✗ text button not full-width at <640: trigger (Story opens the drawer directly
  Patterns/Mantine/AuthSheet/Login Validation Error × it × mobile-390
    ✗ text button not full-width at <640: trigger (Story opens the drawer directly
  Patterns/Mantine/AuthSheet/Register Agent Add Company × sq × mobile-320
    Error: page.goto: Timeout 20000ms exceeded.
Call log:
[2m  - navigating to "http://127.0.0.1:6008/iframe.html?id=patterns-mantine-authsheet--register-agent-add-company&globals=locale:sq&viewMode=story", waiting until "networkidle"[22m

  Patterns/Mantine/AuthSheet/Register Agent Add Company × sq × mobile-375
    Error: page.goto: Timeout 20000ms exceeded.
Call log:
[2m  - navigating to "http://127.0.0.1:6008/iframe.html?id=patterns-mantine-authsheet--register-agent-add-company&globals=locale:sq&viewMode=story", waiting until "networkidle"[22m

  Patterns/Mantine/AuthSheet/Register Agent Add Company × sq × mobile-390
    Error: page.goto: Timeout 20000ms exceeded.
Call log:
[2m  - navigating to "http://127.0.0.1:6008/iframe.html?id=patterns-mantine-authsheet--register-agent-add-company&globals=locale:sq&viewMode=story", waiting until "networkidle"[22m

  Patterns/Mantine/AuthSheet/Register Agent Add Company × sq × desktop-1024
    Error: page.goto: Timeout 20000ms exceeded.
Call log:
[2m  - navigating to "http://127.0.0.1:6008/iframe.html?id=patterns-mantine-authsheet--register-agent-add-company&globals=locale:sq&viewMode=story", waiting until "networkidle"[22m

  Patterns/Mantine/AuthSheet/Register Agent Add Company × en × mobile-320
    Error: page.goto: Timeout 20000ms exceeded.
Call log:
[2m  - navigating to "http://127.0.0.1:6008/iframe.html?id=patterns-mantine-authsheet--register-agent-add-company&globals=locale:en&viewMode=story", waiting until "networkidle"[22m

  Patterns/Mantine/AuthSheet/Register Agent Add Company × en × mobile-375
    Error: page.goto: Timeout 20000ms exceeded.
Call log:
[2m  - navigating to "http://127.0.0.1:6008/iframe.html?id=patterns-mantine-authsheet--register-agent-add-company&globals=locale:en&viewMode=story", waiting until "networkidle"[22m

  Patterns/Mantine/AuthSheet/Register Agent Add Company × en × mobile-390
    Error: page.goto: Timeout 20000ms exceeded.
Call log:
[2m  - navigating to "http://127.0.0.1:6008/iframe.html?id=patterns-mantine-authsheet--register-agent-add-company&globals=locale:en&viewMode=story", waiting until "networkidle"[22m

  Patterns/Mantine/AuthSheet/Register Agent Add Company × en × desktop-1024
    Error: page.goto: Timeout 20000ms exceeded.
Call log:
[2m  - navigating to "http://127.0.0.1:6008/iframe.html?id=patterns-mantine-authsheet--register-agent-add-company&globals=locale:en&viewMode=story", waiting until "networkidle"[22m

  Patterns/Mantine/AuthSheet/Register Agent Add Company × uk × mobile-320
    Error: page.goto: Timeout 20000ms exceeded.
Call log:
[2m  - navigating to "http://127.0.0.1:6008/iframe.html?id=patterns-mantine-authsheet--register-agent-add-company&globals=locale:uk&viewMode=story", waiting until "networkidle"[22m

  Patterns/Mantine/AuthSheet/Register Agent Add Company × uk × mobile-375
    Error: page.goto: Timeout 20000ms exceeded.
Call log:
[2m  - navigating to "http://127.0.0.1:6008/iframe.html?id=patterns-mantine-authsheet--register-agent-add-company&globals=locale:uk&viewMode=story", waiting until "networkidle"[22m

  Patterns/Mantine/AuthSheet/Register Agent Add Company × uk × mobile-390
    Error: page.goto: Timeout 20000ms exceeded.
Call log:
[2m  - navigating to "http://127.0.0.1:6008/iframe.html?id=patterns-mantine-authsheet--register-agent-add-company&globals=locale:uk&viewMode=story", waiting until "networkidle"[22m

  Patterns/Mantine/AuthSheet/Register Agent Add Company × uk × desktop-1024
    Error: page.goto: Timeout 20000ms exceeded.
Call log:
[2m  - navigating to "http://127.0.0.1:6008/iframe.html?id=patterns-mantine-authsheet--register-agent-add-company&globals=locale:uk&viewMode=story", waiting until "networkidle"[22m

  Patterns/Mantine/AuthSheet/Register Agent Add Company × it × mobile-320
    Error: page.goto: Timeout 20000ms exceeded.
Call log:
[2m  - navigating to "http://127.0.0.1:6008/iframe.html?id=patterns-mantine-authsheet--register-agent-add-company&globals=locale:it&viewMode=story", waiting until "networkidle"[22m

  Patterns/Mantine/AuthSheet/Register Agent Add Company × it × mobile-375
    Error: page.goto: Timeout 20000ms exceeded.
Call log:
[2m  - navigating to "http://127.0.0.1:6008/iframe.html?id=patterns-mantine-authsheet--register-agent-add-company&globals=locale:it&viewMode=story", waiting until "networkidle"[22m

  Patterns/Mantine/AuthSheet/Register Agent Add Company × it × mobile-390
    Error: page.goto: Timeout 20000ms exceeded.
Call log:
[2m  - navigating to "http://127.0.0.1:6008/iframe.html?id=patterns-mantine-authsheet--register-agent-add-company&globals=locale:it&viewMode=story", waiting until "networkidle"[22m

  Patterns/Mantine/AuthSheet/Register Agent Add Company × it × desktop-1024
    Error: page.goto: Timeout 20000ms exceeded.
Call log:
[2m  - navigating to "http://127.0.0.1:6008/iframe.html?id=patterns-mantine-authsheet--register-agent-add-company&globals=locale:it&viewMode=story", waiting until "networkidle"[22m

EXIT_CODE=1
