check:surface-census — per-surface GR-1 census (Task 817)
    Surface: src/components/admin/AdminShell.tsx
    Nodes visited: 8
    Local import edges resolved (from tier-1 nodes): 13
    Non-rendered local imports skipped (hooks/utils/consts/context/type-only): 6
    Tier-3 nodes excluded from recursion, owner-filed (0): none
    Barrel hops unwrapped (single-hop, index.ts/tsx re-export): 1
    Barrel edges NOT unwrapped (reported at the barrel file itself): 0
    className is counted as JsxAttribute nodes named "className" via the TypeScript AST (whole file).
    ui-imports is counted as RENDERED, non-type-only import bindings in that node's own file resolving
    under src/components/ui/* (a co-located .module.css or hook sibling is never a rendered JSX tag).
    story:yes means a canonical Mantine story imports the node directly OR through a single-hop index.ts(x)
    barrel re-export (same resolution the render-side walk uses) — never merely its parent (GR-3).
    Nodes whose source could not be parsed (unreadable, or real TypeScript parse errors): 0
    Cannot see: dynamic import(), React.lazy(), and components rendered only from a .stories.tsx file.
    Task 831 R11: a .ts root is not a component; a .ts module that renders through createElement or
    re-exports a component under a non-barrel name is not walked.
    Canonical Mantine story files consulted: 125 (of 164 total *.stories.ts(x)).

NODES (8):
    src/components/admin/AdminShell.tsx  tier:tier1  manifest:yes  story:yes  className:0  ui-imports:0  parent:(root surface)
    src/components/admin/AdminHeader.tsx  tier:tier1  manifest:yes  story:yes  className:0  ui-imports:0  parent:src/components/admin/AdminShell.tsx
    src/components/admin/AdminSidebar.tsx  tier:tier1  manifest:yes  story:yes  className:0  ui-imports:0  parent:src/components/admin/AdminShell.tsx
    src/design-system/mantine/patterns/MantineAppShellFoundation.tsx  tier:tier1  manifest:yes  story:yes  className:0  ui-imports:0  parent:src/components/admin/AdminShell.tsx
    src/components/admin/AdminLocaleSwitcher.tsx  tier:tier1  manifest:yes  story:yes  className:0  ui-imports:0  parent:src/components/admin/AdminSidebar.tsx
    src/components/shared/LocaleSwitcher.tsx  tier:tier1  manifest:yes  story:yes  className:1  ui-imports:0  parent:src/components/admin/AdminLocaleSwitcher.tsx
    src/design-system/mantine/patterns/MantineDropdownMenu.tsx  tier:tier1  manifest:yes  story:yes  className:0  ui-imports:0  parent:src/components/shared/LocaleSwitcher.tsx
    src/design-system/mantine/patterns/responsiveBottomSheet.tsx  tier:tier1  manifest:yes  story:yes  className:0  ui-imports:0  parent:src/design-system/mantine/patterns/MantineDropdownMenu.tsx

Barrel hops unwrapped (1):
    src/components/shared/LocaleSwitcher.tsx imports '@/design-system/mantine/patterns' -> src/design-system/mantine/patterns/index.ts -> src/design-system/mantine/patterns/MantineDropdownMenu.tsx

GR-1 CENSUS COMPLETE — 8 nodes; tier1 8 migrated+enrolled+story; tier2 0 imports removed; tier3 0 listed and filed as none.
EXIT_CODE=0
