
> lero-al@0.1.0 build
> next build

   ▲ Next.js 15.5.18
   - Environments: .env.local
   - Experiments (use with caution):
     · clientTraceMetadata

   Creating an optimized production build ...
<w> [webpack.cache.PackFileCacheStrategy] Serializing big strings (103kiB) impacts deserialization performance (consider using Buffer instead and decode when needed)
<w> [webpack.cache.PackFileCacheStrategy] Serializing big strings (101kiB) impacts deserialization performance (consider using Buffer instead and decode when needed)
<w> [webpack.cache.PackFileCacheStrategy] Serializing big strings (103kiB) impacts deserialization performance (consider using Buffer instead and decode when needed)
<w> [webpack.cache.PackFileCacheStrategy] Serializing big strings (101kiB) impacts deserialization performance (consider using Buffer instead and decode when needed)
<w> [webpack.cache.PackFileCacheStrategy] Serializing big strings (103kiB) impacts deserialization performance (consider using Buffer instead and decode when needed)
<w> [webpack.cache.PackFileCacheStrategy] Serializing big strings (103kiB) impacts deserialization performance (consider using Buffer instead and decode when needed)
<w> [webpack.cache.PackFileCacheStrategy] Serializing big strings (101kiB) impacts deserialization performance (consider using Buffer instead and decode when needed)
<w> [webpack.cache.PackFileCacheStrategy] Serializing big strings (101kiB) impacts deserialization performance (consider using Buffer instead and decode when needed)
<w> [webpack.cache.PackFileCacheStrategy] Serializing big strings (103kiB) impacts deserialization performance (consider using Buffer instead and decode when needed)
<w> [webpack.cache.PackFileCacheStrategy] Serializing big strings (103kiB) impacts deserialization performance (consider using Buffer instead and decode when needed)
<w> [webpack.cache.PackFileCacheStrategy] Serializing big strings (101kiB) impacts deserialization performance (consider using Buffer instead and decode when needed)
<w> [webpack.cache.PackFileCacheStrategy] Serializing big strings (101kiB) impacts deserialization performance (consider using Buffer instead and decode when needed)
<w> [webpack.cache.PackFileCacheStrategy] Serializing big strings (103kiB) impacts deserialization performance (consider using Buffer instead and decode when needed)
<w> [webpack.cache.PackFileCacheStrategy] Serializing big strings (103kiB) impacts deserialization performance (consider using Buffer instead and decode when needed)
<w> [webpack.cache.PackFileCacheStrategy] Serializing big strings (103kiB) impacts deserialization performance (consider using Buffer instead and decode when needed)
<w> [webpack.cache.PackFileCacheStrategy] Serializing big strings (103kiB) impacts deserialization performance (consider using Buffer instead and decode when needed)
<w> [webpack.cache.PackFileCacheStrategy] Serializing big strings (101kiB) impacts deserialization performance (consider using Buffer instead and decode when needed)
<w> [webpack.cache.PackFileCacheStrategy] Serializing big strings (101kiB) impacts deserialization performance (consider using Buffer instead and decode when needed)
<w> [webpack.cache.PackFileCacheStrategy] Serializing big strings (101kiB) impacts deserialization performance (consider using Buffer instead and decode when needed)
<w> [webpack.cache.PackFileCacheStrategy] Serializing big strings (101kiB) impacts deserialization performance (consider using Buffer instead and decode when needed)
<w> [webpack.cache.PackFileCacheStrategy] Serializing big strings (103kiB) impacts deserialization performance (consider using Buffer instead and decode when needed)
<w> [webpack.cache.PackFileCacheStrategy] Serializing big strings (103kiB) impacts deserialization performance (consider using Buffer instead and decode when needed)
<w> [webpack.cache.PackFileCacheStrategy] Serializing big strings (101kiB) impacts deserialization performance (consider using Buffer instead and decode when needed)
<w> [webpack.cache.PackFileCacheStrategy] Serializing big strings (101kiB) impacts deserialization performance (consider using Buffer instead and decode when needed)
<w> [webpack.cache.PackFileCacheStrategy] Serializing big strings (101kiB) impacts deserialization performance (consider using Buffer instead and decode when needed)
<w> [webpack.cache.PackFileCacheStrategy] Serializing big strings (101kiB) impacts deserialization performance (consider using Buffer instead and decode when needed)
<w> [webpack.cache.PackFileCacheStrategy] Serializing big strings (103kiB) impacts deserialization performance (consider using Buffer instead and decode when needed)
<w> [webpack.cache.PackFileCacheStrategy] Serializing big strings (103kiB) impacts deserialization performance (consider using Buffer instead and decode when needed)
<w> [webpack.cache.PackFileCacheStrategy] Serializing big strings (103kiB) impacts deserialization performance (consider using Buffer instead and decode when needed)
<w> [webpack.cache.PackFileCacheStrategy] Serializing big strings (103kiB) impacts deserialization performance (consider using Buffer instead and decode when needed)
<w> [webpack.cache.PackFileCacheStrategy] Serializing big strings (103kiB) impacts deserialization performance (consider using Buffer instead and decode when needed)
<w> [webpack.cache.PackFileCacheStrategy] Serializing big strings (103kiB) impacts deserialization performance (consider using Buffer instead and decode when needed)
<w> [webpack.cache.PackFileCacheStrategy] Serializing big strings (103kiB) impacts deserialization performance (consider using Buffer instead and decode when needed)
<w> [webpack.cache.PackFileCacheStrategy] Serializing big strings (103kiB) impacts deserialization performance (consider using Buffer instead and decode when needed)
<w> [webpack.cache.PackFileCacheStrategy] Serializing big strings (103kiB) impacts deserialization performance (consider using Buffer instead and decode when needed)
<w> [webpack.cache.PackFileCacheStrategy] Serializing big strings (103kiB) impacts deserialization performance (consider using Buffer instead and decode when needed)
<w> [webpack.cache.PackFileCacheStrategy] Serializing big strings (101kiB) impacts deserialization performance (consider using Buffer instead and decode when needed)
<w> [webpack.cache.PackFileCacheStrategy] Serializing big strings (101kiB) impacts deserialization performance (consider using Buffer instead and decode when needed)
<w> [webpack.cache.PackFileCacheStrategy] Serializing big strings (103kiB) impacts deserialization performance (consider using Buffer instead and decode when needed)
<w> [webpack.cache.PackFileCacheStrategy] Serializing big strings (101kiB) impacts deserialization performance (consider using Buffer instead and decode when needed)
<w> [webpack.cache.PackFileCacheStrategy] Serializing big strings (101kiB) impacts deserialization performance (consider using Buffer instead and decode when needed)
<w> [webpack.cache.PackFileCacheStrategy] Serializing big strings (103kiB) impacts deserialization performance (consider using Buffer instead and decode when needed)
<w> [webpack.cache.PackFileCacheStrategy] Serializing big strings (101kiB) impacts deserialization performance (consider using Buffer instead and decode when needed)
<w> [webpack.cache.PackFileCacheStrategy] Serializing big strings (103kiB) impacts deserialization performance (consider using Buffer instead and decode when needed)
<w> [webpack.cache.PackFileCacheStrategy] Serializing big strings (101kiB) impacts deserialization performance (consider using Buffer instead and decode when needed)
<w> [webpack.cache.PackFileCacheStrategy] Serializing big strings (103kiB) impacts deserialization performance (consider using Buffer instead and decode when needed)
<w> [webpack.cache.PackFileCacheStrategy] Serializing big strings (101kiB) impacts deserialization performance (consider using Buffer instead and decode when needed)
<w> [webpack.cache.PackFileCacheStrategy] Serializing big strings (103kiB) impacts deserialization performance (consider using Buffer instead and decode when needed)
<w> [webpack.cache.PackFileCacheStrategy] Serializing big strings (101kiB) impacts deserialization performance (consider using Buffer instead and decode when needed)
<w> [webpack.cache.PackFileCacheStrategy] Serializing big strings (103kiB) impacts deserialization performance (consider using Buffer instead and decode when needed)
<w> [webpack.cache.PackFileCacheStrategy] Serializing big strings (101kiB) impacts deserialization performance (consider using Buffer instead and decode when needed)
<w> [webpack.cache.PackFileCacheStrategy] Serializing big strings (103kiB) impacts deserialization performance (consider using Buffer instead and decode when needed)
<w> [webpack.cache.PackFileCacheStrategy] Serializing big strings (101kiB) impacts deserialization performance (consider using Buffer instead and decode when needed)
 ✓ Compiled successfully in 46s
   Skipping linting
   Checking validity of types ...
   Collecting page data ...
   Generating static pages (0/40) ...
   Generating static pages (10/40) 
   Generating static pages (20/40) 
   Generating static pages (30/40) 
 ✓ Generating static pages (40/40)
   Finalizing page optimization ...
   Collecting build traces ...

Route (app)                                 Size  First Load JS  Revalidate  Expire
┌ ƒ /                                      376 B         185 kB
├ ƒ /_not-found                          1.16 kB         186 kB
├ ƒ /[locale]                            7.68 kB         646 kB
├ ƒ /[locale]/[slug]                       335 B         358 kB
├ ƒ /[locale]/auth/confirm-email         2.18 kB         192 kB
├ ƒ /[locale]/auth/login                   321 B         276 kB
├ ƒ /[locale]/auth/register                320 B         276 kB
├ ƒ /[locale]/auth/reset-password        3.78 kB         563 kB
├ ƒ /[locale]/auth/verified              3.94 kB         258 kB
├ ƒ /[locale]/cabinet                     148 kB         867 kB
├ ƒ /[locale]/ci/click-shield-modal      5.59 kB         273 kB
├ ƒ /[locale]/contact                     4.9 kB         231 kB
├ ƒ /[locale]/favorites                  11.4 kB         584 kB
├ ƒ /[locale]/listings                   13.4 kB         657 kB
├ ƒ /[locale]/listings/[slug]              401 B         688 kB
├ ƒ /[locale]/listings/[slug]/edit       2.39 kB         252 kB
├ ƒ /[locale]/listings/create            2.39 kB         252 kB
├ ƒ /admin                               5.59 kB         434 kB
├ ƒ /admin/companies                     7.45 kB         347 kB
├ ƒ /admin/currency                      10.3 kB         343 kB
├ ƒ /admin/email-templates               8.03 kB         254 kB
├ ƒ /admin/footer                        6.06 kB         233 kB
├ ƒ /admin/inquiries                       374 B         185 kB
├ ƒ /admin/inquiries/sales                 337 B         381 kB
├ ƒ /admin/inquiries/support               337 B         381 kB
├ ƒ /admin/legal                           376 B         185 kB
├ ƒ /admin/listings                      9.88 kB         478 kB
├ ƒ /admin/listings/[id]/preview           400 B         688 kB
├ ƒ /admin/locations                     7.19 kB         261 kB
├ ƒ /admin/pages                         9.81 kB         314 kB
├ ƒ /admin/permissions                   8.92 kB         220 kB
├ ƒ /admin/popular-locations              6.5 kB         260 kB
├ ƒ /admin/property-types                5.43 kB         335 kB
├ ƒ /admin/reports                         24 kB         329 kB
├ ƒ /admin/settings                      5.16 kB         222 kB
├ ƒ /admin/support                       6.87 kB         421 kB
├ ƒ /admin/users                         8.16 kB         514 kB
├ ƒ /admin/users/[id]                      397 B         633 kB
├ ƒ /admin/users/new                       399 B         633 kB
├ ƒ /api/auth-email-hook                   376 B         185 kB
├ ƒ /api/auth/me                           376 B         185 kB
├ ƒ /api/cron/inactivity                   377 B         185 kB
├ ƒ /api/cron/listing-activity             376 B         185 kB
├ ƒ /api/cron/listings-expiry              376 B         185 kB
├ ƒ /api/cron/price-alerts                 375 B         185 kB
├ ƒ /api/cron/saved-searches               376 B         185 kB
├ ○ /api/exchange-rate                     376 B         185 kB          1h      1y
├ ƒ /api/listings                          376 B         185 kB
├ ƒ /api/listings/[slug]/view              376 B         185 kB
├ ƒ /api/presence                          376 B         185 kB
├ ƒ /api/property-types                    375 B         185 kB
├ ƒ /api/upload-avatar                     376 B         185 kB
├ ƒ /api/upload-company-logo               376 B         185 kB
├ ƒ /api/upload-popular-location-photo     375 B         185 kB
├ ƒ /auth/callback                         376 B         185 kB
└ ƒ /auth/confirm                          376 B         185 kB
+ First Load JS shared by all             184 kB
  ├ chunks/3434-564bae480a6d23db.js       126 kB
  ├ chunks/4bd1b696-ad216e4073dcea52.js  54.4 kB
  └ other shared chunks (total)          4.46 kB


ƒ Middleware                              165 kB

○  (Static)   prerendered as static content
ƒ  (Dynamic)  server-rendered on demand

EXIT_CODE=0
