
> lero-al@0.1.0 build
> next build

   ▲ Next.js 15.5.18
   - Environments: .env.local
   - Experiments (use with caution):
     · clientTraceMetadata

   Creating an optimized production build ...
npm.cmd : <w> [webpack.cache.PackFileCacheStrategy] Serializing big strings (103kiB) impacts deserialization 
performance (consider using Buffer instead and decode when needed)
At line:1 char:1
+ npm.cmd run build > "C:\Claude_Code_Projects\lero-al\docs\sessions\ev ...
+ ~~~~~~~~~~~~~~~~~~~~~~~~~~~~~~~~~~~~~~~~~~~~~~~~~~~~~~~~~~~~~~~~~~~~~
    + CategoryInfo          : NotSpecified: (<w> [webpack.ca...de when needed):String) [], RemoteException
    + FullyQualifiedErrorId : NativeCommandError
 
<w> [webpack.cache.PackFileCacheStrategy] Serializing big strings (101kiB) impacts deserialization performance 
(consider using Buffer instead and decode when needed)
<w> [webpack.cache.PackFileCacheStrategy] Serializing big strings (103kiB) impacts deserialization performance 
(consider using Buffer instead and decode when needed)
<w> [webpack.cache.PackFileCacheStrategy] Serializing big strings (101kiB) impacts deserialization performance 
(consider using Buffer instead and decode when needed)
<w> [webpack.cache.PackFileCacheStrategy] Serializing big strings (103kiB) impacts deserialization performance 
(consider using Buffer instead and decode when needed)
<w> [webpack.cache.PackFileCacheStrategy] Serializing big strings (103kiB) impacts deserialization performance 
(consider using Buffer instead and decode when needed)
<w> [webpack.cache.PackFileCacheStrategy] Serializing big strings (101kiB) impacts deserialization performance 
(consider using Buffer instead and decode when needed)
<w> [webpack.cache.PackFileCacheStrategy] Serializing big strings (101kiB) impacts deserialization performance 
(consider using Buffer instead and decode when needed)
<w> [webpack.cache.PackFileCacheStrategy] Serializing big strings (103kiB) impacts deserialization performance 
(consider using Buffer instead and decode when needed)
<w> [webpack.cache.PackFileCacheStrategy] Serializing big strings (103kiB) impacts deserialization performance 
(consider using Buffer instead and decode when needed)
<w> [webpack.cache.PackFileCacheStrategy] Serializing big strings (101kiB) impacts deserialization performance 
(consider using Buffer instead and decode when needed)
<w> [webpack.cache.PackFileCacheStrategy] Serializing big strings (101kiB) impacts deserialization performance 
(consider using Buffer instead and decode when needed)
<w> [webpack.cache.PackFileCacheStrategy] Serializing big strings (104kiB) impacts deserialization performance 
(consider using Buffer instead and decode when needed)
<w> [webpack.cache.PackFileCacheStrategy] Serializing big strings (102kiB) impacts deserialization performance 
(consider using Buffer instead and decode when needed)
<w> [webpack.cache.PackFileCacheStrategy] Serializing big strings (104kiB) impacts deserialization performance 
(consider using Buffer instead and decode when needed)
<w> [webpack.cache.PackFileCacheStrategy] Serializing big strings (102kiB) impacts deserialization performance 
(consider using Buffer instead and decode when needed)
<w> [webpack.cache.PackFileCacheStrategy] Serializing big strings (103kiB) impacts deserialization performance 
(consider using Buffer instead and decode when needed)
<w> [webpack.cache.PackFileCacheStrategy] Serializing big strings (103kiB) impacts deserialization performance 
(consider using Buffer instead and decode when needed)
<w> [webpack.cache.PackFileCacheStrategy] Serializing big strings (101kiB) impacts deserialization performance 
(consider using Buffer instead and decode when needed)
<w> [webpack.cache.PackFileCacheStrategy] Serializing big strings (101kiB) impacts deserialization performance 
(consider using Buffer instead and decode when needed)
<w> [webpack.cache.PackFileCacheStrategy] Serializing big strings (103kiB) impacts deserialization performance 
(consider using Buffer instead and decode when needed)
<w> [webpack.cache.PackFileCacheStrategy] Serializing big strings (103kiB) impacts deserialization performance 
(consider using Buffer instead and decode when needed)
<w> [webpack.cache.PackFileCacheStrategy] Serializing big strings (101kiB) impacts deserialization performance 
(consider using Buffer instead and decode when needed)
<w> [webpack.cache.PackFileCacheStrategy] Serializing big strings (101kiB) impacts deserialization performance 
(consider using Buffer instead and decode when needed)
<w> [webpack.cache.PackFileCacheStrategy] Serializing big strings (104kiB) impacts deserialization performance 
(consider using Buffer instead and decode when needed)
<w> [webpack.cache.PackFileCacheStrategy] Serializing big strings (104kiB) impacts deserialization performance 
(consider using Buffer instead and decode when needed)
<w> [webpack.cache.PackFileCacheStrategy] Serializing big strings (102kiB) impacts deserialization performance 
(consider using Buffer instead and decode when needed)
<w> [webpack.cache.PackFileCacheStrategy] Serializing big strings (102kiB) impacts deserialization performance 
(consider using Buffer instead and decode when needed)
<w> [webpack.cache.PackFileCacheStrategy] Serializing big strings (103kiB) impacts deserialization performance 
(consider using Buffer instead and decode when needed)
<w> [webpack.cache.PackFileCacheStrategy] Serializing big strings (103kiB) impacts deserialization performance 
(consider using Buffer instead and decode when needed)
<w> [webpack.cache.PackFileCacheStrategy] Serializing big strings (101kiB) impacts deserialization performance 
(consider using Buffer instead and decode when needed)
<w> [webpack.cache.PackFileCacheStrategy] Serializing big strings (101kiB) impacts deserialization performance 
(consider using Buffer instead and decode when needed)
<w> [webpack.cache.PackFileCacheStrategy] Serializing big strings (103kiB) impacts deserialization performance 
(consider using Buffer instead and decode when needed)
<w> [webpack.cache.PackFileCacheStrategy] Serializing big strings (103kiB) impacts deserialization performance 
(consider using Buffer instead and decode when needed)
<w> [webpack.cache.PackFileCacheStrategy] Serializing big strings (101kiB) impacts deserialization performance 
(consider using Buffer instead and decode when needed)
<w> [webpack.cache.PackFileCacheStrategy] Serializing big strings (101kiB) impacts deserialization performance 
(consider using Buffer instead and decode when needed)
<w> [webpack.cache.PackFileCacheStrategy] Serializing big strings (103kiB) impacts deserialization performance 
(consider using Buffer instead and decode when needed)
<w> [webpack.cache.PackFileCacheStrategy] Serializing big strings (101kiB) impacts deserialization performance 
(consider using Buffer instead and decode when needed)
<w> [webpack.cache.PackFileCacheStrategy] Serializing big strings (103kiB) impacts deserialization performance 
(consider using Buffer instead and decode when needed)
<w> [webpack.cache.PackFileCacheStrategy] Serializing big strings (101kiB) impacts deserialization performance 
(consider using Buffer instead and decode when needed)
<w> [webpack.cache.PackFileCacheStrategy] Serializing big strings (101kiB) impacts deserialization performance 
(consider using Buffer instead and decode when needed)
<w> [webpack.cache.PackFileCacheStrategy] Serializing big strings (103kiB) impacts deserialization performance 
(consider using Buffer instead and decode when needed)
<w> [webpack.cache.PackFileCacheStrategy] Serializing big strings (103kiB) impacts deserialization performance 
(consider using Buffer instead and decode when needed)
<w> [webpack.cache.PackFileCacheStrategy] Serializing big strings (101kiB) impacts deserialization performance 
(consider using Buffer instead and decode when needed)
<w> [webpack.cache.PackFileCacheStrategy] Serializing big strings (103kiB) impacts deserialization performance 
(consider using Buffer instead and decode when needed)
<w> [webpack.cache.PackFileCacheStrategy] Serializing big strings (101kiB) impacts deserialization performance 
(consider using Buffer instead and decode when needed)
<w> [webpack.cache.PackFileCacheStrategy] Serializing big strings (103kiB) impacts deserialization performance 
(consider using Buffer instead and decode when needed)
<w> [webpack.cache.PackFileCacheStrategy] Serializing big strings (101kiB) impacts deserialization performance 
(consider using Buffer instead and decode when needed)
<w> [webpack.cache.PackFileCacheStrategy] Serializing big strings (103kiB) impacts deserialization performance 
(consider using Buffer instead and decode when needed)
<w> [webpack.cache.PackFileCacheStrategy] Serializing big strings (101kiB) impacts deserialization performance 
(consider using Buffer instead and decode when needed)
<w> [webpack.cache.PackFileCacheStrategy] Serializing big strings (103kiB) impacts deserialization performance 
(consider using Buffer instead and decode when needed)
<w> [webpack.cache.PackFileCacheStrategy] Serializing big strings (101kiB) impacts deserialization performance 
(consider using Buffer instead and decode when needed)
<w> [webpack.cache.PackFileCacheStrategy] Serializing big strings (103kiB) impacts deserialization performance 
(consider using Buffer instead and decode when needed)
<w> [webpack.cache.PackFileCacheStrategy] Serializing big strings (101kiB) impacts deserialization performance 
(consider using Buffer instead and decode when needed)
<w> [webpack.cache.PackFileCacheStrategy] Serializing big strings (103kiB) impacts deserialization performance 
(consider using Buffer instead and decode when needed)
<w> [webpack.cache.PackFileCacheStrategy] Serializing big strings (101kiB) impacts deserialization performance 
(consider using Buffer instead and decode when needed)
<w> [webpack.cache.PackFileCacheStrategy] Serializing big strings (103kiB) impacts deserialization performance 
(consider using Buffer instead and decode when needed)
<w> [webpack.cache.PackFileCacheStrategy] Serializing big strings (101kiB) impacts deserialization performance 
(consider using Buffer instead and decode when needed)
 ✓ Compiled successfully in 74s
   Skipping linting
   Checking validity of types ...
   Collecting page data ...
   Generating static pages (0/40) ...
   Generating static pages (10/40) 
   Generating static pages (20/40) 
   Generating static pages (30/40) 
 ✓ Generating static pages (40/40)
   Finalizing page optimization ...
   Collecting build traces ...

Route (app)                                 Size  First Load JS  Revalidate  Expire
┌ ƒ /                                      376 B         185 kB
├ ƒ /_not-found                          1.16 kB         186 kB
├ ƒ /[locale]                            6.81 kB         663 kB
├ ƒ /[locale]/[slug]                       347 B         362 kB
├ ƒ /[locale]/auth/confirm-email         2.18 kB         192 kB
├ ƒ /[locale]/auth/login                 1.25 kB         277 kB
├ ƒ /[locale]/auth/register              1.25 kB         277 kB
├ ƒ /[locale]/auth/reset-password        3.57 kB         579 kB
├ ƒ /[locale]/auth/verified              3.16 kB         259 kB
├ ƒ /[locale]/cabinet                     144 kB         809 kB
├ ƒ /[locale]/cabinet/statistics         5.84 kB         488 kB
├ ƒ /[locale]/ci/click-shield-modal      7.33 kB         275 kB
├ ƒ /[locale]/contact                    6.79 kB         231 kB
├ ƒ /[locale]/favorites                  6.08 kB         596 kB
├ ƒ /[locale]/listings                   12.3 kB         673 kB
├ ƒ /[locale]/listings/[slug]              419 B         704 kB
├ ƒ /[locale]/listings/[slug]/edit       1.46 kB         252 kB
├ ƒ /[locale]/listings/create            1.46 kB         252 kB
├ ƒ /admin                               10.5 kB         429 kB
├ ƒ /admin/companies                     13.7 kB         327 kB
├ ƒ /admin/currency                      9.85 kB         607 kB
├ ƒ /admin/email-templates               8.69 kB         265 kB
├ ƒ /admin/footer                        6.78 kB         245 kB
├ ƒ /admin/inquiries                       374 B         185 kB
├ ƒ /admin/inquiries/sales                 336 B         399 kB
├ ƒ /admin/inquiries/support               335 B         399 kB
├ ƒ /admin/legal                           376 B         185 kB
├ ƒ /admin/listings                      10.5 kB         463 kB
├ ƒ /admin/listings/[id]/preview           418 B         704 kB
├ ƒ /admin/locations                     9.47 kB         274 kB
├ ƒ /admin/pages                         10.3 kB         316 kB
├ ƒ /admin/permissions                   9.07 kB         220 kB
├ ƒ /admin/popular-locations             8.71 kB         273 kB
├ ƒ /admin/property-types                4.95 kB         316 kB
├ ƒ /admin/reports                       30.6 kB         330 kB
├ ƒ /admin/settings                      7.99 kB         235 kB
├ ƒ /admin/support                       13.9 kB         432 kB
├ ƒ /admin/users                         7.32 kB         529 kB
├ ƒ /admin/users/[id]                      404 B         668 kB
├ ƒ /admin/users/new                       404 B         668 kB
├ ƒ /api/auth-email-hook                   376 B         185 kB
├ ƒ /api/auth/me                           376 B         185 kB
├ ƒ /api/cron/inactivity                   377 B         185 kB
├ ƒ /api/cron/listing-activity             376 B         185 kB
├ ƒ /api/cron/listings-expiry              376 B         185 kB
├ ƒ /api/cron/price-alerts                 375 B         185 kB
├ ƒ /api/cron/saved-searches               376 B         185 kB
├ ○ /api/exchange-rate                     376 B         185 kB          1h      1y
├ ƒ /api/listings                          376 B         185 kB
├ ƒ /api/listings/[slug]/view              376 B         185 kB
├ ƒ /api/presence                          376 B         185 kB
├ ƒ /api/property-types                    375 B         185 kB
├ ƒ /api/upload-avatar                     376 B         185 kB
├ ƒ /api/upload-company-logo               376 B         185 kB
├ ƒ /api/upload-popular-location-photo     375 B         185 kB
├ ƒ /auth/callback                         376 B         185 kB
└ ƒ /auth/confirm                          376 B         185 kB
+ First Load JS shared by all             185 kB
  ├ chunks/3434-53d609e5dcd054d6.js       126 kB
  ├ chunks/4bd1b696-ad216e4073dcea52.js  54.4 kB
  └ other shared chunks (total)          4.55 kB


ƒ Middleware                              165 kB

○  (Static)   prerendered as static content
ƒ  (Dynamic)  server-rendered on demand

EXIT_CODE=0
