3e1f054284ea4bf3f522309c44eb81039b6e2add  src/design-system/mantine/theme.ts
055561d9512565019dbbd82669f167f4909be2e8  src/modules/listings/components/ListingContact.tsx
5ee5ed0876da0fa99f1efaab111c653f5965e52f  src/modules/listings/components/ListingDetailView.tsx
c3433d704eb1fa400f2a524e677abc3378d059d3  src/modules/listings/components/__tests__/ListingDetailView.favorite.test.tsx
04172484056d036135a0c856bc1f6f65a3777fa8  src/stories/mantine/primitives/AppImage.stories.tsx
2263b1ba227b5495a1cabeb0e0b5dfa8d2716634  src/design-system/mantine/patterns/MantineListingCardPattern.tsx
483cec3fc74c19e84b44c98ac5c8fc0a7170e0b0  src/design-system/mantine/patterns/MantineListingCardPattern.module.css
d58d07b20e6e27a3bf39271382a57a3401c8e6db  src/modules/listings/components/ListingCard.tsx
6d10161d93780f7a84df5bf55c00fb444af13829  src/modules/listings/components/ListingCard.module.css
c408127bffd283835999d2131b3f626d7e2662ce  src/modules/listings/components/__tests__/ListingCard.smoke.test.tsx
a31351e97828e2e4afb1801d5a39e433c3e74a43  src/stories/patterns/mantine/ListingCardPattern.stories.tsx
db14e9788ca8d18bd4d249cc46a0c85738cd8b42  src/design-system/mantine/patterns/GalleryThumbnailButton.tsx
7b2841b0e8c2f0fecd60f1d96c697c95833397c2  src/design-system/mantine/patterns/MantineListingGalleryPattern.tsx
97ec3e230a00fa7881516be10a2f68b78a6e6104  src/modules/listings/components/LightboxView.tsx
2e19ee4cc389ff592b0aa323b301d5d1b3409fa0  src/stories/mantine/primitives/GalleryThumbnailButton.stories.tsx
5e1871051ccb504965fe6c6bccd6e2a2022ddbe2  src/stories/patterns/mantine/ListingDetailPattern.stories.tsx
c068f3d8ba5378cf2606aeba8e116aa7bd52e0f3  src/stories/patterns/mantine/ListingContactPattern.stories.tsx
0eacda0cb74f1f1835786d6087a13332b2340720  messages/en.json
f77701e300ab138686967b22a1c4818dfeeddcb7  messages/sq.json
741bae5d4e2ae7beccd6d0dab982e2fbcd1fb7a5  messages/uk.json
918d107f49a75e7325bd699ae12e32ad9b3434d1  messages/it.json
0a0747e6cfcbb7ae4fdfe58f31edc18c66db6ae1  src/modules/listings/components/FavoritesShell.tsx
acc9e65de031e08c1e18677cc901daa08f927bbd  src/modules/listings/components/SaveToCollectionButton.tsx
45d3bcc9110b8b50d6a231e9aa7ae5bd21f94bb4  src/stories/mantine/primitives/SaveToCollectionButton.stories.tsx
0a2798fd420d3a9caa8c844dfd7bd96cd4878576  src/stories/mantine/primitives/ListingCard.stories.tsx
a406af4149488c08ddc128071f1d8a814586f2cc  src/stories/mantine/primitives/LightboxView.stories.tsx
5756d83a4d4fe538964a419da7e7bd7b09f33140  src/stories/patterns/mantine/ListingDetailView.stories.tsx
57ad845051ff38262e228e0c91c75cc628ceb8b5  src/design-system/mantine/patterns/MantineListingCardTrack.module.css
5a92d6fe24c0f19af09cf8c53cba1765c276585f  src/design-system/mantine/typography.ts
959e73ab5200d35bce8908a163a2af2389ea09b4  scripts/check-type-responsive.mjs
c08a1d6f7326aa6c7556193e1278e1690a5df0b1  scripts/type-responsive-baseline.json
ba2b4461732fc82a0fa130d1803020a943da62dc  package.json
DELETED  src/modules/listings/components/SaveToCollectionButton.module.css (exists: False)
