platform=win32
node_version=v22.22.3
cwd=C:\Claude_Code_Projects\lero-al
command=node.exe scripts/task772-listings-overflow-probe.mjs before
BASE_URL=http://127.0.0.1:3000
TASK772_AUTH_STORAGE_STATE=
---
Wrote C:\Claude_Code_Projects\lero-al\docs\sessions\evidence\task772\overflow.before.json
Wrote C:\Claude_Code_Projects\lero-al\docs\sessions\evidence\task772\auth-state.before.txt

Anonymous cells measured: 22
Anonymous cells overflowing: 16
Anonymous cells failed (hard): 0
Auth state: AUTH_STATE_UNAVAILABLE
Authenticated cells measured: 0
Interaction cell: ok
Negative-flow cells failed (hard): 0

Overflowing anonymous cells:
  mobile-default 320xsq: scrollWidth=452 clientWidth=320 widest={"tag":"div","className":"relative w-auto min-w-35","testId":"combobox","right":452,"width":140,"overflowBy":132}
  mobile-default 320xen: scrollWidth=452 clientWidth=320 widest={"tag":"div","className":"relative w-auto min-w-35","testId":"combobox","right":452,"width":140,"overflowBy":132}
  mobile-default 320xuk: scrollWidth=452 clientWidth=320 widest={"tag":"div","className":"relative w-auto min-w-35","testId":"combobox","right":452,"width":140,"overflowBy":132}
  mobile-default 320xit: scrollWidth=452 clientWidth=320 widest={"tag":"div","className":"relative w-auto min-w-35","testId":"combobox","right":452,"width":140,"overflowBy":132}
  mobile-default 375xsq: scrollWidth=507 clientWidth=375 widest={"tag":"div","className":"relative w-auto min-w-35","testId":"combobox","right":507,"width":140,"overflowBy":132}
  mobile-default 375xen: scrollWidth=507 clientWidth=375 widest={"tag":"div","className":"relative w-auto min-w-35","testId":"combobox","right":507,"width":140,"overflowBy":132}
  mobile-default 375xuk: scrollWidth=507 clientWidth=375 widest={"tag":"div","className":"relative w-auto min-w-35","testId":"combobox","right":507,"width":140,"overflowBy":132}
  mobile-default 375xit: scrollWidth=507 clientWidth=375 widest={"tag":"div","className":"relative w-auto min-w-35","testId":"combobox","right":507,"width":140,"overflowBy":132}
  mobile-default 390xsq: scrollWidth=522 clientWidth=390 widest={"tag":"div","className":"relative w-auto min-w-35","testId":"combobox","right":522,"width":140,"overflowBy":132}
  mobile-default 390xen: scrollWidth=522 clientWidth=390 widest={"tag":"div","className":"relative w-auto min-w-35","testId":"combobox","right":522,"width":140,"overflowBy":132}
  mobile-default 390xuk: scrollWidth=522 clientWidth=390 widest={"tag":"div","className":"relative w-auto min-w-35","testId":"combobox","right":522,"width":140,"overflowBy":132}
  mobile-default 390xit: scrollWidth=522 clientWidth=390 widest={"tag":"div","className":"relative w-auto min-w-35","testId":"combobox","right":522,"width":140,"overflowBy":132}
  longest-label 320xsq?sort=price_desc: scrollWidth=452 clientWidth=320 widest={"tag":"div","className":"relative w-auto min-w-35","testId":"combobox","right":452,"width":140,"overflowBy":132}
  longest-label 320xen?sort=price_desc: scrollWidth=452 clientWidth=320 widest={"tag":"div","className":"relative w-auto min-w-35","testId":"combobox","right":452,"width":140,"overflowBy":132}
  longest-label 320xuk?sort=price_desc: scrollWidth=452 clientWidth=320 widest={"tag":"div","className":"relative w-auto min-w-35","testId":"combobox","right":452,"width":140,"overflowBy":132}
  longest-label 320xit?sort=price_desc: scrollWidth=452 clientWidth=320 widest={"tag":"div","className":"relative w-auto min-w-35","testId":"combobox","right":452,"width":140,"overflowBy":132}

✅ task772-listings-overflow-probe: all branches captured cleanly (overflow is data, not a hard failure — see JSON).
---
exit_code=0
