
> lero-al@0.1.0 test
> vitest run src/app/api/cron/listing-activity/__tests__ src/modules/analytics/activity/__tests__


 RUN  v4.1.6 C:/Claude_Code_Projects/lero-al

 ❯ src/app/api/cron/listing-activity/__tests__/route.test.ts (0 test)
 ❯ src/modules/analytics/activity/__tests__/read.test.ts (0 test)

⎯⎯⎯⎯⎯⎯ Failed Suites 2 ⎯⎯⎯⎯⎯⎯⎯

 FAIL  src/modules/analytics/activity/__tests__/read.test.ts [ src/modules/analytics/activity/__tests__/read.test.ts ]
Error: Failed to resolve import "../read" from "src/modules/analytics/activity/__tests__/read.test.ts". Does the file exist?
  Plugin: vite:import-analysis
  File: C:/Claude_Code_Projects/lero-al/src/modules/analytics/activity/__tests__/read.test.ts:60:17
  45 |    getOwnerActivityByListing,
  46 |    getActivityFreshness
  47 |  } = await import("../read");
     |                   ^
  48 |  const PERIOD = { from: "2026-09-16", to: "2026-09-18", days: 3 };
  49 |  const OWNER = "owner-uuid";
 ❯ TransformPluginContext._formatLog node_modules/vite/dist/node/chunks/dep-Dq2t6Dq0.js:42553:41
 ❯ TransformPluginContext.error node_modules/vite/dist/node/chunks/dep-Dq2t6Dq0.js:42550:16
 ❯ normalizeUrl node_modules/vite/dist/node/chunks/dep-Dq2t6Dq0.js:40529:23
 ❯ node_modules/vite/dist/node/chunks/dep-Dq2t6Dq0.js:40648:37
 ❯ TransformPluginContext.transform node_modules/vite/dist/node/chunks/dep-Dq2t6Dq0.js:40575:7
 ❯ EnvironmentPluginContainer.transform node_modules/vite/dist/node/chunks/dep-Dq2t6Dq0.js:42348:18
 ❯ loadAndTransform node_modules/vite/dist/node/chunks/dep-Dq2t6Dq0.js:35740:27

⎯⎯⎯⎯⎯⎯⎯⎯⎯⎯⎯⎯⎯⎯⎯⎯⎯⎯⎯⎯⎯⎯⎯⎯[1/2]⎯

 FAIL  src/app/api/cron/listing-activity/__tests__/route.test.ts [ src/app/api/cron/listing-activity/__tests__/route.test.ts ]
Error: Failed to resolve import "../route" from "src/app/api/cron/listing-activity/__tests__/route.test.ts". Does the file exist?
  Plugin: vite:import-analysis
  File: C:/Claude_Code_Projects/lero-al/src/app/api/cron/listing-activity/__tests__/route.test.ts:43:27
  28 |  import { describe, it, expect, vi, beforeEach, afterEach } from "vitest";
  29 |  
  30 |  const route = await import("../route");
     |                             ^
  31 |  function makeRequest(authHeader) {
  32 |    const headers = {};
 ❯ TransformPluginContext._formatLog node_modules/vite/dist/node/chunks/dep-Dq2t6Dq0.js:42553:41
 ❯ TransformPluginContext.error node_modules/vite/dist/node/chunks/dep-Dq2t6Dq0.js:42550:16
 ❯ normalizeUrl node_modules/vite/dist/node/chunks/dep-Dq2t6Dq0.js:40529:23
 ❯ node_modules/vite/dist/node/chunks/dep-Dq2t6Dq0.js:40648:37
 ❯ TransformPluginContext.transform node_modules/vite/dist/node/chunks/dep-Dq2t6Dq0.js:40575:7
 ❯ EnvironmentPluginContainer.transform node_modules/vite/dist/node/chunks/dep-Dq2t6Dq0.js:42348:18
 ❯ loadAndTransform node_modules/vite/dist/node/chunks/dep-Dq2t6Dq0.js:35740:27

⎯⎯⎯⎯⎯⎯⎯⎯⎯⎯⎯⎯⎯⎯⎯⎯⎯⎯⎯⎯⎯⎯⎯⎯[2/2]⎯


 Test Files  2 failed (2)
      Tests  no tests
   Start at  16:39:56
   Duration  1.18s (transform 36ms, setup 217ms, import 0ms, tests 0ms, environment 1.62s)

EXIT_CODE=1
