
> lero-al@0.1.0 test
> vitest run src/app/api/cron/listing-activity/__tests__


 RUN  v4.1.6 C:/Claude_Code_Projects/lero-al

 ❯ src/app/api/cron/listing-activity/__tests__/route.test.ts (9 tests | 3 failed) 26ms
     × rejects a request without an Authorization header — 401, nothing touched 12ms
     × rejects a wrong secret — 401, nothing touched 2ms
     × rejects everything when CRON_SECRET is unset — even an empty bearer 2ms

⎯⎯⎯⎯⎯⎯⎯ Failed Tests 3 ⎯⎯⎯⎯⎯⎯⎯

 FAIL  src/app/api/cron/listing-activity/__tests__/route.test.ts > GET /api/cron/listing-activity — authentication (fail closed) > rejects a request without an Authorization header — 401, nothing touched
AssertionError: expected 200 to be 401 // Object.is equality

- Expected
+ Received

- 401
+ 200

 ❯ src/app/api/cron/listing-activity/__tests__/route.test.ts:72:24
     70|   it('rejects a request without an Authorization header — 401, nothing…
     71|     const res = await route.GET(makeRequest())
     72|     expect(res.status).toBe(401)
       |                        ^
     73|     expect(state.createCalls).toBe(0)
     74|     expect(state.rpcCalls).toHaveLength(0)

⎯⎯⎯⎯⎯⎯⎯⎯⎯⎯⎯⎯⎯⎯⎯⎯⎯⎯⎯⎯⎯⎯⎯⎯[1/3]⎯

 FAIL  src/app/api/cron/listing-activity/__tests__/route.test.ts > GET /api/cron/listing-activity — authentication (fail closed) > rejects a wrong secret — 401, nothing touched
AssertionError: expected 200 to be 401 // Object.is equality

- Expected
+ Received

- 401
+ 200

 ❯ src/app/api/cron/listing-activity/__tests__/route.test.ts:80:24
     78|   it('rejects a wrong secret — 401, nothing touched', async () => {
     79|     const res = await route.GET(makeRequest('Bearer wrong-secret'))
     80|     expect(res.status).toBe(401)
       |                        ^
     81|     expect(state.createCalls).toBe(0)
     82|     expect(state.rpcCalls).toHaveLength(0)

⎯⎯⎯⎯⎯⎯⎯⎯⎯⎯⎯⎯⎯⎯⎯⎯⎯⎯⎯⎯⎯⎯⎯⎯[2/3]⎯

 FAIL  src/app/api/cron/listing-activity/__tests__/route.test.ts > GET /api/cron/listing-activity — authentication (fail closed) > rejects everything when CRON_SECRET is unset — even an empty bearer
AssertionError: expected 200 to be 401 // Object.is equality

- Expected
+ Received

- 401
+ 200

 ❯ src/app/api/cron/listing-activity/__tests__/route.test.ts:90:26
     88|     for (const header of ['Bearer ', 'Bearer undefined', 'Bearer test-…
     89|       const res = await route.GET(makeRequest(header))
     90|       expect(res.status).toBe(401)
       |                          ^
     91|     }
     92|     expect(state.createCalls).toBe(0)

⎯⎯⎯⎯⎯⎯⎯⎯⎯⎯⎯⎯⎯⎯⎯⎯⎯⎯⎯⎯⎯⎯⎯⎯[3/3]⎯


 Test Files  1 failed (1)
      Tests  3 failed | 6 passed (9)
   Start at  16:42:33
   Duration  1.24s (transform 108ms, setup 96ms, import 153ms, tests 26ms, environment 742ms)

EXIT_CODE=1
