
> lero-al@0.1.0 check:locale-leak:mantine-only
> node scripts/check-locale-leak.mjs --mantine-only

🔍  Locale leak detector — full mode (mantine-only)
Mantine selected: 100; non-Mantine excluded: 214
    Stories: 100 scanned (0 multi-locale demo stories excluded) | Locales: sq/uk/it | Viewports: 3
    Output: .screenshots/locale-leak/2026-09-05T11-33/

................................................................................................................................................................................................................................................................................................................................................................................................................................................................................................................................................................................................................................................................................................................................................................................................................................................................................................

npm.cmd : ❌  Locale leak detector: 488 leak(s) found:
At line:1 char:302
+ ... tch {} } }; npm.cmd run check:locale-leak:mantine-only *> C:\Claude_C ...
+                 ~~~~~~~~~~~~~~~~~~~~~~~~~~~~~~~~~~~~~~~~~~~~~~~~~~~~~~~~~
    + CategoryInfo          : NotSpecified: (❌  Locale leak ... leak(s) found::String) [], RemoteException
    + FullyQualifiedErrorId : NativeCommandError
 

  Story: Admin/AdminUsersTable/Default
    [sq] "Moderator"
    [sq] "Administrator"
    [sq] "Tirana Real Estate Group"
    [sq] "Online"
    [sq] "Gentiana Hoxha"
    [uk] "Tirana Real Estate Group"
    [uk] "Gentiana Hoxha"
    [it] "Tirana Real Estate Group"
    [it] "Online"
    [it] "Gentiana Hoxha"
    [sq] "Tirana Real Estate Group · #101"
    [uk] "Tirana Real Estate Group · #101"
    [it] "Tirana Real Estate Group · #101"

  Story: Mantine/Primitives/CountButton/Default
    [sq] "Task 783 — default-variant filter-trigger boundary states (0 / 1 / 12), the exact composition consumed by the real production Advanced filters control (`ListingsFilterBar`): `variant="default"` + sliders icon 
`leftSection` + `count` inline in `rightSection`. 0 renders no badge; 12 proves the two-digit count stays content-sized and in-flow, never clipped or overhanging the button edge."
    [uk] "Task 783 — default-variant filter-trigger boundary states (0 / 1 / 12), the exact composition consumed by the real production Advanced filters control (`ListingsFilterBar`): `variant="default"` + sliders icon 
`leftSection` + `count` inline in `rightSection`. 0 renders no badge; 12 proves the two-digit count stays content-sized and in-flow, never clipped or overhanging the button edge."
    [it] "Task 783 — default-variant filter-trigger boundary states (0 / 1 / 12), the exact composition consumed by the real production Advanced filters control (`ListingsFilterBar`): `variant="default"` + sliders icon 
`leftSection` + `count` inline in `rightSection`. 0 renders no badge; 12 proves the two-digit count stays content-sized and in-flow, never clipped or overhanging the button edge."

  Story: Mantine/Primitives/FilterControls/Default
    [sq] "FilterChoiceGroup — vertical branch (mobile filters drawer, orientation="vertical")"
    [sq] "FilterChoiceGroup — mode="single" (no deselect, filled/centered — type/market_type)"
    [sq] "FilterChoiceGroup — mode="single" allowDeselect, variant="light" justify="flex-start" (property_type)"
    [uk] "FilterChoiceGroup — vertical branch (mobile filters drawer, orientation="vertical")"
    [uk] "FilterChoiceGroup — mode="single" (no deselect, filled/centered — type/market_type)"
    [uk] "FilterChoiceGroup — mode="single" allowDeselect, variant="light" justify="flex-start" (property_type)"
    [it] "FilterChoiceGroup — vertical branch (mobile filters drawer, orientation="vertical")"
    [it] "FilterChoiceGroup — mode="single" (no deselect, filled/centered — type/market_type)"
    [it] "FilterChoiceGroup — mode="single" allowDeselect, variant="light" justify="flex-start" (property_type)"

  Story: Mantine/Primitives/HeroSearch/Default
    [sq] "Storybook"
    [sq] "Skip to content"
    [sq] "Settings"
    [sq] "Search for components"
    [sq] "Find components"
    [sq] "Tag filters"
    [sq] "Stories"
    [sq] "Collapse"
    [sq] "Expand all"
    [sq] "AdminCardList"
    [sq] "AdminCompaniesManager"
    [sq] "AdminCurrenciesManager"
    [sq] "AdminEmailTemplatesManager"
    [sq] "AdminExchangeProvidersManager"
    [sq] "AdminListingsTable"
    [sq] "AdminLocaleSwitcher"
    [sq] "AdminMobileHeader"
    [sq] "AdminPageShell"
    [sq] "AdminPermissionsManager"
    [sq] "AdminPropertyTypesManager"
    [sq] "AdminReportsManager"
    [sq] "AdminSettings"
    [sq] "AdminSidebar"
    [sq] "AdminSupportManager"
    [sq] "AdminTable"
    [sq] "AdminUserAvatar"
    [sq] "AdminUserProfile"
    [sq] "AdminUsersTable"
    [sq] "StatusChangeHistory"
    [sq] "Shared"
    [sq] "Combobox"
    [sq] "Primitives"
    [sq] "PasswordInput"
    [sq] "PasswordRequirementsHint"
    [sq] "Badge"
    [sq] "Button"
    [sq] "Checkbox"
    [sq] "Command"
    [sq] "Dialog"
    [sq] "DropdownMenu"
    [sq] "Input"
    [sq] "NavigationMenu"
    [sq] "Popover"
    [sq] "Select"
    [sq] "Sheet"
    [sq] "Skeleton"
    [sq] "Tabs"
    [sq] "Cabinet"
    [sq] "ListingsTab"
    [sq] "Listings"
    [sq] "ListingFormShellView"
    [sq] "Form"
    [sq] "Notifications"
    [sq] "NotificationItem"
    [sq] "System"
    [sq] "AdminLayout"
    [sq] "Containers"
    [sq] "EmptyState"
    [sq] "FeaturedListings"
    [sq] "LatestListings"
    [sq] "RecentlyViewedSection"
    [sq] "SimilarListings"
    [sq] "Planted"
    [sq] "VisualViolations"
    [sq] "Auth"
    [sq] "VerifiedPage"
    [sq] "Mantine"
    [sq] "Patterns"
    [sq] "Sidebar resize handle"
    [sq] "Toolbar"
    [sq] "Main preview area"
    [sq] "Content is loading..."
    [uk] "Storybook"
    [uk] "Skip to content"
    [uk] "Settings"
    [uk] "Search for components"
    [uk] "Find components"
    [uk] "Tag filters"
    [uk] "Stories"
    [uk] "Collapse"
    [uk] "Expand all"
    [uk] "AdminCardList"
    [uk] "AdminCompaniesManager"
    [uk] "AdminCurrenciesManager"
    [uk] "AdminEmailTemplatesManager"
    [uk] "AdminExchangeProvidersManager"
    [uk] "AdminListingsTable"
    [uk] "AdminLocaleSwitcher"
    [uk] "AdminMobileHeader"
    [uk] "AdminPageShell"
    [uk] "AdminPermissionsManager"
    [uk] "AdminPropertyTypesManager"
    [uk] "AdminReportsManager"
    [uk] "AdminSettings"
    [uk] "AdminSidebar"
    [uk] "AdminSupportManager"
    [uk] "AdminTable"
    [uk] "AdminUserAvatar"
    [uk] "AdminUserProfile"
    [uk] "AdminUsersTable"
    [uk] "StatusChangeHistory"
    [uk] "Shared"
    [uk] "Combobox"
    [uk] "Primitives"
    [uk] "PasswordInput"
    [uk] "PasswordRequirementsHint"
    [uk] "Badge"
    [uk] "Button"
    [uk] "Checkbox"
    [uk] "Command"
    [uk] "Dialog"
    [uk] "DropdownMenu"
    [uk] "Input"
    [uk] "NavigationMenu"
    [uk] "Popover"
    [uk] "Select"
    [uk] "Sheet"
    [uk] "Skeleton"
    [uk] "Tabs"
    [uk] "Cabinet"
    [uk] "ListingsTab"
    [uk] "Listings"
    [uk] "ListingFormShellView"
    [uk] "Form"
    [uk] "Notifications"
    [uk] "NotificationItem"
    [uk] "System"
    [uk] "AdminLayout"
    [uk] "Containers"
    [uk] "EmptyState"
    [uk] "FeaturedListings"
    [uk] "LatestListings"
    [uk] "RecentlyViewedSection"
    [uk] "SimilarListings"
    [uk] "Planted"
    [uk] "VisualViolations"
    [uk] "Auth"
    [uk] "VerifiedPage"
    [uk] "Mantine"
    [uk] "Patterns"
    [uk] "Sidebar resize handle"
    [uk] "Toolbar"
    [uk] "Main preview area"
    [uk] "Content is loading..."
    [it] "Storybook"
    [it] "Skip to content"
    [it] "Settings"
    [it] "Search for components"
    [it] "Find components"
    [it] "Tag filters"
    [it] "Stories"
    [it] "Collapse"
    [it] "Expand all"
    [it] "AdminCardList"
    [it] "AdminCompaniesManager"
    [it] "AdminCurrenciesManager"
    [it] "AdminEmailTemplatesManager"
    [it] "AdminExchangeProvidersManager"
    [it] "AdminListingsTable"
    [it] "AdminLocaleSwitcher"
    [it] "AdminMobileHeader"
    [it] "AdminPageShell"
    [it] "AdminPermissionsManager"
    [it] "AdminPropertyTypesManager"
    [it] "AdminReportsManager"
    [it] "AdminSettings"
    [it] "AdminSidebar"
    [it] "AdminSupportManager"
    [it] "AdminTable"
    [it] "AdminUserAvatar"
    [it] "AdminUserProfile"
    [it] "AdminUsersTable"
    [it] "StatusChangeHistory"
    [it] "Shared"
    [it] "Combobox"
    [it] "Primitives"
    [it] "PasswordInput"
    [it] "PasswordRequirementsHint"
    [it] "Badge"
    [it] "Button"
    [it] "Checkbox"
    [it] "Command"
    [it] "Dialog"
    [it] "DropdownMenu"
    [it] "Input"
    [it] "NavigationMenu"
    [it] "Popover"
    [it] "Select"
    [it] "Sheet"
    [it] "Skeleton"
    [it] "Tabs"
    [it] "Cabinet"
    [it] "ListingsTab"
    [it] "Listings"
    [it] "ListingFormShellView"
    [it] "Form"
    [it] "Notifications"
    [it] "NotificationItem"
    [it] "System"
    [it] "AdminLayout"
    [it] "Containers"
    [it] "EmptyState"
    [it] "FeaturedListings"
    [it] "LatestListings"
    [it] "RecentlyViewedSection"
    [it] "SimilarListings"
    [it] "Planted"
    [it] "VisualViolations"
    [it] "Auth"
    [it] "VerifiedPage"
    [it] "Mantine"
    [it] "Patterns"
    [it] "Sidebar resize handle"
    [it] "Toolbar"
    [it] "Main preview area"
    [it] "Content is loading..."

  Story: Mantine/Primitives/HeroSearch/Fallback
    [sq] "Navigation controls"
    [sq] "Open navigation menu"
    [sq] "Toolbar"
    [sq] "Main preview area"
    [sq] "Content is loading..."
    [uk] "Navigation controls"
    [uk] "Open navigation menu"
    [uk] "Toolbar"
    [uk] "Main preview area"
    [uk] "Content is loading..."
    [it] "Navigation controls"
    [it] "Open navigation menu"
    [it] "Toolbar"
    [it] "Main preview area"
    [it] "Content is loading..."
    [sq] "Storybook"
    [sq] "Skip to content"
    [sq] "Settings"
    [sq] "Search for components"
    [sq] "Find components"
    [sq] "Tag filters"
    [sq] "Stories"
    [sq] "Collapse"
    [sq] "Expand all"
    [sq] "AdminCardList"
    [sq] "AdminCompaniesManager"
    [sq] "AdminCurrenciesManager"
    [sq] "AdminEmailTemplatesManager"
    [sq] "AdminExchangeProvidersManager"
    [sq] "AdminListingsTable"
    [sq] "AdminLocaleSwitcher"
    [sq] "AdminMobileHeader"
    [sq] "AdminPageShell"
    [sq] "AdminPermissionsManager"
    [sq] "AdminPropertyTypesManager"
    [sq] "AdminReportsManager"
    [sq] "AdminSettings"
    [sq] "AdminSidebar"
    [sq] "AdminSupportManager"
    [sq] "AdminTable"
    [sq] "AdminUserAvatar"
    [sq] "AdminUserProfile"
    [sq] "AdminUsersTable"
    [sq] "StatusChangeHistory"
    [sq] "Shared"
    [sq] "Combobox"
    [sq] "Primitives"
    [sq] "PasswordInput"
    [sq] "PasswordRequirementsHint"
    [sq] "Badge"
    [sq] "Button"
    [sq] "Checkbox"
    [sq] "Command"
    [sq] "Dialog"
    [sq] "DropdownMenu"
    [sq] "Input"
    [sq] "NavigationMenu"
    [sq] "Popover"
    [sq] "Select"
    [sq] "Sheet"
    [sq] "Skeleton"
    [sq] "Tabs"
    [sq] "Cabinet"
    [sq] "ListingsTab"
    [sq] "Listings"
    [sq] "ListingFormShellView"
    [sq] "Form"
    [sq] "Notifications"
    [sq] "NotificationItem"
    [sq] "System"
    [sq] "AdminLayout"
    [sq] "Containers"
    [sq] "EmptyState"
    [sq] "FeaturedListings"
    [sq] "LatestListings"
    [sq] "RecentlyViewedSection"
    [sq] "SimilarListings"
    [sq] "Planted"
    [sq] "VisualViolations"
    [sq] "Auth"
    [sq] "VerifiedPage"
    [sq] "Mantine"
    [sq] "Patterns"
    [sq] "Sidebar resize handle"
    [uk] "Storybook"
    [uk] "Skip to content"
    [uk] "Settings"
    [uk] "Search for components"
    [uk] "Find components"
    [uk] "Tag filters"
    [uk] "Stories"
    [uk] "Collapse"
    [uk] "Expand all"
    [uk] "AdminCardList"
    [uk] "AdminCompaniesManager"
    [uk] "AdminCurrenciesManager"
    [uk] "AdminEmailTemplatesManager"
    [uk] "AdminExchangeProvidersManager"
    [uk] "AdminListingsTable"
    [uk] "AdminLocaleSwitcher"
    [uk] "AdminMobileHeader"
    [uk] "AdminPageShell"
    [uk] "AdminPermissionsManager"
    [uk] "AdminPropertyTypesManager"
    [uk] "AdminReportsManager"
    [uk] "AdminSettings"
    [uk] "AdminSidebar"
    [uk] "AdminSupportManager"
    [uk] "AdminTable"
    [uk] "AdminUserAvatar"
    [uk] "AdminUserProfile"
    [uk] "AdminUsersTable"
    [uk] "StatusChangeHistory"
    [uk] "Shared"
    [uk] "Combobox"
    [uk] "Primitives"
    [uk] "PasswordInput"
    [uk] "PasswordRequirementsHint"
    [uk] "Badge"
    [uk] "Button"
    [uk] "Checkbox"
    [uk] "Command"
    [uk] "Dialog"
    [uk] "DropdownMenu"
    [uk] "Input"
    [uk] "NavigationMenu"
    [uk] "Popover"
    [uk] "Select"
    [uk] "Sheet"
    [uk] "Skeleton"
    [uk] "Tabs"
    [uk] "Cabinet"
    [uk] "ListingsTab"
    [uk] "Listings"
    [uk] "ListingFormShellView"
    [uk] "Form"
    [uk] "Notifications"
    [uk] "NotificationItem"
    [uk] "System"
    [uk] "AdminLayout"
    [uk] "Containers"
    [uk] "EmptyState"
    [uk] "FeaturedListings"
    [uk] "LatestListings"
    [uk] "RecentlyViewedSection"
    [uk] "SimilarListings"
    [uk] "Planted"
    [uk] "VisualViolations"
    [uk] "Auth"
    [uk] "VerifiedPage"
    [uk] "Mantine"
    [uk] "Patterns"
    [uk] "Sidebar resize handle"
    [it] "Storybook"
    [it] "Skip to content"
    [it] "Settings"
    [it] "Search for components"
    [it] "Find components"
    [it] "Tag filters"
    [it] "Stories"
    [it] "Collapse"
    [it] "Expand all"
    [it] "AdminCardList"
    [it] "AdminCompaniesManager"
    [it] "AdminCurrenciesManager"
    [it] "AdminEmailTemplatesManager"
    [it] "AdminExchangeProvidersManager"
    [it] "AdminListingsTable"
    [it] "AdminLocaleSwitcher"
    [it] "AdminMobileHeader"
    [it] "AdminPageShell"
    [it] "AdminPermissionsManager"
    [it] "AdminPropertyTypesManager"
    [it] "AdminReportsManager"
    [it] "AdminSettings"
    [it] "AdminSidebar"
    [it] "AdminSupportManager"
    [it] "AdminTable"
    [it] "AdminUserAvatar"
    [it] "AdminUserProfile"
    [it] "AdminUsersTable"
    [it] "StatusChangeHistory"
    [it] "Shared"
    [it] "Combobox"
    [it] "Primitives"
    [it] "PasswordInput"
    [it] "PasswordRequirementsHint"
    [it] "Badge"
    [it] "Button"
    [it] "Checkbox"
    [it] "Command"
    [it] "Dialog"
    [it] "DropdownMenu"
    [it] "Input"
    [it] "NavigationMenu"
    [it] "Popover"
    [it] "Select"
    [it] "Sheet"
    [it] "Skeleton"
    [it] "Tabs"
    [it] "Cabinet"
    [it] "ListingsTab"
    [it] "Listings"
    [it] "ListingFormShellView"
    [it] "Form"
    [it] "Notifications"
    [it] "NotificationItem"
    [it] "System"
    [it] "AdminLayout"
    [it] "Containers"
    [it] "EmptyState"
    [it] "FeaturedListings"
    [it] "LatestListings"
    [it] "RecentlyViewedSection"
    [it] "SimilarListings"
    [it] "Planted"
    [it] "VisualViolations"
    [it] "Auth"
    [it] "VerifiedPage"
    [it] "Mantine"
    [it] "Patterns"
    [it] "Sidebar resize handle"

  Story: Mantine/Primitives/HowItWorksSteps/Default
    [sq] "Navigation controls"
    [sq] "Open navigation menu"
    [sq] "Toolbar"
    [sq] "Main preview area"
    [sq] "Content is loading..."
    [uk] "Navigation controls"
    [uk] "Open navigation menu"
    [uk] "Toolbar"
    [uk] "Main preview area"
    [uk] "Content is loading..."
    [it] "Navigation controls"
    [it] "Open navigation menu"
    [it] "Toolbar"
    [it] "Main preview area"
    [it] "Content is loading..."

  Story: Patterns/Mantine/AuthSheet/Login
    [sq] "Google"
    [uk] "Google"
    [it] "Google"

  Story: Patterns/Mantine/AuthSheet/Login Validation Error
    [sq] "Google"
    [uk] "Google"
    [it] "Google"

  Story: Patterns/Mantine/ListingsPageFrame/Default
    [it] "Home"

  Story: Patterns/Mantine/SaveSearchButton/Pending
    [sq] "Unauthorized"
    [uk] "Unauthorized"
    [it] "Unauthorized"

    Report: .screenshots/locale-leak/2026-09-05T11-33/report.json
EXIT_CODE=1
