000	inspected	200	tables=1	popups=4	https://techzaa.in/lahomes/admin/index.html
001	inspected	200	tables=3	popups=2	https://techzaa.in/lahomes/admin/pages-calendar.html
002	inspected	200	tables=0	popups=0	https://techzaa.in/lahomes/admin/pages-pricing.html
003	inspected	200	tables=0	popups=0	https://techzaa.in/lahomes/admin/pages-faqs.html
004	inspected	200	tables=0	popups=0	https://techzaa.in/lahomes/admin/auth-lock-screen.html
005	inspected	200	tables=0	popups=0	https://techzaa.in/lahomes/admin/auth-signin.html
006	inspected	200	tables=0	popups=6	https://techzaa.in/lahomes/admin/dashboard-agent.html
007	inspected	200	tables=0	popups=2	https://techzaa.in/lahomes/admin/dashboard-customer.html
008	inspected	200	tables=0	popups=0	https://techzaa.in/lahomes/admin/property-grid.html
009	inspected	200	tables=1	popups=1	https://techzaa.in/lahomes/admin/property-list.html
010	inspected	200	tables=0	popups=3	https://techzaa.in/lahomes/admin/property-details.html
011	inspected	200	tables=0	popups=0	https://techzaa.in/lahomes/admin/property-add.html
012	inspected	200	tables=1	popups=2	https://techzaa.in/lahomes/admin/agents-list.html
013	inspected	200	tables=0	popups=7	https://techzaa.in/lahomes/admin/agents-grid.html
014	inspected	200	tables=0	popups=0	https://techzaa.in/lahomes/admin/agents-details.html
015	inspected	200	tables=0	popups=0	https://techzaa.in/lahomes/admin/agents-add.html
016	inspected	200	tables=1	popups=2	https://techzaa.in/lahomes/admin/customers-list.html
017	inspected	200	tables=0	popups=0	https://techzaa.in/lahomes/admin/customers-grid.html
018	inspected	200	tables=1	popups=2	https://techzaa.in/lahomes/admin/customers-details.html
019	inspected	200	tables=0	popups=0	https://techzaa.in/lahomes/admin/customers-add.html
020	inspected	200	tables=1	popups=1	https://techzaa.in/lahomes/admin/orders.html
021	inspected	200	tables=1	popups=9	https://techzaa.in/lahomes/admin/transactions.html
022	inspected	200	tables=1	popups=1	https://techzaa.in/lahomes/admin/reviews.html
023	inspected	200	tables=0	popups=19	https://techzaa.in/lahomes/admin/messages.html
024	inspected	200	tables=0	popups=4	https://techzaa.in/lahomes/admin/inbox.html
025	inspected	200	tables=0	popups=0	https://techzaa.in/lahomes/admin/post.html
026	inspected	200	tables=0	popups=3	https://techzaa.in/lahomes/admin/post-details.html
027	inspected	200	tables=0	popups=1	https://techzaa.in/lahomes/admin/post-create.html
028	inspected	200	tables=0	popups=0	https://techzaa.in/lahomes/admin/pages-starter.html
029	inspected	200	tables=1	popups=0	https://techzaa.in/lahomes/admin/pages-invoice.html
030	inspected	200	tables=0	popups=0	https://techzaa.in/lahomes/admin/pages-comingsoon.html
031	inspected	200	tables=0	popups=0	https://techzaa.in/lahomes/admin/pages-timeline.html
032	inspected	200	tables=0	popups=0	https://techzaa.in/lahomes/admin/pages-maintenance.html
033	inspected	200	tables=0	popups=0	https://techzaa.in/lahomes/admin/pages-404.html
034	inspected	200	tables=0	popups=0	https://techzaa.in/lahomes/admin/pages-404-alt.html
035	inspected	200	tables=0	popups=1	https://techzaa.in/lahomes/admin/auth-signup.html
036	inspected	200	tables=0	popups=0	https://techzaa.in/lahomes/admin/auth-password.html
037	inspected	200	tables=2	popups=7	https://techzaa.in/lahomes/admin/widgets.html
RESUME at 38 rows, queue 68
038	inspected	200	tables=1	popups=4	https://techzaa.in/lahomes/admin/layouts-dark-sidenav.html
039	inspected	200	tables=1	popups=4	https://techzaa.in/lahomes/admin/layouts-dark-topnav.html
040	inspected	200	tables=1	popups=4	https://techzaa.in/lahomes/admin/layouts-simple-sidenav.html
041	inspected	200	tables=1	popups=4	https://techzaa.in/lahomes/admin/layouts-small-sidenav.html
042	inspected	200	tables=1	popups=4	https://techzaa.in/lahomes/admin/layouts-small-hover.html
043	inspected	200	tables=1	popups=4	https://techzaa.in/lahomes/admin/layouts-small-hover-active.html
044	inspected	200	tables=1	popups=4	https://techzaa.in/lahomes/admin/layouts-hidden-sidenav.html
045	inspected	200	tables=1	popups=4	https://techzaa.in/lahomes/admin/layouts-dark.html
046	inspected	200	tables=0	popups=0	https://techzaa.in/lahomes/admin/ui-accordion.html
047	inspected	200	tables=0	popups=0	https://techzaa.in/lahomes/admin/ui-alerts.html
048	inspected	200	tables=0	popups=0	https://techzaa.in/lahomes/admin/ui-avatar.html
049	inspected	200	tables=0	popups=1	https://techzaa.in/lahomes/admin/ui-badge.html
050	inspected	200	tables=0	popups=0	https://techzaa.in/lahomes/admin/ui-breadcrumb.html
051	inspected	200	tables=0	popups=2	https://techzaa.in/lahomes/admin/ui-buttons.html
052	inspected	200	tables=0	popups=0	https://techzaa.in/lahomes/admin/ui-card.html
053	inspected	200	tables=0	popups=0	https://techzaa.in/lahomes/admin/ui-carousel.html
054	inspected	200	tables=0	popups=0	https://techzaa.in/lahomes/admin/ui-collapse.html
055	inspected	200	tables=0	popups=6	https://techzaa.in/lahomes/admin/ui-dropdown.html
056	inspected	200	tables=0	popups=0	https://techzaa.in/lahomes/admin/ui-list-group.html
057	inspected	200	tables=0	popups=34	https://techzaa.in/lahomes/admin/ui-modal.html
058	inspected	200	tables=0	popups=0	https://techzaa.in/lahomes/admin/ui-tabs.html
059	inspected	200	tables=0	popups=6	https://techzaa.in/lahomes/admin/ui-offcanvas.html
060	inspected	200	tables=0	popups=0	https://techzaa.in/lahomes/admin/ui-pagination.html
061	inspected	200	tables=0	popups=0	https://techzaa.in/lahomes/admin/ui-placeholders.html
062	inspected	200	tables=0	popups=0	https://techzaa.in/lahomes/admin/ui-popovers.html
063	inspected	200	tables=0	popups=0	https://techzaa.in/lahomes/admin/ui-progress.html
064	inspected	200	tables=0	popups=1	https://techzaa.in/lahomes/admin/ui-scrollspy.html
065	inspected	200	tables=0	popups=0	https://techzaa.in/lahomes/admin/ui-spinners.html
066	inspected	200	tables=0	popups=3	https://techzaa.in/lahomes/admin/ui-toasts.html
067	inspected	200	tables=0	popups=0	https://techzaa.in/lahomes/admin/ui-tooltips.html
068	inspected	200	tables=0	popups=0	https://techzaa.in/lahomes/admin/extended-ratings.html
069	inspected	200	tables=0	popups=0	https://techzaa.in/lahomes/admin/extended-sweetalert.html
070	inspected	200	tables=0	popups=0	https://techzaa.in/lahomes/admin/extended-swiper-silder.html
071	inspected	200	tables=0	popups=0	https://techzaa.in/lahomes/admin/extended-scrollbar.html
072	inspected	200	tables=0	popups=0	https://techzaa.in/lahomes/admin/extended-toastify.html
073	inspected	200	tables=0	popups=0	https://techzaa.in/lahomes/admin/charts-apex-area.html
074	inspected	200	tables=0	popups=0	https://techzaa.in/lahomes/admin/charts-apex-bar.html
075	inspected	200	tables=0	popups=0	https://techzaa.in/lahomes/admin/charts-apex-bubble.html
076	inspected	200	tables=0	popups=0	https://techzaa.in/lahomes/admin/charts-apex-candlestick.html
077	inspected	200	tables=0	popups=0	https://techzaa.in/lahomes/admin/charts-apex-column.html
078	inspected	200	tables=0	popups=0	https://techzaa.in/lahomes/admin/charts-apex-heatmap.html
079	inspected	200	tables=0	popups=0	https://techzaa.in/lahomes/admin/charts-apex-line.html
080	inspected	200	tables=0	popups=0	https://techzaa.in/lahomes/admin/charts-apex-mixed.html
081	inspected	200	tables=0	popups=0	https://techzaa.in/lahomes/admin/charts-apex-timeline.html
082	inspected	200	tables=0	popups=0	https://techzaa.in/lahomes/admin/charts-apex-boxplot.html
083	inspected	200	tables=0	popups=0	https://techzaa.in/lahomes/admin/charts-apex-treemap.html
084	inspected	200	tables=0	popups=2	https://techzaa.in/lahomes/admin/charts-apex-pie.html
085	inspected	200	tables=0	popups=0	https://techzaa.in/lahomes/admin/charts-apex-radar.html
086	inspected	200	tables=0	popups=0	https://techzaa.in/lahomes/admin/charts-apex-radialbar.html
087	inspected	200	tables=0	popups=0	https://techzaa.in/lahomes/admin/charts-apex-scatter.html
088	inspected	200	tables=0	popups=0	https://techzaa.in/lahomes/admin/charts-apex-polar-area.html
089	inspected	200	tables=0	popups=0	https://techzaa.in/lahomes/admin/forms-basic.html
090	inspected	200	tables=0	popups=0	https://techzaa.in/lahomes/admin/forms-checkbox-radio.html
091	inspected	200	tables=0	popups=3	https://techzaa.in/lahomes/admin/forms-choices.html
092	inspected	200	tables=0	popups=0	https://techzaa.in/lahomes/admin/forms-clipboard.html
093	inspected	200	tables=0	popups=0	https://techzaa.in/lahomes/admin/forms-flatepicker.html
094	inspected	200	tables=0	popups=0	https://techzaa.in/lahomes/admin/forms-validation.html
095	inspected	200	tables=0	popups=0	https://techzaa.in/lahomes/admin/forms-wizard.html
096	inspected	200	tables=0	popups=0	https://techzaa.in/lahomes/admin/forms-fileuploads.html
097	inspected	200	tables=0	popups=0	https://techzaa.in/lahomes/admin/forms-editors.html
098	inspected	200	tables=0	popups=0	https://techzaa.in/lahomes/admin/forms-input-mask.html
099	inspected	200	tables=0	popups=0	https://techzaa.in/lahomes/admin/forms-range-slider.html
100	inspected	200	tables=32	popups=0	https://techzaa.in/lahomes/admin/tables-basic.html
101	inspected	200	tables=7	popups=0	https://techzaa.in/lahomes/admin/tables-gridjs.html
102	inspected	200	tables=0	popups=0	https://techzaa.in/lahomes/admin/icons-remix.html
103	inspected	200	tables=0	popups=0	https://techzaa.in/lahomes/admin/icons-solar.html
104	inspected	200	tables=0	popups=0	https://techzaa.in/lahomes/admin/maps-google.html
105	inspected	200	tables=0	popups=0	https://techzaa.in/lahomes/admin/maps-vector.html
DONE lahomes: 106 pages, 0 blocked, queue left 0
