000	inspected	200	tables=1	popups=7	https://demo.tailadmin.com/
001	inspected	200	tables=1	popups=7	https://demo.tailadmin.com/
002	inspected	200	tables=1	popups=10	https://demo.tailadmin.com/analytics
003	inspected	200	tables=1	popups=6	https://demo.tailadmin.com/marketing
004	inspected	200	tables=1	popups=6	https://demo.tailadmin.com/crm
005	inspected	200	tables=1	popups=10	https://demo.tailadmin.com/stocks
006	inspected	200	tables=1	popups=10	https://demo.tailadmin.com/saas
007	inspected	200	tables=1	popups=6	https://demo.tailadmin.com/logistics
008	inspected	200	tables=1	popups=10	https://demo.tailadmin.com/ai
009	inspected	200	tables=3	popups=6	https://demo.tailadmin.com/sales
010	inspected	200	tables=1	popups=10	https://demo.tailadmin.com/finance
011	inspected	200	tables=0	popups=10	https://demo.tailadmin.com/text-generator
RESUME at 12 rows, queue 76
012	inspected	200	tables=0	popups=10	https://demo.tailadmin.com/image-generator
013	inspected	200	tables=0	popups=10	https://demo.tailadmin.com/code-generator
014	inspected	200	tables=0	popups=10	https://demo.tailadmin.com/video-generator
015	inspected	200	tables=0	popups=10	https://demo.tailadmin.com/ai-settings
016	inspected	200	tables=1	popups=10	https://demo.tailadmin.com/products-list
017	inspected	200	tables=0	popups=0	https://demo.tailadmin.com/add-product
018	inspected	200	tables=1	popups=8	https://demo.tailadmin.com/billing
019	inspected	200	tables=1	popups=10	https://demo.tailadmin.com/invoices
020	inspected	200	tables=1	popups=0	https://demo.tailadmin.com/single-invoice
021	inspected	200	tables=1	popups=1	https://demo.tailadmin.com/create-invoice
022	inspected	200	tables=1	popups=10	https://demo.tailadmin.com/transactions
023	inspected	200	tables=1	popups=2	https://demo.tailadmin.com/single-transaction
024	inspected	200	tables=0	popups=2	https://demo.tailadmin.com/calendar
025	inspected	200	tables=0	popups=3	https://demo.tailadmin.com/profile
026	inspected	200	tables=0	popups=7	https://demo.tailadmin.com/task-list
027	inspected	200	tables=0	popups=7	https://demo.tailadmin.com/task-kanban
028	inspected	200	tables=0	popups=0	https://demo.tailadmin.com/form-elements
029	inspected	200	tables=0	popups=1	https://demo.tailadmin.com/form-layout
030	inspected	200	tables=6	popups=10	https://demo.tailadmin.com/basic-tables
031	inspected	200	tables=0	popups=0	https://demo.tailadmin.com/data-tables
032	inspected	200	tables=0	popups=10	https://demo.tailadmin.com/file-manager
033	inspected	200	tables=0	popups=0	https://demo.tailadmin.com/pricing-tables
034	inspected	200	tables=0	popups=0	https://demo.tailadmin.com/faq
035	inspected	200	tables=1	popups=1	https://demo.tailadmin.com/api-keys
036	inspected	200	tables=0	popups=10	https://demo.tailadmin.com/integrations
037	inspected	200	tables=0	popups=0	https://demo.tailadmin.com/blank
038	inspected	200	tables=0	popups=0	https://demo.tailadmin.com/404
039	inspected	200	tables=0	popups=0	https://demo.tailadmin.com/500
040	inspected	200	tables=0	popups=0	https://demo.tailadmin.com/503
041	inspected	200	tables=0	popups=0	https://demo.tailadmin.com/coming-soon
042	inspected	200	tables=0	popups=0	https://demo.tailadmin.com/maintenance
043	inspected	200	tables=0	popups=0	https://demo.tailadmin.com/success
044	inspected	200	tables=0	popups=0	https://demo.tailadmin.com/layout-one
045	inspected	200	tables=0	popups=0	https://demo.tailadmin.com/layout-two
046	inspected	200	tables=0	popups=0	https://demo.tailadmin.com/layout-three
047	inspected	200	tables=0	popups=0	https://demo.tailadmin.com/layout-four
048	inspected	200	tables=0	popups=0	https://demo.tailadmin.com/layout-five
049	inspected	200	tables=0	popups=0	https://demo.tailadmin.com/layout-six
050	inspected	200	tables=0	popups=6	https://demo.tailadmin.com/chat
051	inspected	200	tables=1	popups=10	https://demo.tailadmin.com/support-tickets
052	inspected	200	tables=0	popups=1	https://demo.tailadmin.com/support-ticket-reply
053	inspected	200	tables=0	popups=2	https://demo.tailadmin.com/inbox
054	inspected	200	tables=0	popups=2	https://demo.tailadmin.com/inbox-details
055	inspected	200	tables=0	popups=0	https://demo.tailadmin.com/line-chart
056	inspected	200	tables=0	popups=0	https://demo.tailadmin.com/bar-chart
057	inspected	200	tables=0	popups=0	https://demo.tailadmin.com/pie-chart
058	inspected	200	tables=0	popups=0	https://demo.tailadmin.com/radar-chart
059	inspected	200	tables=0	popups=0	https://demo.tailadmin.com/radial-chart
060	inspected	200	tables=0	popups=0	https://demo.tailadmin.com/maps
061	inspected	200	tables=0	popups=0	https://demo.tailadmin.com/vector-maps
062	inspected	200	tables=0	popups=0	https://demo.tailadmin.com/alerts
063	inspected	200	tables=0	popups=0	https://demo.tailadmin.com/avatars
064	inspected	200	tables=0	popups=0	https://demo.tailadmin.com/badge
065	inspected	200	tables=0	popups=0	https://demo.tailadmin.com/breadcrumb
066	inspected	200	tables=0	popups=0	https://demo.tailadmin.com/buttons
067	inspected	200	tables=0	popups=0	https://demo.tailadmin.com/buttons-group
068	inspected	200	tables=0	popups=0	https://demo.tailadmin.com/cards
069	inspected	200	tables=0	popups=0	https://demo.tailadmin.com/carousel
070	inspected	200	tables=0	popups=0	https://demo.tailadmin.com/dropdowns
071	inspected	200	tables=0	popups=0	https://demo.tailadmin.com/images
072	inspected	200	tables=0	popups=0	https://demo.tailadmin.com/links
073	inspected	200	tables=0	popups=0	https://demo.tailadmin.com/list
074	inspected	200	tables=0	popups=4	https://demo.tailadmin.com/modals
075	inspected	200	tables=0	popups=0	https://demo.tailadmin.com/notifications
076	inspected	200	tables=0	popups=0	https://demo.tailadmin.com/pagination
077	inspected	200	tables=0	popups=0	https://demo.tailadmin.com/popovers
078	inspected	200	tables=0	popups=0	https://demo.tailadmin.com/progress-bar
079	inspected	200	tables=0	popups=0	https://demo.tailadmin.com/ribbons
080	inspected	200	tables=0	popups=0	https://demo.tailadmin.com/spinners
081	inspected	200	tables=0	popups=5	https://demo.tailadmin.com/tabs
082	inspected	200	tables=0	popups=0	https://demo.tailadmin.com/tooltips
083	inspected	200	tables=0	popups=0	https://demo.tailadmin.com/videos
084	inspected	200	tables=0	popups=0	https://demo.tailadmin.com/signin
085	inspected	200	tables=0	popups=0	https://demo.tailadmin.com/signup
086	inspected	200	tables=0	popups=0	https://demo.tailadmin.com/reset-password
087	inspected	200	tables=0	popups=0	https://demo.tailadmin.com/two-step-verification
DONE tailadmin: 88 pages, 0 blocked, queue left 0
