000	inspected	200	tables=0	popups=0	https://kamr-vite.vercel.app/dashboard
001	inspected	200	tables=0	popups=0	https://kamr-vite.vercel.app/dashboard-dark
002	inspected	200	tables=1	popups=6	https://kamr-vite.vercel.app/guest-list
003	inspected	200	tables=1	popups=4	https://kamr-vite.vercel.app/guest-details
004	inspected	200	tables=0	popups=0	https://kamr-vite.vercel.app/concierge
005	inspected	200	tables=0	popups=6	https://kamr-vite.vercel.app/room
006	inspected	200	tables=0	popups=0	https://kamr-vite.vercel.app/reviews
RESUME at 7 rows, queue 54
007	inspected	200	tables=0	popups=0	https://kamr-vite.vercel.app/dashboard
008	inspected	200	tables=0	popups=0	https://kamr-vite.vercel.app/post-details
009	inspected	200	tables=0	popups=0	https://kamr-vite.vercel.app/email-compose
010	inspected	200	tables=0	popups=0	https://kamr-vite.vercel.app/email-inbox
011	inspected	200	tables=0	popups=0	https://kamr-vite.vercel.app/email-read
012	inspected	200	tables=3	popups=0	https://kamr-vite.vercel.app/app-calender
013	inspected	200	tables=0	popups=0	https://kamr-vite.vercel.app/ecom-product-grid
014	inspected	200	tables=0	popups=6	https://kamr-vite.vercel.app/ecom-product-list
015	inspected	200	tables=0	popups=1	https://kamr-vite.vercel.app/ecom-product-detail
016	inspected	200	tables=1	popups=0	https://kamr-vite.vercel.app/ecom-product-order
017	inspected	200	tables=0	popups=0	https://kamr-vite.vercel.app/ecom-checkout
018	inspected	200	tables=2	popups=0	https://kamr-vite.vercel.app/ecom-invoice
019	inspected	200	tables=1	popups=0	https://kamr-vite.vercel.app/ecom-customers
020	inspected	200	tables=0	popups=0	https://kamr-vite.vercel.app/chart-rechart
021	inspected	200	tables=0	popups=0	https://kamr-vite.vercel.app/chart-chartjs
022	inspected	200	tables=0	popups=0	https://kamr-vite.vercel.app/chart-sparkline
023	inspected	200	tables=0	popups=0	https://kamr-vite.vercel.app/chart-apexchart
024	inspected	200	tables=0	popups=0	https://kamr-vite.vercel.app/ui-accordion
025	inspected	200	tables=0	popups=0	https://kamr-vite.vercel.app/ui-alert
026	inspected	200	tables=0	popups=0	https://kamr-vite.vercel.app/ui-badge
027	inspected	200	tables=0	popups=5	https://kamr-vite.vercel.app/ui-button
028	inspected	200	tables=0	popups=7	https://kamr-vite.vercel.app/ui-modal
029	inspected	200	tables=0	popups=0	https://kamr-vite.vercel.app/ui-button-group
030	inspected	200	tables=0	popups=0	https://kamr-vite.vercel.app/ui-list-group
031	inspected	200	tables=0	popups=0	https://kamr-vite.vercel.app/ui-card
032	inspected	200	tables=0	popups=0	https://kamr-vite.vercel.app/ui-carousel
033	inspected	200	tables=0	popups=0	https://kamr-vite.vercel.app/ui-dropdown
034	inspected	200	tables=0	popups=0	https://kamr-vite.vercel.app/ui-popover
035	inspected	200	tables=0	popups=0	https://kamr-vite.vercel.app/ui-progressbar
036	inspected	200	tables=0	popups=0	https://kamr-vite.vercel.app/ui-tab
037	inspected	200	tables=0	popups=0	https://kamr-vite.vercel.app/ui-typography
038	inspected	200	tables=0	popups=0	https://kamr-vite.vercel.app/ui-pagination
039	inspected	200	tables=1	popups=0	https://kamr-vite.vercel.app/ui-grid
040	inspected	200	tables=0	popups=3	https://kamr-vite.vercel.app/uc-select2
041	inspected	200	tables=0	popups=0	https://kamr-vite.vercel.app/uc-sweetalert
042	inspected	200	tables=0	popups=0	https://kamr-vite.vercel.app/uc-toastr
043	inspected	200	tables=0	popups=0	https://kamr-vite.vercel.app/map-jqvmap
044	inspected	200	tables=0	popups=0	https://kamr-vite.vercel.app/uc-lightgallery
045	inspected	200	tables=1	popups=0	https://kamr-vite.vercel.app/todo
046	inspected	200	tables=1	popups=1	https://kamr-vite.vercel.app/widget-basic
047	inspected	200	tables=0	popups=0	https://kamr-vite.vercel.app/form-element
048	inspected	200	tables=0	popups=0	https://kamr-vite.vercel.app/form-wizard
049	inspected	200	tables=0	popups=0	https://kamr-vite.vercel.app/form-ckeditor
050	inspected	200	tables=0	popups=0	https://kamr-vite.vercel.app/form-pickers
051	inspected	200	tables=0	popups=0	https://kamr-vite.vercel.app/form-validation
052	inspected	200	tables=1	popups=0	https://kamr-vite.vercel.app/table-filtering
053	inspected	200	tables=1	popups=0	https://kamr-vite.vercel.app/table-sorting
054	inspected	200	tables=14	popups=0	https://kamr-vite.vercel.app/table-bootstrap-basic
055	inspected	200	tables=0	popups=0	https://kamr-vite.vercel.app/page-error-400
056	inspected	200	tables=0	popups=0	https://kamr-vite.vercel.app/page-error-403
057	inspected	200	tables=0	popups=0	https://kamr-vite.vercel.app/page-error-404
058	inspected	200	tables=0	popups=0	https://kamr-vite.vercel.app/page-error-500
059	inspected	200	tables=0	popups=0	https://kamr-vite.vercel.app/page-error-503
060	inspected	200	tables=0	popups=0	https://kamr-vite.vercel.app/dashboard
061	inspected	200	tables=0	popups=0	https://kamr-vite.vercel.app/ecom-product-list/ecom-product-detail
DONE kamr: 62 pages, 0 blocked, queue left 0
