000	inspected	200	tables=0	popups=6	https://omah.dexignzone.com/xhtml/index.html
001	inspected	200	tables=0	popups=13	https://omah.dexignzone.com/xhtml/app-profile.html
002	inspected	200	tables=0	popups=1	https://omah.dexignzone.com/xhtml/email-inbox.html
003	inspected	200	tables=0	popups=0	https://omah.dexignzone.com/xhtml/page-error-404.html
004	inspected	200	tables=0	popups=2	https://omah.dexignzone.com/xhtml/analytics.html
005	inspected	200	tables=0	popups=2	https://omah.dexignzone.com/xhtml/review.html
006	inspected	200	tables=1	popups=6	https://omah.dexignzone.com/xhtml/order-list.html
007	inspected	200	tables=0	popups=14	https://omah.dexignzone.com/xhtml/customer-list.html
008	inspected	200	tables=0	popups=5	https://omah.dexignzone.com/xhtml/add-agent.html
009	inspected	200	tables=0	popups=1	https://omah.dexignzone.com/xhtml/add-agent-wizard.html
010	inspected	200	tables=0	popups=0	https://omah.dexignzone.com/xhtml/all-agents.html
011	inspected	200	tables=1	popups=1	https://omah.dexignzone.com/xhtml/agent-profile.html
012	inspected	200	tables=0	popups=5	https://omah.dexignzone.com/xhtml/add-property.html
013	inspected	200	tables=0	popups=4	https://omah.dexignzone.com/xhtml/property-list.html
014	inspected	200	tables=0	popups=1	https://omah.dexignzone.com/xhtml/property-details.html
015	inspected	200	tables=0	popups=2	https://omah.dexignzone.com/xhtml/post-details.html
016	inspected	200	tables=0	popups=0	https://omah.dexignzone.com/xhtml/email-compose.html
017	inspected	200	tables=0	popups=2	https://omah.dexignzone.com/xhtml/email-read.html
018	inspected	200	tables=3	popups=7	https://omah.dexignzone.com/xhtml/app-calender.html
019	inspected	200	tables=0	popups=0	https://omah.dexignzone.com/xhtml/ecom-product-grid.html
020	inspected	200	tables=0	popups=6	https://omah.dexignzone.com/xhtml/ecom-product-list.html
021	inspected	200	tables=0	popups=1	https://omah.dexignzone.com/xhtml/ecom-product-detail.html
RESUME at 22 rows, queue 45
022	inspected	200	tables=1	popups=6	https://omah.dexignzone.com/xhtml/ecom-product-order.html
023	inspected	200	tables=0	popups=2	https://omah.dexignzone.com/xhtml/ecom-checkout.html
024	inspected	200	tables=2	popups=0	https://omah.dexignzone.com/xhtml/ecom-invoice.html
025	inspected	200	tables=1	popups=6	https://omah.dexignzone.com/xhtml/ecom-customers.html
026	inspected	200	tables=0	popups=1	https://omah.dexignzone.com/xhtml/profile/overview.html
027	inspected	200	tables=0	popups=1	https://omah.dexignzone.com/xhtml/profile/projects.html
028	inspected	200	tables=0	popups=5	https://omah.dexignzone.com/xhtml/profile/projects-details.html
029	inspected	200	tables=0	popups=1	https://omah.dexignzone.com/xhtml/profile/campaigns.html
030	inspected	200	tables=0	popups=0	https://omah.dexignzone.com/xhtml/profile/documents.html
031	inspected	200	tables=0	popups=0	https://omah.dexignzone.com/xhtml/profile/followers.html
032	inspected	200	tables=0	popups=8	https://omah.dexignzone.com/xhtml/profile/activity.html
033	inspected	200	tables=1	popups=4	https://omah.dexignzone.com/xhtml/account/overview.html
034	inspected	200	tables=0	popups=1	https://omah.dexignzone.com/xhtml/account/settings.html
035	inspected	200	tables=1	popups=1	https://omah.dexignzone.com/xhtml/account/security.html
036	inspected	200	tables=0	popups=8	https://omah.dexignzone.com/xhtml/account/activity.html
037	inspected	200	tables=1	popups=10	https://omah.dexignzone.com/xhtml/account/billing.html
038	inspected	200	tables=0	popups=1	https://omah.dexignzone.com/xhtml/account/statements.html
039	inspected	200	tables=1	popups=0	https://omah.dexignzone.com/xhtml/account/referrals.html
040	inspected	200	tables=1	popups=8	https://omah.dexignzone.com/xhtml/account/api-keys.html
041	inspected	200	tables=2	popups=2	https://omah.dexignzone.com/xhtml/account/logs.html
042	inspected	200	tables=1	popups=3	https://omah.dexignzone.com/xhtml/cms/content.html
043	inspected	200	tables=0	popups=5	https://omah.dexignzone.com/xhtml/cms/content-add.html
044	inspected	200	tables=0	popups=5	https://omah.dexignzone.com/xhtml/cms/menu.html
045	inspected	200	tables=1	popups=3	https://omah.dexignzone.com/xhtml/cms/email-template.html
046	inspected	200	tables=0	popups=0	https://omah.dexignzone.com/xhtml/cms/add-email.html
047	inspected	200	tables=1	popups=4	https://omah.dexignzone.com/xhtml/cms/blog.html
048	inspected	200	tables=0	popups=5	https://omah.dexignzone.com/xhtml/cms/add-blog.html
049	inspected	200	tables=1	popups=0	https://omah.dexignzone.com/xhtml/cms/blog-category.html
050	inspected	200	tables=1	popups=4	https://omah.dexignzone.com/xhtml/aikit/auto-write.html
051	inspected	200	tables=1	popups=0	https://omah.dexignzone.com/xhtml/aikit/scheduled.html
052	inspected	200	tables=1	popups=7	https://omah.dexignzone.com/xhtml/aikit/repurpose.html
053	inspected	200	tables=0	popups=6	https://omah.dexignzone.com/xhtml/aikit/rss.html
054	inspected	200	tables=0	popups=4	https://omah.dexignzone.com/xhtml/aikit/chatbot.html
055	inspected	200	tables=0	popups=7	https://omah.dexignzone.com/xhtml/aikit/fine-tune-models.html
056	inspected	200	tables=0	popups=2	https://omah.dexignzone.com/xhtml/aikit/prompt.html
057	inspected	200	tables=0	popups=2	https://omah.dexignzone.com/xhtml/aikit/setting.html
058	inspected	200	tables=0	popups=0	https://omah.dexignzone.com/xhtml/aikit/import.html
059	inspected	200	tables=0	popups=0	https://omah.dexignzone.com/xhtml/pages/register.html
060	inspected	200	tables=0	popups=0	https://omah.dexignzone.com/xhtml/pages/login.html
061	inspected	200	tables=0	popups=0	https://omah.dexignzone.com/xhtml/pages/error-400.html
062	inspected	200	tables=0	popups=0	https://omah.dexignzone.com/xhtml/pages/error-403.html
063	inspected	200	tables=0	popups=0	https://omah.dexignzone.com/xhtml/pages/error-404.html
064	inspected	200	tables=0	popups=0	https://omah.dexignzone.com/xhtml/pages/error-500.html
065	inspected	200	tables=0	popups=0	https://omah.dexignzone.com/xhtml/pages/error-503.html
066	inspected	200	tables=0	popups=0	https://omah.dexignzone.com/xhtml/pages/lock-screen.html
067	inspected	200	tables=0	popups=0	https://omah.dexignzone.com/xhtml/page-error-404.html
068	inspected	200	tables=0	popups=0	https://omah.dexignzone.com/xhtml/page-error-404.html
069	inspected	200	tables=0	popups=0	https://omah.dexignzone.com/xhtml/page-error-404.html
070	inspected	200	tables=0	popups=0	https://omah.dexignzone.com/xhtml/page-error-404.html
071	inspected	200	tables=0	popups=0	https://omah.dexignzone.com/xhtml/page-error-404.html
072	inspected	200	tables=0	popups=0	https://omah.dexignzone.com/xhtml/page-error-404.html
073	inspected	200	tables=0	popups=0	https://omah.dexignzone.com/xhtml/page-error-404.html
074	inspected	200	tables=0	popups=0	https://omah.dexignzone.com/xhtml/page-error-404.html
075	inspected	200	tables=0	popups=0	https://omah.dexignzone.com/xhtml/page-error-404.html
076	inspected	200	tables=0	popups=0	https://omah.dexignzone.com/xhtml/page-error-404.html
077	inspected	200	tables=0	popups=0	https://omah.dexignzone.com/xhtml/page-error-404.html
078	inspected	200	tables=0	popups=0	https://omah.dexignzone.com/xhtml/page-error-404.html
079	inspected	200	tables=0	popups=0	https://omah.dexignzone.com/xhtml/page-error-404.html
080	inspected	200	tables=0	popups=0	https://omah.dexignzone.com/xhtml/page-error-404.html
081	inspected	200	tables=0	popups=0	https://omah.dexignzone.com/xhtml/page-error-404.html
082	inspected	200	tables=0	popups=0	https://omah.dexignzone.com/xhtml/page-error-404.html
083	inspected	200	tables=0	popups=0	https://omah.dexignzone.com/xhtml/page-error-404.html
084	inspected	200	tables=0	popups=0	https://omah.dexignzone.com/xhtml/page-error-404.html
085	inspected	200	tables=0	popups=0	https://omah.dexignzone.com/xhtml/page-error-404.html
086	inspected	200	tables=0	popups=0	https://omah.dexignzone.com/xhtml/page-error-404.html
087	inspected	200	tables=0	popups=0	https://omah.dexignzone.com/xhtml/page-error-404.html
088	inspected	200	tables=0	popups=0	https://omah.dexignzone.com/xhtml/page-error-404.html
089	inspected	200	tables=0	popups=0	https://omah.dexignzone.com/xhtml/page-error-404.html
090	inspected	200	tables=0	popups=0	https://omah.dexignzone.com/xhtml/page-error-404.html
091	inspected	200	tables=0	popups=0	https://omah.dexignzone.com/xhtml/page-error-404.html
092	inspected	200	tables=0	popups=0	https://omah.dexignzone.com/xhtml/page-error-404.html
093	inspected	200	tables=0	popups=0	https://omah.dexignzone.com/xhtml/page-error-404.html
094	inspected	200	tables=0	popups=0	https://omah.dexignzone.com/xhtml/page-error-404.html
095	inspected	200	tables=0	popups=0	https://omah.dexignzone.com/xhtml/page-error-404.html
096	inspected	200	tables=0	popups=0	https://omah.dexignzone.com/xhtml/page-error-404.html
097	inspected	200	tables=0	popups=0	https://omah.dexignzone.com/xhtml/page-error-404.html
098	inspected	200	tables=0	popups=0	https://omah.dexignzone.com/xhtml/page-error-404.html
099	inspected	200	tables=0	popups=0	https://omah.dexignzone.com/xhtml/page-error-404.html
100	inspected	200	tables=0	popups=0	https://omah.dexignzone.com/xhtml/page-error-404.html
101	inspected	200	tables=0	popups=0	https://omah.dexignzone.com/xhtml/page-error-404.html
102	inspected	200	tables=0	popups=0	https://omah.dexignzone.com/xhtml/page-error-404.html
103	inspected	200	tables=0	popups=0	https://omah.dexignzone.com/xhtml/page-error-404.html
104	inspected	200	tables=0	popups=0	https://omah.dexignzone.com/xhtml/page-error-404.html
105	inspected	200	tables=0	popups=0	https://omah.dexignzone.com/xhtml/page-error-404.html
106	inspected	200	tables=0	popups=0	https://omah.dexignzone.com/xhtml/page-error-404.html
107	inspected	200	tables=0	popups=0	https://omah.dexignzone.com/xhtml/page-error-404.html
108	inspected	200	tables=0	popups=0	https://omah.dexignzone.com/xhtml/page-error-404.html
109	inspected	200	tables=0	popups=0	https://omah.dexignzone.com/xhtml/page-error-404.html
110	inspected	200	tables=0	popups=0	https://omah.dexignzone.com/xhtml/page-error-404.html
111	inspected	200	tables=0	popups=0	https://omah.dexignzone.com/xhtml/page-error-404.html
112	inspected	200	tables=0	popups=0	https://omah.dexignzone.com/xhtml/page-error-404.html
113	inspected	200	tables=0	popups=0	https://omah.dexignzone.com/xhtml/page-error-404.html
114	inspected	200	tables=0	popups=0	https://omah.dexignzone.com/xhtml/page-error-404.html
115	inspected	200	tables=0	popups=0	https://omah.dexignzone.com/xhtml/page-error-404.html
116	inspected	200	tables=0	popups=0	https://omah.dexignzone.com/xhtml/page-error-404.html
117	inspected	200	tables=0	popups=0	https://omah.dexignzone.com/xhtml/page-error-404.html
118	inspected	200	tables=0	popups=0	https://omah.dexignzone.com/xhtml/page-error-404.html
119	inspected	200	tables=0	popups=0	https://omah.dexignzone.com/xhtml/page-error-404.html
120	inspected	200	tables=0	popups=0	https://omah.dexignzone.com/xhtml/page-error-404.html
121	inspected	200	tables=0	popups=0	https://omah.dexignzone.com/xhtml/page-error-404.html
122	inspected	200	tables=0	popups=0	https://omah.dexignzone.com/xhtml/page-error-404.html
123	inspected	200	tables=0	popups=0	https://omah.dexignzone.com/xhtml/page-error-404.html
124	inspected	200	tables=0	popups=0	https://omah.dexignzone.com/xhtml/page-error-404.html
125	inspected	200	tables=0	popups=0	https://omah.dexignzone.com/xhtml/page-error-404.html
126	inspected	200	tables=0	popups=0	https://omah.dexignzone.com/xhtml/page-error-404.html
127	inspected	200	tables=0	popups=0	https://omah.dexignzone.com/xhtml/page-error-404.html
128	inspected	200	tables=0	popups=0	https://omah.dexignzone.com/xhtml/page-error-404.html
129	inspected	200	tables=0	popups=0	https://omah.dexignzone.com/xhtml/page-error-404.html
130	inspected	200	tables=0	popups=0	https://omah.dexignzone.com/xhtml/page-error-404.html
131	inspected	200	tables=0	popups=0	https://omah.dexignzone.com/xhtml/page-error-404.html
132	inspected	200	tables=0	popups=0	https://omah.dexignzone.com/xhtml/page-error-404.html
133	inspected	200	tables=0	popups=0	https://omah.dexignzone.com/xhtml/page-error-404.html
134	inspected	200	tables=0	popups=0	https://omah.dexignzone.com/xhtml/page-error-404.html
135	inspected	200	tables=0	popups=0	https://omah.dexignzone.com/xhtml/page-error-404.html
136	inspected	200	tables=0	popups=0	https://omah.dexignzone.com/xhtml/page-error-404.html
137	inspected	200	tables=0	popups=0	https://omah.dexignzone.com/xhtml/page-error-404.html
138	inspected	200	tables=0	popups=0	https://omah.dexignzone.com/xhtml/page-error-404.html
139	inspected	200	tables=0	popups=0	https://omah.dexignzone.com/xhtml/page-error-404.html
140	inspected	200	tables=0	popups=0	https://omah.dexignzone.com/xhtml/page-error-404.html
141	inspected	200	tables=0	popups=0	https://omah.dexignzone.com/xhtml/page-error-404.html
142	inspected	200	tables=0	popups=0	https://omah.dexignzone.com/xhtml/page-error-404.html
143	inspected	200	tables=0	popups=0	https://omah.dexignzone.com/xhtml/page-error-404.html
144	inspected	200	tables=0	popups=0	https://omah.dexignzone.com/xhtml/page-error-404.html
145	inspected	200	tables=0	popups=0	https://omah.dexignzone.com/xhtml/page-error-404.html
146	inspected	200	tables=0	popups=0	https://omah.dexignzone.com/xhtml/page-error-404.html
147	inspected	200	tables=0	popups=0	https://omah.dexignzone.com/xhtml/page-error-404.html
148	inspected	200	tables=0	popups=0	https://omah.dexignzone.com/xhtml/page-error-404.html
149	inspected	200	tables=0	popups=0	https://omah.dexignzone.com/xhtml/page-error-404.html
150	inspected	200	tables=0	popups=0	https://omah.dexignzone.com/xhtml/page-error-404.html
151	inspected	200	tables=0	popups=0	https://omah.dexignzone.com/xhtml/page-error-404.html
152	inspected	200	tables=0	popups=0	https://omah.dexignzone.com/xhtml/page-error-404.html
153	inspected	200	tables=0	popups=0	https://omah.dexignzone.com/xhtml/page-error-404.html
154	inspected	200	tables=0	popups=0	https://omah.dexignzone.com/xhtml/page-error-404.html
155	inspected	200	tables=0	popups=0	https://omah.dexignzone.com/xhtml/page-error-404.html
156	inspected	200	tables=0	popups=0	https://omah.dexignzone.com/xhtml/page-error-404.html
157	inspected	200	tables=0	popups=0	https://omah.dexignzone.com/xhtml/page-error-404.html
158	inspected	200	tables=0	popups=0	https://omah.dexignzone.com/xhtml/page-error-404.html
159	inspected	200	tables=0	popups=0	https://omah.dexignzone.com/xhtml/page-error-404.html
160	inspected	200	tables=0	popups=0	https://omah.dexignzone.com/xhtml/page-error-404.html
161	inspected	200	tables=0	popups=0	https://omah.dexignzone.com/xhtml/page-error-404.html
162	inspected	200	tables=0	popups=0	https://omah.dexignzone.com/xhtml/page-error-404.html
163	inspected	200	tables=0	popups=0	https://omah.dexignzone.com/xhtml/page-error-404.html
164	inspected	200	tables=0	popups=0	https://omah.dexignzone.com/xhtml/page-error-404.html
165	inspected	200	tables=0	popups=0	https://omah.dexignzone.com/xhtml/page-error-404.html
166	inspected	200	tables=0	popups=0	https://omah.dexignzone.com/xhtml/page-error-404.html
167	inspected	200	tables=0	popups=0	https://omah.dexignzone.com/xhtml/page-error-404.html
168	inspected	200	tables=0	popups=0	https://omah.dexignzone.com/xhtml/page-error-404.html
169	inspected	200	tables=0	popups=0	https://omah.dexignzone.com/xhtml/page-error-404.html
170	inspected	200	tables=0	popups=0	https://omah.dexignzone.com/xhtml/page-error-404.html
171	inspected	200	tables=0	popups=0	https://omah.dexignzone.com/xhtml/page-error-404.html
172	inspected	200	tables=0	popups=0	https://omah.dexignzone.com/xhtml/page-error-404.html
173	inspected	200	tables=0	popups=0	https://omah.dexignzone.com/xhtml/page-error-404.html
174	inspected	200	tables=0	popups=0	https://omah.dexignzone.com/xhtml/page-error-404.html
175	inspected	200	tables=0	popups=0	https://omah.dexignzone.com/xhtml/page-error-404.html
176	inspected	200	tables=0	popups=0	https://omah.dexignzone.com/xhtml/page-error-404.html
177	inspected	200	tables=0	popups=0	https://omah.dexignzone.com/xhtml/page-error-404.html
178	inspected	200	tables=0	popups=0	https://omah.dexignzone.com/xhtml/page-error-404.html
179	inspected	200	tables=0	popups=0	https://omah.dexignzone.com/xhtml/page-error-404.html
180	inspected	200	tables=0	popups=0	https://omah.dexignzone.com/xhtml/page-error-404.html
181	inspected	200	tables=0	popups=0	https://omah.dexignzone.com/xhtml/page-error-404.html
182	inspected	200	tables=0	popups=0	https://omah.dexignzone.com/xhtml/page-error-404.html
183	inspected	200	tables=0	popups=0	https://omah.dexignzone.com/xhtml/page-error-404.html
184	inspected	200	tables=0	popups=0	https://omah.dexignzone.com/xhtml/page-error-404.html
185	inspected	200	tables=0	popups=0	https://omah.dexignzone.com/xhtml/page-error-404.html
186	inspected	200	tables=0	popups=0	https://omah.dexignzone.com/xhtml/page-error-404.html
187	inspected	200	tables=0	popups=0	https://omah.dexignzone.com/xhtml/page-error-404.html
188	inspected	200	tables=0	popups=0	https://omah.dexignzone.com/xhtml/page-error-404.html
189	inspected	200	tables=0	popups=0	https://omah.dexignzone.com/xhtml/page-error-404.html
190	inspected	200	tables=0	popups=0	https://omah.dexignzone.com/xhtml/page-error-404.html
191	inspected	200	tables=0	popups=0	https://omah.dexignzone.com/xhtml/page-error-404.html
192	inspected	200	tables=0	popups=0	https://omah.dexignzone.com/xhtml/page-error-404.html
193	inspected	200	tables=0	popups=0	https://omah.dexignzone.com/xhtml/page-error-404.html
194	inspected	200	tables=0	popups=0	https://omah.dexignzone.com/xhtml/page-error-404.html
195	inspected	200	tables=0	popups=0	https://omah.dexignzone.com/xhtml/page-error-404.html
196	inspected	200	tables=0	popups=0	https://omah.dexignzone.com/xhtml/page-error-404.html
197	inspected	200	tables=0	popups=0	https://omah.dexignzone.com/xhtml/page-error-404.html
198	inspected	200	tables=0	popups=0	https://omah.dexignzone.com/xhtml/page-error-404.html
199	inspected	200	tables=0	popups=0	https://omah.dexignzone.com/xhtml/page-error-404.html
200	inspected	200	tables=0	popups=0	https://omah.dexignzone.com/xhtml/page-error-404.html
201	inspected	200	tables=0	popups=0	https://omah.dexignzone.com/xhtml/page-error-404.html
202	inspected	200	tables=0	popups=0	https://omah.dexignzone.com/xhtml/page-error-404.html
203	inspected	200	tables=0	popups=0	https://omah.dexignzone.com/xhtml/page-error-404.html
204	inspected	200	tables=0	popups=0	https://omah.dexignzone.com/xhtml/page-error-404.html
205	inspected	200	tables=0	popups=0	https://omah.dexignzone.com/xhtml/page-error-404.html
206	inspected	200	tables=0	popups=0	https://omah.dexignzone.com/xhtml/page-error-404.html
207	inspected	200	tables=0	popups=0	https://omah.dexignzone.com/xhtml/page-error-404.html
208	inspected	200	tables=0	popups=0	https://omah.dexignzone.com/xhtml/page-error-404.html
209	inspected	200	tables=0	popups=0	https://omah.dexignzone.com/xhtml/page-error-404.html
210	inspected	200	tables=0	popups=0	https://omah.dexignzone.com/xhtml/page-error-404.html
211	inspected	200	tables=0	popups=0	https://omah.dexignzone.com/xhtml/page-error-404.html
212	inspected	200	tables=0	popups=0	https://omah.dexignzone.com/xhtml/page-error-404.html
213	inspected	200	tables=0	popups=0	https://omah.dexignzone.com/xhtml/page-error-404.html
214	inspected	200	tables=0	popups=0	https://omah.dexignzone.com/xhtml/page-error-404.html
215	inspected	200	tables=0	popups=0	https://omah.dexignzone.com/xhtml/page-error-404.html
216	inspected	200	tables=0	popups=0	https://omah.dexignzone.com/xhtml/page-error-404.html
217	inspected	200	tables=0	popups=0	https://omah.dexignzone.com/xhtml/page-error-404.html
218	inspected	200	tables=0	popups=0	https://omah.dexignzone.com/xhtml/page-error-404.html
219	inspected	200	tables=0	popups=0	https://omah.dexignzone.com/xhtml/page-error-404.html
220	inspected	200	tables=0	popups=0	https://omah.dexignzone.com/xhtml/page-error-404.html
221	inspected	200	tables=0	popups=0	https://omah.dexignzone.com/xhtml/page-error-404.html
222	inspected	200	tables=0	popups=0	https://omah.dexignzone.com/xhtml/page-error-404.html
223	inspected	200	tables=0	popups=0	https://omah.dexignzone.com/xhtml/page-error-404.html
224	inspected	200	tables=0	popups=0	https://omah.dexignzone.com/xhtml/page-error-404.html
225	inspected	200	tables=0	popups=0	https://omah.dexignzone.com/xhtml/page-error-404.html
226	inspected	200	tables=0	popups=0	https://omah.dexignzone.com/xhtml/page-error-404.html
227	inspected	200	tables=0	popups=0	https://omah.dexignzone.com/xhtml/page-error-404.html
228	inspected	200	tables=0	popups=0	https://omah.dexignzone.com/xhtml/page-error-404.html
229	inspected	200	tables=0	popups=0	https://omah.dexignzone.com/xhtml/page-error-404.html
230	inspected	200	tables=0	popups=0	https://omah.dexignzone.com/xhtml/page-error-404.html
231	inspected	200	tables=0	popups=0	https://omah.dexignzone.com/xhtml/page-error-404.html
232	inspected	200	tables=0	popups=0	https://omah.dexignzone.com/xhtml/page-error-404.html
233	inspected	200	tables=0	popups=0	https://omah.dexignzone.com/xhtml/page-error-404.html
234	inspected	200	tables=0	popups=0	https://omah.dexignzone.com/xhtml/page-error-404.html
235	inspected	200	tables=0	popups=0	https://omah.dexignzone.com/xhtml/page-error-404.html
236	inspected	200	tables=0	popups=0	https://omah.dexignzone.com/xhtml/page-error-404.html
237	inspected	200	tables=0	popups=0	https://omah.dexignzone.com/xhtml/page-error-404.html
238	inspected	200	tables=0	popups=0	https://omah.dexignzone.com/xhtml/page-error-404.html
239	inspected	200	tables=0	popups=0	https://omah.dexignzone.com/xhtml/page-error-404.html
240	inspected	200	tables=0	popups=0	https://omah.dexignzone.com/xhtml/page-error-404.html
241	inspected	200	tables=0	popups=0	https://omah.dexignzone.com/xhtml/page-error-404.html
242	inspected	200	tables=0	popups=0	https://omah.dexignzone.com/xhtml/page-error-404.html
243	inspected	200	tables=0	popups=0	https://omah.dexignzone.com/xhtml/page-error-404.html
244	inspected	200	tables=0	popups=0	https://omah.dexignzone.com/xhtml/page-error-404.html
245	inspected	200	tables=0	popups=0	https://omah.dexignzone.com/xhtml/page-error-404.html
246	inspected	200	tables=0	popups=0	https://omah.dexignzone.com/xhtml/page-error-404.html
247	inspected	200	tables=0	popups=0	https://omah.dexignzone.com/xhtml/page-error-404.html
248	inspected	200	tables=0	popups=0	https://omah.dexignzone.com/xhtml/page-error-404.html
249	inspected	200	tables=0	popups=0	https://omah.dexignzone.com/xhtml/page-error-404.html
250	inspected	200	tables=0	popups=0	https://omah.dexignzone.com/xhtml/page-error-404.html
251	inspected	200	tables=0	popups=0	https://omah.dexignzone.com/xhtml/page-error-404.html
252	inspected	200	tables=0	popups=0	https://omah.dexignzone.com/xhtml/page-error-404.html
253	inspected	200	tables=0	popups=0	https://omah.dexignzone.com/xhtml/page-error-404.html
254	inspected	200	tables=0	popups=0	https://omah.dexignzone.com/xhtml/page-error-404.html
255	inspected	200	tables=0	popups=0	https://omah.dexignzone.com/xhtml/page-error-404.html
256	inspected	200	tables=0	popups=0	https://omah.dexignzone.com/xhtml/page-error-404.html
257	inspected	200	tables=0	popups=0	https://omah.dexignzone.com/xhtml/page-error-404.html
258	inspected	200	tables=0	popups=0	https://omah.dexignzone.com/xhtml/page-error-404.html
259	inspected	200	tables=0	popups=0	https://omah.dexignzone.com/xhtml/page-error-404.html
260	inspected	200	tables=0	popups=0	https://omah.dexignzone.com/xhtml/page-error-404.html
261	inspected	200	tables=0	popups=0	https://omah.dexignzone.com/xhtml/page-error-404.html
262	inspected	200	tables=0	popups=0	https://omah.dexignzone.com/xhtml/page-error-404.html
263	inspected	200	tables=0	popups=0	https://omah.dexignzone.com/xhtml/page-error-404.html
264	inspected	200	tables=0	popups=0	https://omah.dexignzone.com/xhtml/page-error-404.html
265	inspected	200	tables=0	popups=0	https://omah.dexignzone.com/xhtml/page-error-404.html
266	inspected	200	tables=0	popups=0	https://omah.dexignzone.com/xhtml/page-error-404.html
267	inspected	200	tables=0	popups=0	https://omah.dexignzone.com/xhtml/page-error-404.html
268	inspected	200	tables=0	popups=0	https://omah.dexignzone.com/xhtml/page-error-404.html
269	inspected	200	tables=0	popups=0	https://omah.dexignzone.com/xhtml/page-error-404.html
270	inspected	200	tables=0	popups=0	https://omah.dexignzone.com/xhtml/page-error-404.html
271	inspected	200	tables=0	popups=0	https://omah.dexignzone.com/xhtml/page-error-404.html
272	inspected	200	tables=0	popups=0	https://omah.dexignzone.com/xhtml/page-error-404.html
273	inspected	200	tables=0	popups=0	https://omah.dexignzone.com/xhtml/page-error-404.html
274	inspected	200	tables=0	popups=0	https://omah.dexignzone.com/xhtml/page-error-404.html
275	inspected	200	tables=0	popups=0	https://omah.dexignzone.com/xhtml/page-error-404.html
276	inspected	200	tables=0	popups=0	https://omah.dexignzone.com/xhtml/page-error-404.html
277	inspected	200	tables=0	popups=0	https://omah.dexignzone.com/xhtml/page-error-404.html
278	inspected	200	tables=0	popups=0	https://omah.dexignzone.com/xhtml/page-error-404.html
279	inspected	200	tables=0	popups=0	https://omah.dexignzone.com/xhtml/page-error-404.html
280	inspected	200	tables=0	popups=0	https://omah.dexignzone.com/xhtml/page-error-404.html
281	inspected	200	tables=0	popups=0	https://omah.dexignzone.com/xhtml/page-error-404.html
282	inspected	200	tables=0	popups=0	https://omah.dexignzone.com/xhtml/page-error-404.html
283	inspected	200	tables=0	popups=0	https://omah.dexignzone.com/xhtml/page-error-404.html
284	inspected	200	tables=0	popups=0	https://omah.dexignzone.com/xhtml/page-error-404.html
285	inspected	200	tables=0	popups=0	https://omah.dexignzone.com/xhtml/page-error-404.html
286	inspected	200	tables=0	popups=0	https://omah.dexignzone.com/xhtml/page-error-404.html
287	inspected	200	tables=0	popups=0	https://omah.dexignzone.com/xhtml/page-error-404.html
288	inspected	200	tables=0	popups=0	https://omah.dexignzone.com/xhtml/page-error-404.html
289	inspected	200	tables=0	popups=0	https://omah.dexignzone.com/xhtml/page-error-404.html
290	inspected	200	tables=0	popups=0	https://omah.dexignzone.com/xhtml/page-error-404.html
291	inspected	200	tables=0	popups=0	https://omah.dexignzone.com/xhtml/page-error-404.html
292	inspected	200	tables=0	popups=0	https://omah.dexignzone.com/xhtml/page-error-404.html
293	inspected	200	tables=0	popups=0	https://omah.dexignzone.com/xhtml/page-error-404.html
294	inspected	200	tables=0	popups=0	https://omah.dexignzone.com/xhtml/page-error-404.html
295	inspected	200	tables=0	popups=0	https://omah.dexignzone.com/xhtml/page-error-404.html
296	inspected	200	tables=0	popups=0	https://omah.dexignzone.com/xhtml/page-error-404.html
297	inspected	200	tables=0	popups=0	https://omah.dexignzone.com/xhtml/page-error-404.html
298	inspected	200	tables=0	popups=0	https://omah.dexignzone.com/xhtml/page-error-404.html
299	inspected	200	tables=0	popups=0	https://omah.dexignzone.com/xhtml/page-error-404.html
300	inspected	200	tables=0	popups=0	https://omah.dexignzone.com/xhtml/page-error-404.html
301	inspected	200	tables=0	popups=0	https://omah.dexignzone.com/xhtml/page-error-404.html
302	inspected	200	tables=0	popups=0	https://omah.dexignzone.com/xhtml/page-error-404.html
303	inspected	200	tables=0	popups=0	https://omah.dexignzone.com/xhtml/page-error-404.html
304	inspected	200	tables=0	popups=0	https://omah.dexignzone.com/xhtml/page-error-404.html
305	inspected	200	tables=0	popups=0	https://omah.dexignzone.com/xhtml/page-error-404.html
306	inspected	200	tables=0	popups=0	https://omah.dexignzone.com/xhtml/page-error-404.html
307	inspected	200	tables=0	popups=0	https://omah.dexignzone.com/xhtml/page-error-404.html
308	inspected	200	tables=0	popups=0	https://omah.dexignzone.com/xhtml/page-error-404.html
309	inspected	200	tables=0	popups=0	https://omah.dexignzone.com/xhtml/page-error-404.html
310	inspected	200	tables=0	popups=0	https://omah.dexignzone.com/xhtml/page-error-404.html
311	inspected	200	tables=0	popups=0	https://omah.dexignzone.com/xhtml/page-error-404.html
312	inspected	200	tables=0	popups=0	https://omah.dexignzone.com/xhtml/page-error-404.html
313	inspected	200	tables=0	popups=0	https://omah.dexignzone.com/xhtml/page-error-404.html
314	inspected	200	tables=0	popups=0	https://omah.dexignzone.com/xhtml/page-error-404.html
315	inspected	200	tables=0	popups=0	https://omah.dexignzone.com/xhtml/page-error-404.html
316	inspected	200	tables=0	popups=0	https://omah.dexignzone.com/xhtml/page-error-404.html
317	inspected	200	tables=0	popups=0	https://omah.dexignzone.com/xhtml/page-error-404.html
318	inspected	200	tables=0	popups=0	https://omah.dexignzone.com/xhtml/page-error-404.html
319	inspected	200	tables=0	popups=0	https://omah.dexignzone.com/xhtml/page-error-404.html
320	inspected	200	tables=0	popups=0	https://omah.dexignzone.com/xhtml/page-error-404.html
321	inspected	200	tables=0	popups=0	https://omah.dexignzone.com/xhtml/page-error-404.html
322	inspected	200	tables=0	popups=0	https://omah.dexignzone.com/xhtml/page-error-404.html
323	inspected	200	tables=0	popups=0	https://omah.dexignzone.com/xhtml/page-error-404.html
324	inspected	200	tables=0	popups=0	https://omah.dexignzone.com/xhtml/page-error-404.html
325	inspected	200	tables=0	popups=0	https://omah.dexignzone.com/xhtml/page-error-404.html
326	inspected	200	tables=0	popups=0	https://omah.dexignzone.com/xhtml/page-error-404.html
327	inspected	200	tables=0	popups=0	https://omah.dexignzone.com/xhtml/page-error-404.html
328	inspected	200	tables=0	popups=0	https://omah.dexignzone.com/xhtml/page-error-404.html
329	inspected	200	tables=0	popups=0	https://omah.dexignzone.com/xhtml/page-error-404.html
330	inspected	200	tables=0	popups=0	https://omah.dexignzone.com/xhtml/page-error-404.html
331	inspected	200	tables=0	popups=0	https://omah.dexignzone.com/xhtml/page-error-404.html
332	inspected	200	tables=0	popups=0	https://omah.dexignzone.com/xhtml/page-error-404.html
333	inspected	200	tables=0	popups=0	https://omah.dexignzone.com/xhtml/page-error-404.html
334	inspected	200	tables=0	popups=0	https://omah.dexignzone.com/xhtml/page-error-404.html
335	inspected	200	tables=0	popups=0	https://omah.dexignzone.com/xhtml/page-error-404.html
336	inspected	200	tables=0	popups=0	https://omah.dexignzone.com/xhtml/page-error-404.html
337	inspected	200	tables=0	popups=0	https://omah.dexignzone.com/xhtml/page-error-404.html
338	inspected	200	tables=0	popups=0	https://omah.dexignzone.com/xhtml/page-error-404.html
DONE omah: 339 pages, 0 blocked, queue left 0
