1	inspected	200	imgs=3	hits=2	https://techzaa.in/lahomes/admin/
2	inspected	200	imgs=1	hits=0	https://techzaa.in/lahomes/admin/pages-calendar.html
3	inspected	200	imgs=1	hits=0	https://techzaa.in/lahomes/admin/pages-pricing.html
4	inspected	200	imgs=1	hits=0	https://techzaa.in/lahomes/admin/pages-faqs.html
5	inspected	200	imgs=2	hits=0	https://techzaa.in/lahomes/admin/auth-lock-screen.html
6	inspected	200	imgs=1	hits=0	https://techzaa.in/lahomes/admin/auth-signin.html
7	inspected	200	imgs=3	hits=2	https://techzaa.in/lahomes/admin/index.html
8	inspected	200	imgs=11	hits=0	https://techzaa.in/lahomes/admin/dashboard-agent.html
9	inspected	200	imgs=14	hits=0	https://techzaa.in/lahomes/admin/dashboard-customer.html
10	inspected	200	imgs=11	hits=0	https://techzaa.in/lahomes/admin/property-grid.html
11	inspected	200	imgs=11	hits=0	https://techzaa.in/lahomes/admin/property-list.html
12	inspected	200	imgs=3	hits=0	https://techzaa.in/lahomes/admin/property-details.html
13	inspected	200	imgs=2	hits=0	https://techzaa.in/lahomes/admin/property-add.html
14	inspected	200	imgs=1	hits=0	https://techzaa.in/lahomes/admin/agents-list.html
15	inspected	200	imgs=11	hits=0	https://techzaa.in/lahomes/admin/agents-grid.html
16	inspected	200	imgs=8	hits=2	https://techzaa.in/lahomes/admin/agents-details.html
17	inspected	200	imgs=2	hits=0	https://techzaa.in/lahomes/admin/agents-add.html
18	inspected	200	imgs=1	hits=0	https://techzaa.in/lahomes/admin/customers-list.html
19	inspected	200	imgs=7	hits=0	https://techzaa.in/lahomes/admin/customers-grid.html
20	inspected	200	imgs=9	hits=2	https://techzaa.in/lahomes/admin/customers-details.html
21	inspected	200	imgs=2	hits=0	https://techzaa.in/lahomes/admin/customers-add.html
22	inspected	200	imgs=1	hits=0	https://techzaa.in/lahomes/admin/orders.html
23	inspected	200	imgs=1	hits=0	https://techzaa.in/lahomes/admin/transactions.html
24	inspected	200	imgs=8	hits=0	https://techzaa.in/lahomes/admin/reviews.html
25	inspected	200	imgs=35	hits=2	https://techzaa.in/lahomes/admin/messages.html
26	inspected	200	imgs=15	hits=0	https://techzaa.in/lahomes/admin/inbox.html
27	inspected	200	imgs=7	hits=0	https://techzaa.in/lahomes/admin/post.html
28	inspected	200	imgs=21	hits=0	https://techzaa.in/lahomes/admin/post-details.html
29	inspected	200	imgs=3	hits=0	https://techzaa.in/lahomes/admin/post-create.html
30	inspected	200	imgs=1	hits=0	https://techzaa.in/lahomes/admin/pages-starter.html
31	inspected	200	imgs=2	hits=0	https://techzaa.in/lahomes/admin/pages-invoice.html
32	inspected	200	imgs=1	hits=0	https://techzaa.in/lahomes/admin/pages-comingsoon.html
33	inspected	200	imgs=1	hits=0	https://techzaa.in/lahomes/admin/pages-timeline.html
34	inspected	200	imgs=2	hits=0	https://techzaa.in/lahomes/admin/pages-maintenance.html
35	inspected	200	imgs=2	hits=0	https://techzaa.in/lahomes/admin/pages-404.html
36	inspected	200	imgs=1	hits=0	https://techzaa.in/lahomes/admin/pages-404-alt.html
37	inspected	200	imgs=1	hits=0	https://techzaa.in/lahomes/admin/auth-signup.html
38	inspected	200	imgs=1	hits=0	https://techzaa.in/lahomes/admin/auth-password.html
39	inspected	200	imgs=1	hits=0	https://techzaa.in/lahomes/admin/widgets.html
40	inspected	200	imgs=3	hits=2	https://techzaa.in/lahomes/admin/layouts-dark-sidenav.html
41	inspected	200	imgs=3	hits=2	https://techzaa.in/lahomes/admin/layouts-dark-topnav.html
42	inspected	200	imgs=3	hits=2	https://techzaa.in/lahomes/admin/layouts-simple-sidenav.html
43	inspected	200	imgs=3	hits=2	https://techzaa.in/lahomes/admin/layouts-small-sidenav.html
44	inspected	200	imgs=3	hits=2	https://techzaa.in/lahomes/admin/layouts-small-hover.html
45	inspected	200	imgs=3	hits=2	https://techzaa.in/lahomes/admin/layouts-small-hover-active.html
46	inspected	200	imgs=3	hits=2	https://techzaa.in/lahomes/admin/layouts-hidden-sidenav.html
47	inspected	200	imgs=3	hits=2	https://techzaa.in/lahomes/admin/layouts-dark.html
48	inspected	200	imgs=1	hits=0	https://techzaa.in/lahomes/admin/ui-accordion.html
49	inspected	200	imgs=1	hits=0	https://techzaa.in/lahomes/admin/ui-alerts.html
50	inspected	200	imgs=12	hits=0	https://techzaa.in/lahomes/admin/ui-avatar.html
51	inspected	200	imgs=1	hits=0	https://techzaa.in/lahomes/admin/ui-badge.html
52	inspected	200	imgs=1	hits=0	https://techzaa.in/lahomes/admin/ui-breadcrumb.html
53	inspected	200	imgs=1	hits=0	https://techzaa.in/lahomes/admin/ui-buttons.html
54	inspected	200	imgs=17	hits=0	https://techzaa.in/lahomes/admin/ui-card.html
55	inspected	200	imgs=9	hits=8	https://techzaa.in/lahomes/admin/ui-carousel.html
56	inspected	200	imgs=1	hits=0	https://techzaa.in/lahomes/admin/ui-collapse.html
57	inspected	200	imgs=1	hits=0	https://techzaa.in/lahomes/admin/ui-dropdown.html
58	inspected	200	imgs=1	hits=0	https://techzaa.in/lahomes/admin/ui-list-group.html
59	inspected	200	imgs=1	hits=0	https://techzaa.in/lahomes/admin/ui-modal.html
60	inspected	200	imgs=1	hits=0	https://techzaa.in/lahomes/admin/ui-tabs.html
61	inspected	200	imgs=1	hits=0	https://techzaa.in/lahomes/admin/ui-offcanvas.html
62	inspected	200	imgs=1	hits=0	https://techzaa.in/lahomes/admin/ui-pagination.html
63	inspected	200	imgs=1	hits=0	https://techzaa.in/lahomes/admin/ui-placeholders.html
64	inspected	200	imgs=1	hits=0	https://techzaa.in/lahomes/admin/ui-popovers.html
65	inspected	200	imgs=1	hits=0	https://techzaa.in/lahomes/admin/ui-progress.html
66	inspected	200	imgs=1	hits=0	https://techzaa.in/lahomes/admin/ui-scrollspy.html
67	inspected	200	imgs=1	hits=0	https://techzaa.in/lahomes/admin/ui-spinners.html
68	inspected	200	imgs=4	hits=0	https://techzaa.in/lahomes/admin/ui-toasts.html
69	inspected	200	imgs=1	hits=0	https://techzaa.in/lahomes/admin/ui-tooltips.html
70	inspected	200	imgs=1	hits=0	https://techzaa.in/lahomes/admin/extended-ratings.html
71	inspected	200	imgs=1	hits=0	https://techzaa.in/lahomes/admin/extended-sweetalert.html
72	inspected	200	imgs=58	hits=4	https://techzaa.in/lahomes/admin/extended-swiper-silder.html
73	inspected	200	imgs=1	hits=0	https://techzaa.in/lahomes/admin/extended-scrollbar.html
74	inspected	200	imgs=1	hits=0	https://techzaa.in/lahomes/admin/extended-toastify.html
75	inspected	200	imgs=1	hits=0	https://techzaa.in/lahomes/admin/charts-apex-area.html
76	inspected	200	imgs=1	hits=0	https://techzaa.in/lahomes/admin/charts-apex-bar.html
77	inspected	200	imgs=1	hits=0	https://techzaa.in/lahomes/admin/charts-apex-bubble.html
78	inspected	200	imgs=1	hits=0	https://techzaa.in/lahomes/admin/charts-apex-candlestick.html
79	inspected	200	imgs=1	hits=0	https://techzaa.in/lahomes/admin/charts-apex-column.html
80	inspected	200	imgs=1	hits=0	https://techzaa.in/lahomes/admin/charts-apex-heatmap.html
81	inspected	200	imgs=1	hits=0	https://techzaa.in/lahomes/admin/charts-apex-line.html
82	inspected	200	imgs=1	hits=0	https://techzaa.in/lahomes/admin/charts-apex-mixed.html
83	inspected	200	imgs=1	hits=0	https://techzaa.in/lahomes/admin/charts-apex-timeline.html
84	inspected	200	imgs=1	hits=0	https://techzaa.in/lahomes/admin/charts-apex-boxplot.html
85	inspected	200	imgs=1	hits=0	https://techzaa.in/lahomes/admin/charts-apex-treemap.html
86	inspected	200	imgs=1	hits=0	https://techzaa.in/lahomes/admin/charts-apex-pie.html
87	inspected	200	imgs=1	hits=0	https://techzaa.in/lahomes/admin/charts-apex-radar.html
88	inspected	200	imgs=1	hits=0	https://techzaa.in/lahomes/admin/charts-apex-radialbar.html
89	inspected	200	imgs=1	hits=0	https://techzaa.in/lahomes/admin/charts-apex-scatter.html
90	inspected	200	imgs=1	hits=0	https://techzaa.in/lahomes/admin/charts-apex-polar-area.html
91	inspected	200	imgs=1	hits=0	https://techzaa.in/lahomes/admin/forms-basic.html
92	inspected	200	imgs=1	hits=0	https://techzaa.in/lahomes/admin/forms-checkbox-radio.html
93	inspected	200	imgs=1	hits=0	https://techzaa.in/lahomes/admin/forms-choices.html
94	inspected	200	imgs=1	hits=0	https://techzaa.in/lahomes/admin/forms-clipboard.html
95	inspected	200	imgs=1	hits=0	https://techzaa.in/lahomes/admin/forms-flatepicker.html
96	inspected	200	imgs=1	hits=0	https://techzaa.in/lahomes/admin/forms-validation.html
97	inspected	200	imgs=1	hits=0	https://techzaa.in/lahomes/admin/forms-wizard.html
98	inspected	200	imgs=1	hits=0	https://techzaa.in/lahomes/admin/forms-fileuploads.html
99	inspected	200	imgs=1	hits=0	https://techzaa.in/lahomes/admin/forms-editors.html
100	inspected	200	imgs=1	hits=0	https://techzaa.in/lahomes/admin/forms-input-mask.html
101	inspected	200	imgs=1	hits=0	https://techzaa.in/lahomes/admin/forms-range-slider.html
102	inspected	200	imgs=1	hits=0	https://techzaa.in/lahomes/admin/tables-basic.html
103	inspected	200	imgs=1	hits=0	https://techzaa.in/lahomes/admin/tables-gridjs.html
104	inspected	200	imgs=1	hits=0	https://techzaa.in/lahomes/admin/icons-remix.html
105	inspected	200	imgs=1	hits=0	https://techzaa.in/lahomes/admin/icons-solar.html
106	inspected	200	imgs=1	hits=0	https://techzaa.in/lahomes/admin/maps-google.html
107	inspected	200	imgs=1	hits=0	https://techzaa.in/lahomes/admin/maps-vector.html
