1	inspected	200	imgs=7	hits=0	https://demo.tailadmin.com/
2	inspected	200	imgs=7	hits=0	https://demo.tailadmin.com/
3	inspected	200	imgs=2	hits=0	https://demo.tailadmin.com/analytics
4	inspected	200	imgs=2	hits=0	https://demo.tailadmin.com/marketing
5	inspected	200	imgs=2	hits=0	https://demo.tailadmin.com/crm
6	inspected	200	imgs=2	hits=2	https://demo.tailadmin.com/stocks
7	inspected	200	imgs=2	hits=0	https://demo.tailadmin.com/saas
8	inspected	200	imgs=4	hits=0	https://demo.tailadmin.com/logistics
9	inspected	200	imgs=2	hits=0	https://demo.tailadmin.com/ai
10	inspected	200	imgs=7	hits=0	https://demo.tailadmin.com/sales
11	inspected	200	imgs=8	hits=5	https://demo.tailadmin.com/finance
12	inspected	200	imgs=2	hits=0	https://demo.tailadmin.com/text-generator
13	inspected	200	imgs=3	hits=0	https://demo.tailadmin.com/image-generator
14	inspected	200	imgs=2	hits=0	https://demo.tailadmin.com/code-generator
15	inspected	200	imgs=3	hits=0	https://demo.tailadmin.com/video-generator
16	inspected	200	imgs=2	hits=0	https://demo.tailadmin.com/ai-settings
17	inspected	200	imgs=9	hits=0	https://demo.tailadmin.com/products-list
18	inspected	200	imgs=2	hits=0	https://demo.tailadmin.com/add-product
19	inspected	200	imgs=2	hits=0	https://demo.tailadmin.com/billing
20	inspected	200	imgs=2	hits=0	https://demo.tailadmin.com/invoices
21	inspected	200	imgs=2	hits=0	https://demo.tailadmin.com/single-invoice
22	inspected	200	imgs=2	hits=0	https://demo.tailadmin.com/create-invoice
23	inspected	200	imgs=2	hits=0	https://demo.tailadmin.com/transactions
24	inspected	200	imgs=2	hits=0	https://demo.tailadmin.com/single-transaction
25	inspected	200	imgs=2	hits=0	https://demo.tailadmin.com/calendar
26	inspected	200	imgs=3	hits=0	https://demo.tailadmin.com/profile
27	inspected	200	imgs=2	hits=0	https://demo.tailadmin.com/task-list
28	inspected	200	imgs=3	hits=0	https://demo.tailadmin.com/task-kanban
29	inspected	200	imgs=2	hits=0	https://demo.tailadmin.com/form-elements
30	inspected	200	imgs=2	hits=0	https://demo.tailadmin.com/form-layout
31	inspected	200	imgs=7	hits=0	https://demo.tailadmin.com/basic-tables
32	inspected	200	imgs=2	hits=0	https://demo.tailadmin.com/data-tables
33	inspected	200	imgs=2	hits=0	https://demo.tailadmin.com/file-manager
34	inspected	200	imgs=2	hits=0	https://demo.tailadmin.com/pricing-tables
35	inspected	200	imgs=2	hits=0	https://demo.tailadmin.com/faq
36	inspected	200	imgs=2	hits=0	https://demo.tailadmin.com/api-keys
37	inspected	200	imgs=2	hits=0	https://demo.tailadmin.com/integrations
38	inspected	200	imgs=2	hits=0	https://demo.tailadmin.com/blank
39	inspected	200	imgs=3	hits=0	https://demo.tailadmin.com/404
40	inspected	200	imgs=3	hits=0	https://demo.tailadmin.com/500
41	inspected	200	imgs=3	hits=0	https://demo.tailadmin.com/503
42	inspected	200	imgs=3	hits=0	https://demo.tailadmin.com/coming-soon
43	inspected	200	imgs=3	hits=0	https://demo.tailadmin.com/maintenance
44	inspected	200	imgs=3	hits=0	https://demo.tailadmin.com/success
45	inspected	200	imgs=2	hits=0	https://demo.tailadmin.com/layout-one
46	inspected	200	imgs=2	hits=0	https://demo.tailadmin.com/layout-two
47	inspected	200	imgs=0	hits=0	https://demo.tailadmin.com/layout-three
48	inspected	200	imgs=0	hits=0	https://demo.tailadmin.com/layout-four
49	inspected	200	imgs=0	hits=0	https://demo.tailadmin.com/layout-five
50	inspected	200	imgs=1	hits=0	https://demo.tailadmin.com/layout-six
51	inspected	200	imgs=13	hits=0	https://demo.tailadmin.com/chat
52	inspected	200	imgs=2	hits=0	https://demo.tailadmin.com/support-tickets
53	inspected	200	imgs=2	hits=0	https://demo.tailadmin.com/support-ticket-reply
54	inspected	200	imgs=2	hits=0	https://demo.tailadmin.com/inbox
55	inspected	200	imgs=3	hits=0	https://demo.tailadmin.com/inbox-details
56	inspected	200	imgs=2	hits=0	https://demo.tailadmin.com/line-chart
57	inspected	200	imgs=2	hits=0	https://demo.tailadmin.com/bar-chart
58	inspected	200	imgs=2	hits=0	https://demo.tailadmin.com/pie-chart
59	inspected	200	imgs=2	hits=0	https://demo.tailadmin.com/radar-chart
60	inspected	200	imgs=2	hits=0	https://demo.tailadmin.com/radial-chart
61	inspected	200	imgs=8	hits=0	https://demo.tailadmin.com/maps
62	inspected	200	imgs=2	hits=0	https://demo.tailadmin.com/vector-maps
63	inspected	200	imgs=2	hits=0	https://demo.tailadmin.com/alerts
64	inspected	200	imgs=20	hits=0	https://demo.tailadmin.com/avatars
65	inspected	200	imgs=2	hits=0	https://demo.tailadmin.com/badge
66	inspected	200	imgs=2	hits=0	https://demo.tailadmin.com/breadcrumb
67	inspected	200	imgs=2	hits=0	https://demo.tailadmin.com/buttons
68	inspected	200	imgs=2	hits=0	https://demo.tailadmin.com/buttons-group
69	inspected	200	imgs=7	hits=0	https://demo.tailadmin.com/cards
70	inspected	200	imgs=18	hits=4	https://demo.tailadmin.com/carousel
71	inspected	200	imgs=2	hits=0	https://demo.tailadmin.com/dropdowns
72	inspected	200	imgs=8	hits=0	https://demo.tailadmin.com/images
73	inspected	200	imgs=2	hits=0	https://demo.tailadmin.com/links
74	inspected	200	imgs=2	hits=0	https://demo.tailadmin.com/list
75	inspected	200	imgs=2	hits=0	https://demo.tailadmin.com/modals
76	inspected	200	imgs=2	hits=0	https://demo.tailadmin.com/notifications
77	inspected	200	imgs=2	hits=0	https://demo.tailadmin.com/pagination
78	inspected	200	imgs=2	hits=0	https://demo.tailadmin.com/popovers
79	inspected	200	imgs=2	hits=0	https://demo.tailadmin.com/progress-bar
80	inspected	200	imgs=2	hits=0	https://demo.tailadmin.com/ribbons
81	inspected	200	imgs=2	hits=0	https://demo.tailadmin.com/spinners
82	inspected	200	imgs=2	hits=0	https://demo.tailadmin.com/tabs
83	inspected	200	imgs=2	hits=0	https://demo.tailadmin.com/tooltips
84	inspected	200	imgs=2	hits=0	https://demo.tailadmin.com/videos
85	inspected	200	imgs=3	hits=0	https://demo.tailadmin.com/signin
86	inspected	200	imgs=3	hits=0	https://demo.tailadmin.com/signup
87	inspected	200	imgs=3	hits=0	https://demo.tailadmin.com/reset-password
88	inspected	200	imgs=3	hits=0	https://demo.tailadmin.com/two-step-verification
89	inspected	200	imgs=2	hits=0	https://demo.tailadmin.com/analytics
90	inspected	200	imgs=2	hits=0	https://demo.tailadmin.com/marketing
91	inspected	200	imgs=2	hits=0	https://demo.tailadmin.com/crm
92	inspected	200	imgs=2	hits=2	https://demo.tailadmin.com/stocks
93	inspected	200	imgs=2	hits=0	https://demo.tailadmin.com/saas
94	inspected	200	imgs=4	hits=0	https://demo.tailadmin.com/logistics
95	inspected	200	imgs=2	hits=0	https://demo.tailadmin.com/ai
96	inspected	200	imgs=7	hits=0	https://demo.tailadmin.com/sales
97	inspected	200	imgs=8	hits=5	https://demo.tailadmin.com/finance
98	inspected	200	imgs=2	hits=0	https://demo.tailadmin.com/text-generator
99	inspected	200	imgs=3	hits=0	https://demo.tailadmin.com/image-generator
100	inspected	200	imgs=2	hits=0	https://demo.tailadmin.com/code-generator
101	inspected	200	imgs=3	hits=0	https://demo.tailadmin.com/video-generator
102	inspected	200	imgs=2	hits=0	https://demo.tailadmin.com/ai-settings
103	inspected	200	imgs=9	hits=0	https://demo.tailadmin.com/products-list
104	inspected	200	imgs=2	hits=0	https://demo.tailadmin.com/add-product
105	inspected	200	imgs=2	hits=0	https://demo.tailadmin.com/billing
106	inspected	200	imgs=2	hits=0	https://demo.tailadmin.com/invoices
107	inspected	200	imgs=2	hits=0	https://demo.tailadmin.com/single-invoice
108	inspected	200	imgs=2	hits=0	https://demo.tailadmin.com/create-invoice
109	inspected	200	imgs=2	hits=0	https://demo.tailadmin.com/transactions
110	inspected	200	imgs=2	hits=0	https://demo.tailadmin.com/single-transaction
111	inspected	200	imgs=2	hits=0	https://demo.tailadmin.com/calendar
112	inspected	200	imgs=3	hits=0	https://demo.tailadmin.com/profile
113	inspected	200	imgs=2	hits=0	https://demo.tailadmin.com/task-list
114	inspected	200	imgs=3	hits=0	https://demo.tailadmin.com/task-kanban
115	inspected	200	imgs=2	hits=0	https://demo.tailadmin.com/form-elements
116	inspected	200	imgs=2	hits=0	https://demo.tailadmin.com/form-layout
117	inspected	200	imgs=7	hits=0	https://demo.tailadmin.com/basic-tables
118	inspected	200	imgs=2	hits=0	https://demo.tailadmin.com/data-tables
119	inspected	200	imgs=2	hits=0	https://demo.tailadmin.com/file-manager
120	inspected	200	imgs=2	hits=0	https://demo.tailadmin.com/pricing-tables
121	inspected	200	imgs=2	hits=0	https://demo.tailadmin.com/faq
122	inspected	200	imgs=2	hits=0	https://demo.tailadmin.com/api-keys
123	inspected	200	imgs=2	hits=0	https://demo.tailadmin.com/integrations
124	inspected	200	imgs=2	hits=0	https://demo.tailadmin.com/blank
125	inspected	200	imgs=3	hits=0	https://demo.tailadmin.com/coming-soon
126	inspected	200	imgs=2	hits=0	https://demo.tailadmin.com/layout-one
127	inspected	200	imgs=2	hits=0	https://demo.tailadmin.com/layout-two
128	inspected	200	imgs=0	hits=0	https://demo.tailadmin.com/layout-three
129	inspected	200	imgs=0	hits=0	https://demo.tailadmin.com/layout-four
130	inspected	200	imgs=0	hits=0	https://demo.tailadmin.com/layout-five
131	inspected	200	imgs=1	hits=0	https://demo.tailadmin.com/layout-six
132	inspected	200	imgs=13	hits=0	https://demo.tailadmin.com/chat
133	inspected	200	imgs=2	hits=0	https://demo.tailadmin.com/support-tickets
134	inspected	200	imgs=2	hits=0	https://demo.tailadmin.com/support-ticket-reply
135	inspected	200	imgs=2	hits=0	https://demo.tailadmin.com/inbox
136	inspected	200	imgs=3	hits=0	https://demo.tailadmin.com/inbox-details
137	inspected	200	imgs=2	hits=0	https://demo.tailadmin.com/line-chart
138	inspected	200	imgs=2	hits=0	https://demo.tailadmin.com/bar-chart
139	inspected	200	imgs=2	hits=0	https://demo.tailadmin.com/pie-chart
140	inspected	200	imgs=2	hits=0	https://demo.tailadmin.com/radar-chart
141	inspected	200	imgs=2	hits=0	https://demo.tailadmin.com/radial-chart
142	inspected	200	imgs=8	hits=0	https://demo.tailadmin.com/maps
143	inspected	200	imgs=2	hits=0	https://demo.tailadmin.com/vector-maps
144	inspected	200	imgs=2	hits=0	https://demo.tailadmin.com/alerts
145	inspected	200	imgs=20	hits=0	https://demo.tailadmin.com/avatars
146	inspected	200	imgs=2	hits=0	https://demo.tailadmin.com/badge
147	inspected	200	imgs=2	hits=0	https://demo.tailadmin.com/breadcrumb
148	inspected	200	imgs=2	hits=0	https://demo.tailadmin.com/buttons
149	inspected	200	imgs=2	hits=0	https://demo.tailadmin.com/buttons-group
150	inspected	200	imgs=7	hits=0	https://demo.tailadmin.com/cards
151	inspected	200	imgs=18	hits=4	https://demo.tailadmin.com/carousel
152	inspected	200	imgs=2	hits=0	https://demo.tailadmin.com/dropdowns
153	inspected	200	imgs=8	hits=0	https://demo.tailadmin.com/images
154	inspected	200	imgs=2	hits=0	https://demo.tailadmin.com/links
155	inspected	200	imgs=2	hits=0	https://demo.tailadmin.com/list
156	inspected	200	imgs=2	hits=0	https://demo.tailadmin.com/modals
157	inspected	200	imgs=2	hits=0	https://demo.tailadmin.com/notifications
158	inspected	200	imgs=2	hits=0	https://demo.tailadmin.com/pagination
159	inspected	200	imgs=2	hits=0	https://demo.tailadmin.com/popovers
160	inspected	200	imgs=2	hits=0	https://demo.tailadmin.com/progress-bar
161	inspected	200	imgs=2	hits=0	https://demo.tailadmin.com/ribbons
162	inspected	200	imgs=2	hits=0	https://demo.tailadmin.com/spinners
163	inspected	200	imgs=2	hits=0	https://demo.tailadmin.com/tabs
164	inspected	200	imgs=2	hits=0	https://demo.tailadmin.com/tooltips
165	inspected	200	imgs=2	hits=0	https://demo.tailadmin.com/videos
166	inspected	200	imgs=3	hits=0	https://demo.tailadmin.com/reset-password
167	inspected	200	imgs=3	hits=0	https://demo.tailadmin.com/two-step-verification
