1	inspected	200	imgs=40	hits=2	https://kamr-vite.vercel.app/dashboard
2	inspected	200	imgs=40	hits=2	https://kamr-vite.vercel.app/dashboard-dark
3	inspected	200	imgs=15	hits=0	https://kamr-vite.vercel.app/guest-list
4	inspected	200	imgs=23	hits=2	https://kamr-vite.vercel.app/guest-details
5	inspected	200	imgs=19	hits=0	https://kamr-vite.vercel.app/concierge
6	inspected	200	imgs=22	hits=0	https://kamr-vite.vercel.app/room
7	inspected	200	imgs=11	hits=0	https://kamr-vite.vercel.app/reviews
8	inspected	200	imgs=21	hits=0	https://kamr-vite.vercel.app/app-profile
9	inspected	200	imgs=19	hits=0	https://kamr-vite.vercel.app/post-details
10	inspected	200	imgs=7	hits=0	https://kamr-vite.vercel.app/email-compose
11	inspected	200	imgs=7	hits=0	https://kamr-vite.vercel.app/email-inbox
12	inspected	200	imgs=8	hits=0	https://kamr-vite.vercel.app/email-read
13	inspected	200	imgs=7	hits=0	https://kamr-vite.vercel.app/app-calender
14	inspected	200	imgs=15	hits=0	https://kamr-vite.vercel.app/ecom-product-grid
15	inspected	200	imgs=13	hits=0	https://kamr-vite.vercel.app/ecom-product-list
16	inspected	200	imgs=12	hits=0	https://kamr-vite.vercel.app/ecom-product-detail
17	inspected	200	imgs=7	hits=0	https://kamr-vite.vercel.app/ecom-product-order
18	inspected	200	imgs=7	hits=0	https://kamr-vite.vercel.app/ecom-checkout
19	inspected	200	imgs=10	hits=0	https://kamr-vite.vercel.app/ecom-invoice
20	inspected	200	imgs=7	hits=0	https://kamr-vite.vercel.app/ecom-customers
21	inspected	200	imgs=7	hits=0	https://kamr-vite.vercel.app/chart-rechart
22	inspected	200	imgs=7	hits=0	https://kamr-vite.vercel.app/chart-chartjs
23	inspected	200	imgs=7	hits=0	https://kamr-vite.vercel.app/chart-sparkline
24	inspected	200	imgs=7	hits=0	https://kamr-vite.vercel.app/chart-apexchart
25	inspected	200	imgs=7	hits=0	https://kamr-vite.vercel.app/ui-accordion
26	inspected	200	imgs=7	hits=0	https://kamr-vite.vercel.app/ui-alert
27	inspected	200	imgs=7	hits=0	https://kamr-vite.vercel.app/ui-badge
28	inspected	200	imgs=7	hits=0	https://kamr-vite.vercel.app/ui-button
29	inspected	200	imgs=7	hits=0	https://kamr-vite.vercel.app/ui-modal
30	inspected	200	imgs=7	hits=0	https://kamr-vite.vercel.app/ui-button-group
31	inspected	200	imgs=7	hits=0	https://kamr-vite.vercel.app/ui-list-group
32	inspected	200	imgs=10	hits=0	https://kamr-vite.vercel.app/ui-card
33	inspected	200	imgs=12	hits=6	https://kamr-vite.vercel.app/ui-carousel
34	inspected	200	imgs=7	hits=0	https://kamr-vite.vercel.app/ui-dropdown
35	inspected	200	imgs=7	hits=0	https://kamr-vite.vercel.app/ui-popover
36	inspected	200	imgs=7	hits=0	https://kamr-vite.vercel.app/ui-progressbar
37	inspected	200	imgs=7	hits=0	https://kamr-vite.vercel.app/ui-tab
38	inspected	200	imgs=7	hits=0	https://kamr-vite.vercel.app/ui-typography
39	inspected	200	imgs=7	hits=0	https://kamr-vite.vercel.app/ui-pagination
40	inspected	200	imgs=7	hits=0	https://kamr-vite.vercel.app/ui-grid
41	inspected	200	imgs=7	hits=0	https://kamr-vite.vercel.app/uc-select2
42	inspected	200	imgs=7	hits=0	https://kamr-vite.vercel.app/uc-sweetalert
43	inspected	200	imgs=7	hits=0	https://kamr-vite.vercel.app/uc-toastr
44	inspected	200	imgs=7	hits=0	https://kamr-vite.vercel.app/map-jqvmap
45	inspected	200	imgs=15	hits=0	https://kamr-vite.vercel.app/uc-lightgallery
46	inspected	200	imgs=7	hits=0	https://kamr-vite.vercel.app/todo
47	inspected	200	imgs=22	hits=0	https://kamr-vite.vercel.app/widget-basic
48	inspected	200	imgs=7	hits=0	https://kamr-vite.vercel.app/form-element
49	inspected	200	imgs=7	hits=0	https://kamr-vite.vercel.app/form-wizard
50	inspected	200	imgs=7	hits=0	https://kamr-vite.vercel.app/form-ckeditor
51	inspected	200	imgs=7	hits=0	https://kamr-vite.vercel.app/form-pickers
52	inspected	200	imgs=7	hits=0	https://kamr-vite.vercel.app/form-validation
53	inspected	200	imgs=7	hits=0	https://kamr-vite.vercel.app/table-filtering
54	inspected	200	imgs=7	hits=0	https://kamr-vite.vercel.app/table-sorting
55	inspected	200	imgs=7	hits=0	https://kamr-vite.vercel.app/table-bootstrap-basic
56	inspected	200	imgs=6	hits=0	https://kamr-vite.vercel.app/page-error-400
57	inspected	200	imgs=6	hits=0	https://kamr-vite.vercel.app/page-error-403
58	inspected	200	imgs=6	hits=0	https://kamr-vite.vercel.app/page-error-404
59	inspected	200	imgs=6	hits=0	https://kamr-vite.vercel.app/page-error-500
60	inspected	200	imgs=6	hits=0	https://kamr-vite.vercel.app/page-error-503
61	inspected	200	imgs=40	hits=2	https://kamr-vite.vercel.app/dashboard
62	inspected	200	imgs=6	hits=0	https://kamr-vite.vercel.app/ecom-product-list/ecom-product-detail
