🔍  check:design-tokens --scope=mantine — scanning 73 of 458 production src/**/*.{tsx,ts,css} files
    (§3.2 union: scripts/mantine-migration-scope.json ∪ src/design-system/mantine/** ∪ canonical Mantine stories)
    + 80 canonical Mantine stories for Tailwind dimension utilities
    (excludes globals.css, tests, non-Mantine stories, and allowlisted paths)

  ── SHARED  (2 findings) ──
  src/components/shared/LocationCombobox.tsx  (2)
    :144  [raw-dimension-prop:raw unit-bearing dimension/layout prop]  "mih="2.75rem""
    :151  [raw-dimension-prop:raw numeric dimension/layout prop]  "mt={4}"

  ── LAYOUT  (9 findings) ──
  src/components/layout/FooterView.tsx  (3)
    :70  [raw-dimension-prop:raw numeric dimension/layout prop]  "spacing={40}"
    :112  [raw-dimension-prop:raw numeric dimension/layout prop]  "mt={48}"
    :113  [raw-dimension-prop:raw numeric dimension/layout prop]  "pt={24}"
  src/components/layout/HeaderActions.tsx  (4)
    :31  [raw-dimension-prop:raw unit-bearing dimension/layout prop]  "mih="2.75rem""
    :32  [raw-dimension-prop:raw unit-bearing dimension/layout prop]  "miw="2.75rem""
    :40  [raw-dimension-prop:raw unit-bearing dimension/layout prop]  "mih="2.75rem""
    :41  [raw-dimension-prop:raw unit-bearing dimension/layout prop]  "miw="2.75rem""
  src/components/layout/HeaderView.tsx  (2)
    :178  [raw-dimension-prop:raw unit-bearing dimension/layout prop]  "mih="2.75rem""
    :179  [raw-dimension-prop:raw unit-bearing dimension/layout prop]  "miw="2.75rem""

  ── LISTING  (18 findings) ──
  src/modules/listings/components/FeaturedListingsView.tsx  (8)
    :19  [raw-dimension-prop:raw numeric dimension/layout prop]  "height={12}"
    :19  [raw-dimension-prop:raw numeric dimension/layout prop]  "width={80}"
    :20  [raw-dimension-prop:raw numeric dimension/layout prop]  "height={16}"
    :21  [raw-dimension-prop:raw numeric dimension/layout prop]  "height={16}"
    :22  [raw-dimension-prop:raw numeric dimension/layout prop]  "height={20}"
    :22  [raw-dimension-prop:raw numeric dimension/layout prop]  "width={128}"
    :23  [raw-dimension-prop:raw numeric dimension/layout prop]  "height={12}"
    :75  [raw-dimension-prop:raw unit-bearing dimension/layout prop]  "py="2rem""
  src/modules/listings/components/LatestListingsView.tsx  (7)
    :17  [raw-dimension-prop:raw numeric dimension/layout prop]  "height={12}"
    :17  [raw-dimension-prop:raw numeric dimension/layout prop]  "width={80}"
    :18  [raw-dimension-prop:raw numeric dimension/layout prop]  "height={16}"
    :19  [raw-dimension-prop:raw numeric dimension/layout prop]  "height={20}"
    :19  [raw-dimension-prop:raw numeric dimension/layout prop]  "width={112}"
    :20  [raw-dimension-prop:raw numeric dimension/layout prop]  "height={12}"
    :52  [raw-dimension-prop:raw unit-bearing dimension/layout prop]  "py="2rem""
  src/modules/listings/components/ListingsFilters.tsx  (1)
    :82  [raw-inline-dimension:raw inline style dimension]  "letterSpacing: '0.05em'"
  src/modules/listings/components/ListingsPageFrame.tsx  (1)
    :54  [raw-dimension-prop:raw numeric dimension/layout prop]  "separatorMargin={6}"
  src/modules/listings/components/ListingsSortBar.tsx  (1)
    :73  [raw-dimension-prop:raw numeric dimension/layout prop]  "gap={2}"

  ── MODULES  (1 finding) ──
  src/modules/locations/components/PopularLocationsView.tsx  (1)
    :93  [raw-dimension-prop:raw numeric dimension/layout prop]  "mb={2}"

  ── OTHER  (83 findings) ──
  src/design-system/mantine/patterns/MantineAdminSurfacePattern.tsx  (3)
    :67  [raw-inline-dimension:raw inline style dimension]  "width: 40"
    :84  [raw-inline-dimension:raw inline style dimension]  "width: 40"
    :104  [raw-inline-dimension:raw inline style dimension]  "width: 40"
  src/design-system/mantine/patterns/MantineAuthFormPattern.tsx  (2)
    :72  [raw-inline-dimension:raw inline style dimension]  "width: 40"
    :73  [raw-inline-dimension:raw inline style dimension]  "maxWidth: 400"
  src/design-system/mantine/patterns/MantineDataTableToCards.tsx  (2)
    :267  [raw-inline-dimension:raw inline style dimension]  "width: 40"
    :367  [raw-dimension-prop:raw unit-bearing dimension/layout prop]  "mih="2.75rem""
  src/design-system/mantine/patterns/MantineDialogDrawerPattern.tsx  (5)
    :51  [raw-inline-dimension:raw inline style dimension]  "width: 40"
    :84  [raw-inline-dimension:raw inline style dimension]  "paddingBottom: '0.5rem'"
    :89  [raw-inline-dimension:raw inline style dimension]  "width: '2.5rem'"
    :90  [raw-inline-dimension:raw inline style dimension]  "height: '0.25rem'"
    :91  [raw-inline-dimension:raw inline style dimension]  "borderRadius: '9999px'"
  src/design-system/mantine/patterns/MantineDropdownMenu.tsx  (1)
    :139  [raw-dimension-prop:raw unit-bearing dimension/layout prop]  "mih="2.75rem""
  src/design-system/mantine/patterns/MantineEmptyLoadingErrorState.tsx  (4)
    :39  [raw-inline-dimension:raw inline style dimension]  "minHeight: 200"
    :71  [raw-inline-dimension:raw inline style dimension]  "width: 40"
    :85  [raw-inline-dimension:raw inline style dimension]  "minHeight: 200"
    :109  [raw-inline-dimension:raw inline style dimension]  "width: 40"
  src/design-system/mantine/patterns/MantineFilterSection.tsx  (1)
    :42  [raw-inline-dimension:raw inline style dimension]  "letterSpacing: '0.05em'"
  src/design-system/mantine/patterns/MantineFormSectionStack.tsx  (3)
    :96  [raw-inline-dimension:raw inline style dimension]  "width: 40"
    :104  [raw-inline-dimension:raw inline style dimension]  "width: 40"
    :113  [raw-inline-dimension:raw inline style dimension]  "width: 40"
  src/design-system/mantine/patterns/MantineListingCardPattern.tsx  (18)
    :207  [raw-dimension-prop:raw numeric dimension/layout prop]  "gap={4}"
    :216  [raw-dimension-prop:raw numeric dimension/layout prop]  "gap={4}"
    :216  [raw-dimension-prop:raw numeric dimension/layout prop]  "mb={4}"
    :230  [raw-dimension-prop:raw unit-bearing dimension/layout prop]  "gap="0.125rem 0.75rem""
    :254  [raw-dimension-prop:raw numeric dimension/layout prop]  "mt={6}"
    :254  [raw-dimension-prop:raw unit-bearing dimension/layout prop]  "gap="0.25rem 0.75rem""
    :256  [raw-dimension-prop:raw numeric dimension/layout prop]  "gap={4}"
    :287  [raw-dimension-prop:raw numeric dimension/layout prop]  "mt={4}"
    :287  [raw-dimension-prop:raw unit-bearing dimension/layout prop]  "gap="0.25rem 0.5rem""
    :289  [raw-dimension-prop:raw numeric dimension/layout prop]  "gap={4}"
    :345  [raw-dimension-prop:raw numeric dimension/layout prop]  "gap={4}"
    :354  [raw-dimension-prop:raw numeric dimension/layout prop]  "gap={4}"
    :363  [raw-dimension-prop:raw numeric dimension/layout prop]  "gap={4}"
    :372  [raw-dimension-prop:raw numeric dimension/layout prop]  "gap={4}"
    :380  [raw-dimension-prop:raw numeric dimension/layout prop]  "gap={6}"
    :380  [raw-dimension-prop:raw numeric dimension/layout prop]  "mt={4}"
    :389  [raw-dimension-prop:raw numeric dimension/layout prop]  "mt={4}"
    :394  [raw-dimension-prop:raw numeric dimension/layout prop]  "gap={8}"
  src/design-system/mantine/patterns/MantineListingContactPattern.tsx  (4)
    :90  [raw-inline-dimension:raw inline style dimension]  "top: 80"
    :96  [raw-dimension-prop:raw numeric dimension/layout prop]  "gap={2}"
    :97  [raw-dimension-prop:raw numeric dimension/layout prop]  "gap={6}"
    :115  [raw-dimension-prop:raw numeric dimension/layout prop]  "gap={2}"
  src/design-system/mantine/patterns/MantineListingDetailPattern.tsx  (7)
    :135  [raw-dimension-prop:raw numeric dimension/layout prop]  "gap={4}"
    :142  [raw-dimension-prop:raw numeric dimension/layout prop]  "gap={4}"
    :148  [raw-dimension-prop:raw numeric dimension/layout prop]  "gap={4}"
    :164  [raw-dimension-prop:raw numeric dimension/layout prop]  "gap={2}"
    :165  [raw-dimension-prop:raw numeric dimension/layout prop]  "gap={4}"
    :186  [raw-inline-dimension:raw inline style dimension]  "lineHeight: 1.6"
    :202  [raw-dimension-prop:raw numeric dimension/layout prop]  "gap={2}"
  src/design-system/mantine/patterns/MantineNavigationMenu.tsx  (2)
    :83  [raw-dimension-prop:raw unit-bearing dimension/layout prop]  "mih="2.75rem""
    :161  [raw-dimension-prop:raw unit-bearing dimension/layout prop]  "mih="2.75rem""
  src/design-system/mantine/patterns/MantineNotificationPattern.tsx  (2)
    :95  [raw-inline-dimension:raw inline style dimension]  "fontSize: 10"
    :97  [raw-dimension-prop:raw numeric dimension/layout prop]  "gap={2}"
  src/design-system/mantine/patterns/MantinePageHeaderWithActions.tsx  (2)
    :42  [raw-dimension-prop:raw numeric dimension/layout prop]  "gap={4}"
    :65  [raw-inline-dimension:raw inline style dimension]  "width: 40"
  src/design-system/mantine/patterns/MantinePagination.tsx  (2)
    :293  [raw-inline-dimension:raw inline style dimension]  "left: -9999"
    :293  [raw-inline-dimension:raw inline style dimension]  "top: -9999"
  src/design-system/mantine/patterns/MantinePopover.tsx  (1)
    :145  [raw-inline-dimension:raw inline style dimension]  "width:100"
  src/design-system/mantine/patterns/MantineProgress.tsx  (1)
    :61  [raw-dimension-prop:raw numeric dimension/layout prop]  "gap={6}"
  src/design-system/mantine/patterns/MantineTooltip.tsx  (2)
    :93  [raw-dimension-prop:raw unit-bearing dimension/layout prop]  "maw="16.25rem""
    :101  [raw-dimension-prop:raw unit-bearing dimension/layout prop]  "px="0.875rem""
  src/design-system/mantine/patterns/MantineTwoColumnForm.tsx  (3)
    :96  [raw-inline-dimension:raw inline style dimension]  "width: 40"
    :104  [raw-inline-dimension:raw inline style dimension]  "width: 40"
    :113  [raw-inline-dimension:raw inline style dimension]  "width: 40"
  src/design-system/mantine/patterns/responsiveBottomSheet.tsx  (5)
    :51  [raw-inline-dimension:raw inline style dimension]  "width: 40"
    :70  [raw-inline-dimension:raw inline style dimension]  "paddingBottom: '0.5rem'"
    :75  [raw-inline-dimension:raw inline style dimension]  "width: '2.5rem'"
    :76  [raw-inline-dimension:raw inline style dimension]  "height: '0.25rem'"
    :77  [raw-inline-dimension:raw inline style dimension]  "borderRadius: '9999px'"
  src/stories/mantine/primitives/CountButton.stories.tsx  (2)
    :116  [tailwind-dimension-utility:Tailwind dimension utility in canonical Mantine story]  "className="h-4 w-4""
    :133  [tailwind-dimension-utility:Tailwind dimension utility in canonical Mantine story]  "className="h-4 w-4""
  src/stories/mantine/primitives/FilterControls.stories.tsx  (1)
    :161  [tailwind-dimension-utility:Tailwind dimension utility in canonical Mantine story]  "className="flex-col gap-1.5""
  src/stories/mantine/primitives/HeaderActions.stories.tsx  (1)
    :35  [tailwind-dimension-utility:Tailwind dimension utility in canonical Mantine story]  "className="size-5""
  src/stories/mantine/primitives/HeaderView.stories.tsx  (1)
    :44  [tailwind-dimension-utility:Tailwind dimension utility in canonical Mantine story]  "className="size-5""
  src/stories/patterns/mantine/HomepageListingGrids.stories.tsx  (2)
    :90  [tailwind-dimension-utility:Tailwind dimension utility in canonical Mantine story]  "className="container-wide mx-auto px-4 py-8""
    :129  [tailwind-dimension-utility:Tailwind dimension utility in canonical Mantine story]  "className="container-wide mx-auto px-4 py-8""
  src/stories/patterns/mantine/ListingCardPattern.stories.tsx  (6)
    :79  [tailwind-dimension-utility:Tailwind dimension utility in canonical Mantine story]  "className="h-8 w-8 text-muted-foreground""
    :94  [tailwind-dimension-utility:Tailwind dimension utility in canonical Mantine story]  "className="h-3.5 w-3.5""
    :95  [tailwind-dimension-utility:Tailwind dimension utility in canonical Mantine story]  "className="h-3.5 w-3.5""
    :96  [tailwind-dimension-utility:Tailwind dimension utility in canonical Mantine story]  "className="h-3.5 w-3.5""
    :97  [tailwind-dimension-utility:Tailwind dimension utility in canonical Mantine story]  "className="h-3.5 w-3.5""
    :126  [tailwind-dimension-utility:Tailwind dimension utility in canonical Mantine story]  "className="flex items-center justify-end gap-2 text-xs text-muted-foreground""

  ── CSS DECLARATION LITERALS — legacy report-only heading, always 0 since Task 715  (0 findings) ──
  (none found)
  715 flipped css-length/css-duration/css-zindex to blocking; they report above with every other category now. Docs: docs/design-system.md §23.6.b.

  Total: 113 raw style-value violation(s) | 0 stale-marker(s) | 0 missing-reason error(s) | 0 css-declaration literal(s) (report-only)
  By category (regular violations):
    raw-dimension-prop   65
    raw-inline-dimension 35
    tailwind-dimension-utility 13

❌  check:design-tokens STRICT — 113 raw style-value violation(s) + 0 stale-marker(s) found.
    Fix: replace raw values with design tokens from docs/design-system.md §22,
    or add a justified entry to scripts/design-tokens-allowlist.json (path-level),
    or add a same-line // design-tokens-allow: <value> — <reason> marker (exact-value).
    Docs: docs/design-system.md §22–23
EXIT=1
