🔍  check:design-tokens --scope=mantine — scanning 73 of 458 production src/**/*.{tsx,ts,css} files
    (§3.2 union: scripts/mantine-migration-scope.json ∪ src/design-system/mantine/** ∪ canonical Mantine stories)
    + 80 canonical Mantine stories for Tailwind dimension utilities
    (excludes globals.css, tests, non-Mantine stories, and allowlisted paths)

  ── SHARED  (1 finding) ──
  src/components/shared/LocationCombobox.tsx  (1)
    :151  [raw-dimension-prop:raw numeric dimension/layout prop]  "mt={4}"

  ── LAYOUT  (1 finding) ──
  src/components/layout/FooterView.tsx  (1)
    :70  [raw-dimension-prop:raw numeric dimension/layout prop]  "spacing={40}"

  ── LISTING  (16 findings) ──
  src/modules/listings/components/FeaturedListingsView.tsx  (7)
    :19  [raw-dimension-prop:raw numeric dimension/layout prop]  "height={12}"
    :19  [raw-dimension-prop:raw numeric dimension/layout prop]  "width={80}"
    :20  [raw-dimension-prop:raw numeric dimension/layout prop]  "height={16}"
    :21  [raw-dimension-prop:raw numeric dimension/layout prop]  "height={16}"
    :22  [raw-dimension-prop:raw numeric dimension/layout prop]  "height={20}"
    :22  [raw-dimension-prop:raw numeric dimension/layout prop]  "width={128}"
    :23  [raw-dimension-prop:raw numeric dimension/layout prop]  "height={12}"
  src/modules/listings/components/LatestListingsView.tsx  (6)
    :17  [raw-dimension-prop:raw numeric dimension/layout prop]  "height={12}"
    :17  [raw-dimension-prop:raw numeric dimension/layout prop]  "width={80}"
    :18  [raw-dimension-prop:raw numeric dimension/layout prop]  "height={16}"
    :19  [raw-dimension-prop:raw numeric dimension/layout prop]  "height={20}"
    :19  [raw-dimension-prop:raw numeric dimension/layout prop]  "width={112}"
    :20  [raw-dimension-prop:raw numeric dimension/layout prop]  "height={12}"
  src/modules/listings/components/ListingsFilters.tsx  (1)
    :82  [raw-inline-dimension:raw inline style dimension]  "letterSpacing: '0.05em'"
  src/modules/listings/components/ListingsPageFrame.tsx  (1)
    :54  [raw-dimension-prop:raw numeric dimension/layout prop]  "separatorMargin={6}"
  src/modules/listings/components/ListingsSortBar.tsx  (1)
    :73  [raw-dimension-prop:raw numeric dimension/layout prop]  "gap={2}"

  ── MODULES  (1 finding) ──
  src/modules/locations/components/PopularLocationsView.tsx  (1)
    :93  [raw-dimension-prop:raw numeric dimension/layout prop]  "mb={2}"

  ── OTHER  (42 findings) ──
  src/design-system/mantine/patterns/MantineAuthFormPattern.tsx  (1)
    :74  [raw-inline-dimension:raw inline style dimension]  "maxWidth: 400"
  src/design-system/mantine/patterns/MantineEmptyLoadingErrorState.tsx  (2)
    :39  [raw-inline-dimension:raw inline style dimension]  "minHeight: 200"
    :85  [raw-inline-dimension:raw inline style dimension]  "minHeight: 200"
  src/design-system/mantine/patterns/MantineFilterSection.tsx  (1)
    :42  [raw-inline-dimension:raw inline style dimension]  "letterSpacing: '0.05em'"
  src/design-system/mantine/patterns/MantineListingCardPattern.tsx  (18)
    :207  [raw-dimension-prop:raw numeric dimension/layout prop]  "gap={4}"
    :216  [raw-dimension-prop:raw numeric dimension/layout prop]  "gap={4}"
    :216  [raw-dimension-prop:raw numeric dimension/layout prop]  "mb={4}"
    :230  [raw-dimension-prop:raw unit-bearing dimension/layout prop]  "gap="0.125rem 0.75rem""
    :254  [raw-dimension-prop:raw numeric dimension/layout prop]  "mt={6}"
    :254  [raw-dimension-prop:raw unit-bearing dimension/layout prop]  "gap="0.25rem 0.75rem""
    :256  [raw-dimension-prop:raw numeric dimension/layout prop]  "gap={4}"
    :287  [raw-dimension-prop:raw numeric dimension/layout prop]  "mt={4}"
    :287  [raw-dimension-prop:raw unit-bearing dimension/layout prop]  "gap="0.25rem 0.5rem""
    :289  [raw-dimension-prop:raw numeric dimension/layout prop]  "gap={4}"
    :345  [raw-dimension-prop:raw numeric dimension/layout prop]  "gap={4}"
    :354  [raw-dimension-prop:raw numeric dimension/layout prop]  "gap={4}"
    :363  [raw-dimension-prop:raw numeric dimension/layout prop]  "gap={4}"
    :372  [raw-dimension-prop:raw numeric dimension/layout prop]  "gap={4}"
    :380  [raw-dimension-prop:raw numeric dimension/layout prop]  "gap={6}"
    :380  [raw-dimension-prop:raw numeric dimension/layout prop]  "mt={4}"
    :389  [raw-dimension-prop:raw numeric dimension/layout prop]  "mt={4}"
    :394  [raw-dimension-prop:raw numeric dimension/layout prop]  "gap={8}"
  src/design-system/mantine/patterns/MantineListingContactPattern.tsx  (4)
    :90  [raw-inline-dimension:raw inline style dimension]  "top: 80"
    :96  [raw-dimension-prop:raw numeric dimension/layout prop]  "gap={2}"
    :97  [raw-dimension-prop:raw numeric dimension/layout prop]  "gap={6}"
    :115  [raw-dimension-prop:raw numeric dimension/layout prop]  "gap={2}"
  src/design-system/mantine/patterns/MantineListingDetailPattern.tsx  (7)
    :135  [raw-dimension-prop:raw numeric dimension/layout prop]  "gap={4}"
    :142  [raw-dimension-prop:raw numeric dimension/layout prop]  "gap={4}"
    :148  [raw-dimension-prop:raw numeric dimension/layout prop]  "gap={4}"
    :164  [raw-dimension-prop:raw numeric dimension/layout prop]  "gap={2}"
    :165  [raw-dimension-prop:raw numeric dimension/layout prop]  "gap={4}"
    :186  [raw-inline-dimension:raw inline style dimension]  "lineHeight: 1.6"
    :202  [raw-dimension-prop:raw numeric dimension/layout prop]  "gap={2}"
  src/design-system/mantine/patterns/MantineNotificationPattern.tsx  (2)
    :95  [raw-inline-dimension:raw inline style dimension]  "fontSize: 10"
    :97  [raw-dimension-prop:raw numeric dimension/layout prop]  "gap={2}"
  src/design-system/mantine/patterns/MantinePageHeaderWithActions.tsx  (1)
    :43  [raw-dimension-prop:raw numeric dimension/layout prop]  "gap={4}"
  src/design-system/mantine/patterns/MantinePagination.tsx  (2)
    :293  [raw-inline-dimension:raw inline style dimension]  "left: -9999"
    :293  [raw-inline-dimension:raw inline style dimension]  "top: -9999"
  src/design-system/mantine/patterns/MantineProgress.tsx  (1)
    :61  [raw-dimension-prop:raw numeric dimension/layout prop]  "gap={6}"
  src/design-system/mantine/patterns/MantineTooltip.tsx  (2)
    :93  [raw-dimension-prop:raw unit-bearing dimension/layout prop]  "maw="16.25rem""
    :101  [raw-dimension-prop:raw unit-bearing dimension/layout prop]  "px="0.875rem""
  src/stories/mantine/primitives/FilterControls.stories.tsx  (1)
    :161  [tailwind-dimension-utility:Tailwind dimension utility in canonical Mantine story]  "className="flex-col gap-1.5""

  ── CSS DECLARATION LITERALS — legacy report-only heading, always 0 since Task 715  (0 findings) ──
  (none found)
  715 flipped css-length/css-duration/css-zindex to blocking; they report above with every other category now. Docs: docs/design-system.md §23.6.b.

  Total: 61 raw style-value violation(s) | 0 stale-marker(s) | 0 missing-reason error(s) | 0 css-declaration literal(s) (report-only)
  By category (regular violations):
    raw-dimension-prop   50
    raw-inline-dimension 10
    tailwind-dimension-utility 1

❌  check:design-tokens STRICT — 61 raw style-value violation(s) + 0 stale-marker(s) found.
    Fix: replace raw values with design tokens from docs/design-system.md §22,
    or add a justified entry to scripts/design-tokens-allowlist.json (path-level),
    or add a same-line // design-tokens-allow: <value> — <reason> marker (exact-value).
    Docs: docs/design-system.md §22–23
EXIT=1
