 M .github/workflows/governance-pr.yml
 M docs/backlog.md
 M docs/critical-flow-registry.md
 M docs/mantine-responsive-design-system.md
 M package.json
 M scripts/check-hydration-console.mjs
 M src/design-system/mantine/patterns/MantineAuthFormPattern.tsx
 M src/design-system/mantine/patterns/MantineListingDetailPattern.tsx
 M src/design-system/mantine/patterns/MantinePageHeaderWithActions.tsx
 M src/design-system/mantine/patterns/MantineTwoColumnForm.tsx
 M src/design-system/mantine/typography.ts
 M src/modules/auth/components/ResetPasswordView.tsx
 M src/modules/cms/components/CmsPageView.tsx
 M src/modules/listings/components/ListingDetailView.tsx
 M src/modules/listings/components/RecentlyViewedGridView.tsx
 M src/modules/listings/components/RecentlyViewedSection.tsx
 M src/modules/listings/components/SimilarListingsView.tsx
 M src/stories/mantine/primitives/SimilarListingsView.stories.tsx
?? docs/sessions/2026-09-30-task888-hydration-admin-routes.md
?? docs/sessions/evidence/task886/
?? docs/sessions/evidence/task888/
?? scripts/check-type-responsive.mjs
?? scripts/type-responsive-baseline.json
