 .github/workflows/governance-pr.yml                |   6 +
 docs/mantine-responsive-design-system.md           |   2 +-
 messages/en.json                                   |   2 +
 messages/it.json                                   |   2 +
 messages/sq.json                                   |   2 +
 messages/uk.json                                   |   2 +
 package.json                                       |   2 +
 scripts/mantine-migration-scope.json               |   1 +
 .../mantine/patterns/GalleryThumbnailButton.tsx    |   6 +-
 .../mantine/patterns/MantineAuthFormPattern.tsx    |   3 +-
 .../patterns/MantineListingCardPattern.module.css  |  76 ++++------
 .../mantine/patterns/MantineListingCardPattern.tsx |  29 ++--
 .../patterns/MantineListingCardTrack.module.css    |   6 +-
 .../patterns/MantineListingContactPattern.tsx      |  65 ++++-----
 .../patterns/MantineListingDetailPattern.tsx       |  13 +-
 .../patterns/MantineListingGalleryPattern.tsx      |  10 +-
 .../patterns/MantinePageHeaderWithActions.tsx      |   3 +-
 .../mantine/patterns/MantineTwoColumnForm.tsx      |   3 +-
 .../MantineListingCardPattern.smoke.test.tsx       |  35 -----
 src/design-system/mantine/theme.ts                 |  23 ++-
 src/design-system/mantine/typography.ts            |  26 ++++
 src/design-system/media/AppImage.tsx               |  27 +++-
 src/design-system/media/appImageConfig.ts          |  30 +++-
 src/modules/auth/components/ResetPasswordView.tsx  |   7 +-
 .../statistics/components/AgentStatisticsView.tsx  |  10 +-
 src/modules/cms/components/CmsPageView.tsx         |   3 +-
 src/modules/listings/components/FavoritesShell.tsx |   2 -
 .../listings/components/LightboxView.module.css    |   9 +-
 src/modules/listings/components/LightboxView.tsx   |  62 +++++----
 .../listings/components/ListingCard.module.css     |  49 -------
 src/modules/listings/components/ListingCard.tsx    |  44 ++----
 src/modules/listings/components/ListingContact.tsx |   4 +-
 .../listings/components/ListingDetailView.tsx      |  16 ++-
 .../listings/components/RecentlyViewedGridView.tsx |   5 +-
 .../listings/components/RecentlyViewedSection.tsx  |  36 -----
 .../components/SaveToCollectionButton.module.css   |  37 -----
 .../listings/components/SaveToCollectionButton.tsx |  87 +++---------
 .../listings/components/SimilarListingsView.tsx    |   3 +-
 .../__tests__/ListingCard.smoke.test.tsx           |  81 +++++------
 .../__tests__/ListingGallery.portal.smoke.test.tsx |  36 +++++
 .../mantine/primitives/AppImage.stories.tsx        | 155 ++++++++++++++-------
 .../primitives/GalleryThumbnailButton.stories.tsx  |  10 ++
 .../mantine/primitives/LightboxView.stories.tsx    |   7 +-
 .../mantine/primitives/ListingCard.stories.tsx     |  28 +---
 .../primitives/SaveToCollectionButton.stories.tsx  |   6 +-
 .../primitives/SimilarListingsView.stories.tsx     |  10 ++
 .../patterns/mantine/AuthFormPattern.stories.tsx   |  46 +++---
 .../mantine/HomepageListingGrids.stories.tsx       |  15 +-
 .../mantine/ListingCardPattern.stories.tsx         | 102 +++++---------
 .../patterns/mantine/ListingCardTrack.stories.tsx  |  30 +++-
 .../mantine/ListingContactPattern.stories.tsx      |  19 ++-
 .../mantine/ListingDetailPattern.stories.tsx       |  79 ++++++-----
 .../patterns/mantine/ListingDetailView.stories.tsx |   7 +-
 .../mantine/ListingGalleryPattern.stories.tsx      |   5 +-
 .../patterns/mantine/ListingsShellView.stories.tsx |   6 +-
 .../mantine/PageHeaderWithActions.stories.tsx      |   7 +-
 .../patterns/mantine/ResetPasswordView.stories.tsx |  29 ++--
 .../patterns/mantine/TwoColumnForm.stories.tsx     |   7 +-
 58 files changed, 669 insertions(+), 764 deletions(-)
