0f061745edd284d1d4114ec58aad797416644edf  .github/workflows/governance-pr.yml
077d58bf99ecff688e47d477c85e161d686bc968  docs/mantine-responsive-design-system.md
0eacda0cb74f1f1835786d6087a13332b2340720  messages/en.json
918d107f49a75e7325bd699ae12e32ad9b3434d1  messages/it.json
f77701e300ab138686967b22a1c4818dfeeddcb7  messages/sq.json
741bae5d4e2ae7beccd6d0dab982e2fbcd1fb7a5  messages/uk.json
ba2b4461732fc82a0fa130d1803020a943da62dc  package.json
2072e31c818ecf6f27b47f5e0f5a7d39fe36a60a  scripts/mantine-migration-scope.json
db14e9788ca8d18bd4d249cc46a0c85738cd8b42  src/design-system/mantine/patterns/GalleryThumbnailButton.tsx
e47cef761dfb8f4c32a99e477ddea66f8be4c9b7  src/design-system/mantine/patterns/MantineAuthFormPattern.tsx
483cec3fc74c19e84b44c98ac5c8fc0a7170e0b0  src/design-system/mantine/patterns/MantineListingCardPattern.module.css
2263b1ba227b5495a1cabeb0e0b5dfa8d2716634  src/design-system/mantine/patterns/MantineListingCardPattern.tsx
57ad845051ff38262e228e0c91c75cc628ceb8b5  src/design-system/mantine/patterns/MantineListingCardTrack.module.css
cb418386cafbc00aac8cd64d30c5f396314843fb  src/design-system/mantine/patterns/MantineListingContactPattern.tsx
ea368ac889e28eca6a420515d3253c154f5ddb64  src/design-system/mantine/patterns/MantineListingDetailPattern.tsx
7b2841b0e8c2f0fecd60f1d96c697c95833397c2  src/design-system/mantine/patterns/MantineListingGalleryPattern.tsx
156e181cb7470b4577c6263895732b7125325521  src/design-system/mantine/patterns/MantinePageHeaderWithActions.tsx
3216b2d29ff2710a313d9e9637cc93f8f864060b  src/design-system/mantine/patterns/MantineTwoColumnForm.tsx
32d23c4fffcbbdc844bd944e346ffc530ed742cd  src/design-system/mantine/patterns/__tests__/MantineListingCardPattern.smoke.test.tsx
3e1f054284ea4bf3f522309c44eb81039b6e2add  src/design-system/mantine/theme.ts
5a92d6fe24c0f19af09cf8c53cba1765c276585f  src/design-system/mantine/typography.ts
217779a066d2ab2557c68f4a98965e5d40f5f78a  src/design-system/media/AppImage.tsx
35cc2166eacab0b66d6ca0ef12634afd1202e443  src/design-system/media/appImageConfig.ts
83b658649061ac9a9f78a5c5087493b0f807d891  src/modules/auth/components/ResetPasswordView.tsx
78bb7e9334f96b6043827ece316561a3b6d68984  src/modules/cabinet/statistics/components/AgentStatisticsView.tsx
f38169c4f2b68be277b38382c8f676de607fbd74  src/modules/cms/components/CmsPageView.tsx
0a0747e6cfcbb7ae4fdfe58f31edc18c66db6ae1  src/modules/listings/components/FavoritesShell.tsx
d65dd1767c34f903e9989d83dbb43c3bec630af9  src/modules/listings/components/LightboxView.module.css
2de2063d4935abfe85328bf05dee389b94d3922d  src/modules/listings/components/LightboxView.tsx
6d10161d93780f7a84df5bf55c00fb444af13829  src/modules/listings/components/ListingCard.module.css
d58d07b20e6e27a3bf39271382a57a3401c8e6db  src/modules/listings/components/ListingCard.tsx
055561d9512565019dbbd82669f167f4909be2e8  src/modules/listings/components/ListingContact.tsx
5ee5ed0876da0fa99f1efaab111c653f5965e52f  src/modules/listings/components/ListingDetailView.tsx
70f51cd8520af9618b59d05ee93a60bc44334885  src/modules/listings/components/RecentlyViewedGridView.tsx
b28753416e23cbd8587e2ed16207c55fc08f4993  src/modules/listings/components/RecentlyViewedSection.tsx
DELETED  src/modules/listings/components/SaveToCollectionButton.module.css (exists: False)
acc9e65de031e08c1e18677cc901daa08f927bbd  src/modules/listings/components/SaveToCollectionButton.tsx
ba08a360ea9067b53a2469cc454af94cbbf0f10c  src/modules/listings/components/SimilarListingsView.tsx
c408127bffd283835999d2131b3f626d7e2662ce  src/modules/listings/components/__tests__/ListingCard.smoke.test.tsx
af68a1aff0cc1395132f01b72eaf06cd8e0bc315  src/modules/listings/components/__tests__/ListingGallery.portal.smoke.test.tsx
04172484056d036135a0c856bc1f6f65a3777fa8  src/stories/mantine/primitives/AppImage.stories.tsx
2e19ee4cc389ff592b0aa323b301d5d1b3409fa0  src/stories/mantine/primitives/GalleryThumbnailButton.stories.tsx
a406af4149488c08ddc128071f1d8a814586f2cc  src/stories/mantine/primitives/LightboxView.stories.tsx
0a2798fd420d3a9caa8c844dfd7bd96cd4878576  src/stories/mantine/primitives/ListingCard.stories.tsx
45d3bcc9110b8b50d6a231e9aa7ae5bd21f94bb4  src/stories/mantine/primitives/SaveToCollectionButton.stories.tsx
f7664e580028c460a0c46c5c08ded841eef37c62  src/stories/mantine/primitives/SimilarListingsView.stories.tsx
9a3bd0c642bf81e70983c76a754a039297180747  src/stories/patterns/mantine/AuthFormPattern.stories.tsx
313bc7db52d1550d6a4cefec02cb042ffbf18f52  src/stories/patterns/mantine/HomepageListingGrids.stories.tsx
a31351e97828e2e4afb1801d5a39e433c3e74a43  src/stories/patterns/mantine/ListingCardPattern.stories.tsx
12777d547206cb8ed310ea444c2aa720b37d00c7  src/stories/patterns/mantine/ListingCardTrack.stories.tsx
c068f3d8ba5378cf2606aeba8e116aa7bd52e0f3  src/stories/patterns/mantine/ListingContactPattern.stories.tsx
5e1871051ccb504965fe6c6bccd6e2a2022ddbe2  src/stories/patterns/mantine/ListingDetailPattern.stories.tsx
5756d83a4d4fe538964a419da7e7bd7b09f33140  src/stories/patterns/mantine/ListingDetailView.stories.tsx
09bda94621ed15a51065a4dbf5ff8f34d076e0a5  src/stories/patterns/mantine/ListingGalleryPattern.stories.tsx
851be797fe136d2e4adf29eaf58ab16c14dd63ac  src/stories/patterns/mantine/ListingsShellView.stories.tsx
d29ae68c30e7b67e074b718c5185bd754d6bf452  src/stories/patterns/mantine/PageHeaderWithActions.stories.tsx
14809fd64f43d97bc940177e3a30da4ecf5c0e48  src/stories/patterns/mantine/ResetPasswordView.stories.tsx
4f6d0dd59f3dc1cb8ba306d7801803e529a1194b  src/stories/patterns/mantine/TwoColumnForm.stories.tsx
959e73ab5200d35bce8908a163a2af2389ea09b4  scripts/check-type-responsive.mjs
c08a1d6f7326aa6c7556193e1278e1690a5df0b1  scripts/type-responsive-baseline.json
94a4be6f8a916f359fba3ebf8f189004d77fb658  src/design-system/media/MediaPlaceholder.tsx
c3433d704eb1fa400f2a524e677abc3378d059d3  src/modules/listings/components/__tests__/ListingDetailView.favorite.test.tsx
