 .github/workflows/governance-pr.yml                |  6 +++
 docs/mantine-responsive-design-system.md           |  2 +-
 package.json                                       |  2 +
 .../mantine/patterns/MantineAuthFormPattern.tsx    |  3 +-
 .../patterns/MantineListingDetailPattern.tsx       |  7 +--
 .../patterns/MantinePageHeaderWithActions.tsx      |  3 +-
 .../mantine/patterns/MantineTwoColumnForm.tsx      |  3 +-
 src/design-system/mantine/typography.ts            | 26 +++++++++++
 src/modules/auth/components/ResetPasswordView.tsx  |  7 +--
 src/modules/cms/components/CmsPageView.tsx         |  3 +-
 .../listings/components/ListingDetailView.tsx      |  9 ++--
 .../listings/components/RecentlyViewedGridView.tsx |  5 +-
 .../listings/components/RecentlyViewedSection.tsx  | 36 ---------------
 .../listings/components/SimilarListingsView.tsx    |  3 +-
 .../primitives/SimilarListingsView.stories.tsx     | 10 ++++
 .../patterns/mantine/AuthFormPattern.stories.tsx   | 46 ++++++++++--------
 .../mantine/ListingDetailPattern.stories.tsx       | 54 +++++++++++-----------
 .../mantine/PageHeaderWithActions.stories.tsx      |  7 ++-
 .../patterns/mantine/ResetPasswordView.stories.tsx | 29 ++++++------
 .../patterns/mantine/TwoColumnForm.stories.tsx     |  7 ++-
 ..._Task_886_Responsive_Heading_Scale_Site_Wide.md | 35 +++++++++++++-
 21 files changed, 187 insertions(+), 116 deletions(-)
