 .github/workflows/governance-pr.yml                |   6 +
 docs/backlog-archive.md                            |   1 +
 docs/backlog.md                                    |   4 +-
 docs/critical-flow-registry.md                     |   2 +-
 docs/mantine-responsive-design-system.md           |   2 +-
 package.json                                       |   2 +
 scripts/check-hydration-console.mjs                |  79 ++++-
 .../mantine/patterns/MantineAuthFormPattern.tsx    |   3 +-
 .../mantine/patterns/MantineDashboardStatCard.tsx  |   3 +-
 .../patterns/MantineListingDetailPattern.tsx       |   7 +-
 .../patterns/MantinePageHeaderWithActions.tsx      |   3 +-
 .../mantine/patterns/MantineTwoColumnForm.tsx      |   3 +-
 src/design-system/mantine/typography.ts            |  26 ++
 src/modules/auth/components/ResetPasswordView.tsx  |   7 +-
 src/modules/cms/components/CmsPageView.tsx         |   3 +-
 .../listings/components/ListingDetailView.tsx      |   9 +-
 .../listings/components/RecentlyViewedGridView.tsx |   5 +-
 .../listings/components/RecentlyViewedSection.tsx  |  36 --
 .../listings/components/SimilarListingsView.tsx    |   3 +-
 .../primitives/SimilarListingsView.stories.tsx     |  10 +
 .../patterns/mantine/AuthFormPattern.stories.tsx   |  46 +--
 .../mantine/ListingDetailPattern.stories.tsx       |  54 +--
 .../mantine/PageHeaderWithActions.stories.tsx      |   7 +-
 .../patterns/mantine/TwoColumnForm.stories.tsx     |   7 +-
 ...in_And_Agent_Dashboards_On_Canonical_Mantine.md |  10 +-
 ...88_Hydration_Gate_Measures_Real_Admin_Routes.md | 370 ---------------------
 26 files changed, 217 insertions(+), 491 deletions(-)
