5a92d6fe24c0f19af09cf8c53cba1765c276585f  src/design-system/mantine/typography.ts
e47cef761dfb8f4c32a99e477ddea66f8be4c9b7  src/design-system/mantine/patterns/MantineAuthFormPattern.tsx
b213f3e4e28c3eec3315135ea2c2caea677b66f1  src/design-system/mantine/patterns/MantineListingDetailPattern.tsx
156e181cb7470b4577c6263895732b7125325521  src/design-system/mantine/patterns/MantinePageHeaderWithActions.tsx
3216b2d29ff2710a313d9e9637cc93f8f864060b  src/design-system/mantine/patterns/MantineTwoColumnForm.tsx
2437603de9633eeb0161a1751479667a42c26562  src/design-system/mantine/patterns/MantineDashboardStatCard.tsx
83b658649061ac9a9f78a5c5087493b0f807d891  src/modules/auth/components/ResetPasswordView.tsx
f38169c4f2b68be277b38382c8f676de607fbd74  src/modules/cms/components/CmsPageView.tsx
ffef038dbbd8b0ef63b3105cf959dfeda2907f81  src/modules/listings/components/ListingDetailView.tsx
70f51cd8520af9618b59d05ee93a60bc44334885  src/modules/listings/components/RecentlyViewedGridView.tsx
b28753416e23cbd8587e2ed16207c55fc08f4993  src/modules/listings/components/RecentlyViewedSection.tsx
ba08a360ea9067b53a2469cc454af94cbbf0f10c  src/modules/listings/components/SimilarListingsView.tsx
f7664e580028c460a0c46c5c08ded841eef37c62  src/stories/mantine/primitives/SimilarListingsView.stories.tsx
9a3bd0c642bf81e70983c76a754a039297180747  src/stories/patterns/mantine/AuthFormPattern.stories.tsx
d29ae68c30e7b67e074b718c5185bd754d6bf452  src/stories/patterns/mantine/PageHeaderWithActions.stories.tsx
4f6d0dd59f3dc1cb8ba306d7801803e529a1194b  src/stories/patterns/mantine/TwoColumnForm.stories.tsx
c2c5d744d34e0c7c1f52b786bf7f4d6804c20d72  src/stories/patterns/mantine/ListingDetailPattern.stories.tsx
959e73ab5200d35bce8908a163a2af2389ea09b4  scripts/check-type-responsive.mjs
c08a1d6f7326aa6c7556193e1278e1690a5df0b1  scripts/type-responsive-baseline.json
ba2b4461732fc82a0fa130d1803020a943da62dc  package.json
0f061745edd284d1d4114ec58aad797416644edf  .github/workflows/governance-pr.yml
077d58bf99ecff688e47d477c85e161d686bc968  docs/mantine-responsive-design-system.md
