R15 A/B - /en/auth/login, fresh Playwright context, networkidle + 2s, every console message recorded in full.

=== Arm X: current tree (886 MantineAuthFormPattern.tsx, hash e47cef76...) — 9 console message(s) ===
[log] [Client Instrumentation Hook] Slow execution detected: 21ms (Note: Code download overhead is not included in this measurement)
---
[info] %cDownload the React DevTools for a better development experience: https://react.dev/link/react-devtools font-weight:bold
---
[log] %c[PERF] Initial tier: high color:#22c55e;font-weight:bold (source: hardware — 20 cores, 32GB memory, 1280px viewport)
---
[log] [Fast Refresh] rebuilding
---
[log] %c[Vercel Web Analytics]%c Debug mode is enabled by default in development. No requests will be sent to the server. color: rgb(120, 120, 120) color: inherit
---
[log] %c[Vercel Web Analytics]%c Running queued event color: rgb(120, 120, 120) color: inherit pageview {route: /[locale]/auth/login, path: /en/auth/login}
---
[log] %c[Vercel Web Analytics]%c [view] http://localhost:3000/en/auth/login color: rgb(120, 120, 120) color: inherit {o: http://localhost:3000/en/auth/login, sv: 0.1.3, sdkn: @vercel/analytics/next, sdkv: 2.0.1, ts: 1790775414790} /_vercel/insights/view
---
[log] %c[Vercel Speed Insights]%c Debug mode is enabled by default in development. No requests will be sent to the server. color: rgb(120, 120, 120) color: inherit
---
[log] [Fast Refresh] done in 242ms

=== Arm Y: HEAD content of MantineAuthFormPattern.tsx (hash 9e65abeb...) — 7 console message(s) ===
[log] [Client Instrumentation Hook] Slow execution detected: 24ms (Note: Code download overhead is not included in this measurement)
---
[info] %cDownload the React DevTools for a better development experience: https://react.dev/link/react-devtools font-weight:bold
---
[log] %c[PERF] Initial tier: high color:#22c55e;font-weight:bold (source: hardware — 20 cores, 32GB memory, 1280px viewport)
---
[log] %c[Vercel Web Analytics]%c Debug mode is enabled by default in development. No requests will be sent to the server. color: rgb(120, 120, 120) color: inherit
---
[log] %c[Vercel Web Analytics]%c Running queued event color: rgb(120, 120, 120) color: inherit pageview {route: /[locale]/auth/login, path: /en/auth/login}
---
[log] %c[Vercel Web Analytics]%c [view] http://localhost:3000/en/auth/login color: rgb(120, 120, 120) color: inherit {o: http://localhost:3000/en/auth/login, sv: 0.1.3, sdkn: @vercel/analytics/next, sdkv: 2.0.1, ts: 1790775430662} /_vercel/insights/view
---
[log] %c[Vercel Speed Insights]%c Debug mode is enabled by default in development. No requests will be sent to the server. color: rgb(120, 120, 120) color: inherit

restore hash: e47cef761dfb8f4c32a99e477ddea66f8be4c9b7 (I0-R value e47cef761dfb8f4c32a99e477ddea66f8be4c9b7) equal: True
