 .github/workflows/governance-pr.yml                |  6 ++
 docs/mantine-responsive-design-system.md           |  2 +-
 package.json                                       |  2 +
 scripts/mantine-migration-scope.json               |  1 +
 .../mantine/patterns/MantineAuthFormPattern.tsx    |  3 +-
 .../patterns/MantineListingContactPattern.tsx      | 65 ++++++---------
 .../patterns/MantineListingDetailPattern.tsx       | 13 +--
 .../patterns/MantinePageHeaderWithActions.tsx      |  3 +-
 .../mantine/patterns/MantineTwoColumnForm.tsx      |  3 +-
 src/design-system/mantine/typography.ts            | 26 ++++++
 src/design-system/media/AppImage.tsx               | 27 ++++--
 src/design-system/media/appImageConfig.ts          | 27 ++++++
 src/modules/auth/components/ResetPasswordView.tsx  |  7 +-
 .../statistics/components/AgentStatisticsView.tsx  | 10 +--
 src/modules/cms/components/CmsPageView.tsx         |  3 +-
 .../listings/components/ListingCard.module.css     | 14 ----
 src/modules/listings/components/ListingCard.tsx    | 23 ++---
 src/modules/listings/components/ListingContact.tsx |  2 +-
 .../listings/components/ListingDetailView.tsx      |  9 +-
 .../listings/components/RecentlyViewedGridView.tsx |  5 +-
 .../listings/components/RecentlyViewedSection.tsx  | 36 --------
 .../listings/components/SaveToCollectionButton.tsx | 38 +++------
 .../listings/components/SimilarListingsView.tsx    |  3 +-
 .../__tests__/ListingCard.smoke.test.tsx           | 15 ++--
 .../mantine/primitives/AppImage.stories.tsx        | 97 ++++++++++++++++++++--
 .../primitives/SimilarListingsView.stories.tsx     | 10 +++
 .../patterns/mantine/AuthFormPattern.stories.tsx   | 46 +++++-----
 .../mantine/HomepageListingGrids.stories.tsx       | 15 ++--
 .../mantine/ListingCardPattern.stories.tsx         | 33 +++-----
 .../patterns/mantine/ListingCardTrack.stories.tsx  | 30 +++++--
 .../mantine/ListingContactPattern.stories.tsx      | 19 ++++-
 .../mantine/ListingDetailPattern.stories.tsx       | 75 +++++++++--------
 .../mantine/ListingGalleryPattern.stories.tsx      |  5 +-
 .../patterns/mantine/ListingsShellView.stories.tsx |  6 +-
 .../mantine/PageHeaderWithActions.stories.tsx      |  7 +-
 .../patterns/mantine/ResetPasswordView.stories.tsx | 29 ++++---
 .../patterns/mantine/TwoColumnForm.stories.tsx     |  7 +-
 37 files changed, 422 insertions(+), 300 deletions(-)
